#
# A fatal error has been detected by the Java Runtime Environment:
#
#  SIGSEGV (0xb) at pc=0x0000761d28fef706, pid=2556, tid=2558
#
# JRE version: Java(TM) SE Runtime Environment (21.0.8+12) (build 21.0.8+12-LTS-250)
# Java VM: Java HotSpot(TM) 64-Bit Server VM (21.0.8+12-LTS-250, mixed mode, sharing, tiered, compressed oops, compressed class ptrs, g1 gc, linux-amd64)
# Problematic frame:
# V  [libjvm.so+0x7ef706]  G1ParScanThreadState::trim_queue_to_threshold(unsigned int)+0x1596
#
# Core dump will be written. Default location: Core dumps may be processed with "/usr/lib/systemd/systemd-coredump %P %u %g %s %t 9223372036854775808 %h" (or dumping to /home/johncarlo/Desktop/students_system/core.2556)
#
# If you would like to submit a bug report, please visit:
#   https://bugreport.java.com/bugreport/crash.jsp
#

---------------  S U M M A R Y ------------

Command Line: -Dapplication.home=/usr/lib/jvm/jdk-21.0.8-oracle-x64 --add-modules=ALL-DEFAULT -Xms8m -Djdk.module.main=jdk.compiler jdk.compiler/com.sun.tools.javac.Main -cp .:/home/johncarlo/jdbc/sql_driver/mysql-connector-j-9.6.0.jar Admin.java

Host: Intel(R) Core(TM)2 Duo CPU     E7500  @ 2.93GHz, 4 cores, 1G, Linux Mint 22.1 Xia
Time: Wed Apr  1 20:56:44 2026 PST elapsed time: 1.434315 seconds (0d 0h 0m 1s)

---------------  T H R E A D  ---------------

Current thread (0x0000761d24053d80):  WorkerThread "GC Thread#0"    [id=2558, stack(0x0000761d2803e000,0x0000761d2813e000) (1024K)]

Stack: [0x0000761d2803e000,0x0000761d2813e000],  sp=0x0000761d2813ca00,  free space=1018k
Native frames: (J=compiled Java code, j=interpreted, Vv=VM code, C=native code)
V  [libjvm.so+0x7ef706]  G1ParScanThreadState::trim_queue_to_threshold(unsigned int)+0x1596
V  [libjvm.so+0x807990]  G1ScanHRForRegionClosure::scan_heap_roots(HeapRegion*)+0x440
V  [libjvm.so+0x80579d]  G1RemSet::scan_heap_roots(G1ParScanThreadState*, unsigned int, G1GCPhaseTimes::GCParPhases, G1GCPhaseTimes::GCParPhases, bool)+0x1ed
V  [libjvm.so+0x82a8eb]  G1EvacuateRegionsTask::scan_roots(G1ParScanThreadState*, unsigned int)+0x4b
V  [libjvm.so+0x82ab05]  G1EvacuateRegionsBaseTask::work(unsigned int)+0x85
V  [libjvm.so+0xf5a690]  WorkerThread::run()+0x80
V  [libjvm.so+0xea25ef]  Thread::call_run()+0x9f
V  [libjvm.so+0xcc8495]  thread_native_entry(Thread*)+0xd5
C  [libc.so.6+0x9ca94]

siginfo: si_signo: 11 (SIGSEGV), si_code: 1 (SEGV_MAPERR), si_addr: 0x0000000000000075

Registers:
RAX=0x000000000000001d, RBX=0x0000761d08000d90, RCX=0x0000000000000014, RDX=0x0000000000000000
RSP=0x0000761d2813ca00, RBP=0x0000761d2813caa0, RSI=0x0000000000000000, RDI=0x0000000000000000
R8 =0x0000000000000000, R9 =0x0000000000000000, R10=0x0000000000000000, R11=0x0000000000000000
R12=0x00000000e1a8def5, R13=0x0000000000000075, R14=0x0000761d24044210, R15=0x0000761d29bf3f90
RIP=0x0000761d28fef706, EFLAGS=0x0000000000010246, CSGSFS=0x002b000000000033, ERR=0x0000000000000004
  TRAPNO=0x000000000000000e


Register to memory mapping:

RAX=0x000000000000001d is an unknown value
RBX=0x0000761d08000d90 points into unknown readable memory: 0x0000761d29b2a538 | 38 a5 b2 29 1d 76 00 00
RCX=0x0000000000000014 is an unknown value
RDX=0x0 is null
RSP=0x0000761d2813ca00 points into unknown readable memory: 0x0001761d2813ca20 | 20 ca 13 28 1d 76 01 00
RBP=0x0000761d2813caa0 points into unknown readable memory: 0x0000761d2813cbd0 | d0 cb 13 28 1d 76 00 00
RSI=0x0 is null
RDI=0x0 is null
R8 =0x0 is null
R9 =0x0 is null
R10=0x0 is null
R11=0x0 is null
R12=0x00000000e1a8def5 is pointing into object: [Ljava.util.HashMap$Node; 
{0x00000000e1a8deb8} - klass: 'java/util/HashMap$Node'[]
 - length: 65
R13=0x0000000000000075 is an unknown value
R14=0x0000761d24044210 points into unknown readable memory: 0x0000000000000000 | 00 00 00 00 00 00 00 00
R15=0x0000761d29bf3f90: <offset 0x00000000013f3f90> in /usr/lib/jvm/jdk-21.0.8-oracle-x64/lib/server/libjvm.so at 0x0000761d28800000

Top of Stack: (sp=0x0000761d2813ca00)
0x0000761d2813ca00:   0001761d2813ca20 0000000000000001
0x0000761d2813ca10:   00000000e1a8deb8 0000001d2813cb50
0x0000761d2813ca20:   0000000500000009 0000000000000001
0x0000761d2813ca30:   00000000e1a8dead 00000000e1a8deb8
0x0000761d2813ca40:   0000761caf1ac200 00000000e1a8df04
0x0000761d2813ca50:   000000402813ca60 0000761d29c350f4
0x0000761d2813ca60:   0100761d2813ca80 0000000500000009
0x0000761d2813ca70:   0000000000000a69 0000761d2813fc27
0x0000761d2813ca80:   0000761d08000d90 00000000e1984e08
0x0000761d2813ca90:   0000761d2813fc40 0000761d2813cc80
0x0000761d2813caa0:   0000761d2813cbd0 0000761d29007990
0x0000761d2813cab0:   0000761d2403ace0 0000761d2403b0c8
0x0000761d2813cac0:   0000761d2403ace0 0000761d2403acf0
0x0000761d2813cad0:   0000761d2403acf0 00000000000003d8
0x0000761d2813cae0:   0000761d24054120 0000761d2813cb50
0x0000761d2813caf0:   0000761c780ee720 0000000000000004
0x0000761d2813cb00:   000000000000000c 0000000000000003
0x0000761d2813cb10:   0000761d2404a6a0 0000761d2813cc80
0x0000761d2813cb20:   0000761d2813fc27 0000761d2813fc40
0x0000761d2813cb30:   0100761d2813cce8 0000761d2813cb70
0x0000761d2813cb40:   00000000e1984e00 0000761d29eec96d
0x0000761d2813cb50:   0000000054e801eb 0000000000000000
0x0000761d2813cb60:   0000000000000004 0000000000000018
0x0000761d2813cb70:   0000761d29b2a638 0000000000000000
0x0000761d2813cb80:   0000761d2403bad0 0000761d08000d90
0x0000761d2813cb90:   0000761d2813ccd0 0000761d28fd815e
0x0000761d2813cba0:   0000000054e7a4cc 0000761d2403bad0
0x0000761d2813cbb0:   0000761d24066390 0000761d2813cc50
0x0000761d2813cbc0:   0000761d29c350d8 0000000000000001
0x0000761d2813cbd0:   0000761d2813cd40 0000761d2900579d
0x0000761d2813cbe0:   0000761d2404a660 0000001400000000
0x0000761d2813cbf0:   0000000000000000 0000761d2404a6a0 

Instructions: (pc=0x0000761d28fef706)
0x0000761d28fef606:   00 00 48 c1 e0 03 48 85 f6 0f 85 5f 03 00 00 49
0x0000761d28fef616:   8b 94 24 80 02 00 00 48 8d 78 08 48 8d 05 28 31
0x0000761d28fef626:   fb ff 4c 89 4d a0 44 89 45 a8 4d 8d 94 24 80 02
0x0000761d28fef636:   00 00 48 8b 12 48 89 4d b8 48 39 c2 0f 85 8a 1d
0x0000761d28fef646:   00 00 31 d2 be 05 00 00 00 e8 bc 12 c2 ff 48 8b
0x0000761d28fef656:   4d b8 44 8b 45 a8 48 89 c2 49 8b 84 24 88 02 00
0x0000761d28fef666:   00 4c 8b 4d a0 48 8d 04 c2 49 8b b4 24 b8 02 00
0x0000761d28fef676:   00 48 89 30 49 8b 84 24 a8 02 00 00 49 89 94 24
0x0000761d28fef686:   b8 02 00 00 48 85 f6 74 08 49 03 84 24 88 02 00
0x0000761d28fef696:   00 49 89 84 24 a8 02 00 00 b8 01 00 00 00 e9 8d
0x0000761d28fef6a6:   fd ff ff 0f 1f 80 00 00 00 00 4c 8d 3d d9 48 c0
0x0000761d28fef6b6:   00 45 8b 6c 24 ff 48 8b 43 08 41 8b 7f 08 49 8b
0x0000761d28fef6c6:   37 89 f9 49 d3 e5 8b 88 b8 05 00 00 48 8b 80 a8
0x0000761d28fef6d6:   05 00 00 49 01 f5 4c 89 ea 48 d3 ea 48 8d 04 50
0x0000761d28fef6e6:   0f b6 50 01 44 0f b6 00 0f b7 85 7c ff ff ff 88
0x0000761d28fef6f6:   d4 66 89 85 7c ff ff ff 84 d2 0f 88 8a f5 ff ff
0x0000761d28fef706:   4d 8b 5d 00 4d 89 d9 41 83 e1 03 49 83 f9 03 0f
0x0000761d28fef716:   85 48 05 00 00 48 8d 05 d2 59 c4 00 4d 89 d8 49
0x0000761d28fef726:   83 e0 fc 48 89 45 b8 4c 89 c0 89 f9 48 8b 7d b8
0x0000761d28fef736:   49 83 ec 01 48 29 f0 48 d3 e8 41 89 04 24 4c 89
0x0000761d28fef746:   e0 8b 0f 4c 31 c0 48 d3 e8 48 85 c0 0f 84 38 f5
0x0000761d28fef756:   ff ff 48 8b 43 08 4c 89 e2 8b 88 b8 05 00 00 48
0x0000761d28fef766:   8b 80 a8 05 00 00 48 d3 ea 80 7c 50 01 fe 0f 84
0x0000761d28fef776:   16 f5 ff ff 49 d3 e8 4a 8d 04 40 80 38 00 0f 84
0x0000761d28fef786:   06 f5 ff ff 80 78 01 00 0f 89 fc f4 ff ff 48 8d
0x0000761d28fef796:   15 e5 4d c3 00 48 8b 43 60 8b 0a 49 d3 ec 4c 89
0x0000761d28fef7a6:   e6 e9 be f4 ff ff 0f 1f 40 00 48 89 fe 48 83 c2
0x0000761d28fef7b6:   08 48 89 cf ff d0 4c 8b 5d a8 e9 3e ec ff ff 0f
0x0000761d28fef7c6:   1f 00 49 8b b7 b0 02 00 00 48 c1 e0 03 48 85 f6
0x0000761d28fef7d6:   0f 85 ef 02 00 00 49 8b 97 80 02 00 00 48 8d 78
0x0000761d28fef7e6:   08 48 8d 05 62 2f fb ff 48 89 4d b8 4d 8d 87 80
0x0000761d28fef7f6:   02 00 00 48 8b 12 48 39 c2 0f 85 96 1c 00 00 31 


Stack slot to memory mapping:

stack at sp + 0 slots: 0x0001761d2813ca20 is an unknown value
stack at sp + 1 slots: 0x0000000000000001 is an unknown value
stack at sp + 2 slots: 0x00000000e1a8deb8 is an oop: [Ljava.util.HashMap$Node; 
{0x00000000e1a8deb8} - klass: 'java/util/HashMap$Node'[]
 - length: 65
stack at sp + 3 slots: 0x0000001d2813cb50 is an unknown value
stack at sp + 4 slots: 0x0000000500000009 is an unknown value
stack at sp + 5 slots: 0x0000000000000001 is an unknown value
stack at sp + 6 slots: 0x00000000e1a8dead is pointing into object: java.util.HashMap 
{0x00000000e1a8de88} - klass: 'java/util/HashMap'
 - ---- fields (total size 6 words):
 - transient 'keySet' 'Ljava/util/Set;' @12  null (0x00000000)
 - transient 'values' 'Ljava/util/Collection;' @16  null (0x00000000)
 - transient 'size' 'I' @20  1 (0x00000001)
 - transient 'modCount' 'I' @24  1 (0x00000001)
 - 'threshold' 'I' @28  12 (0x0000000c)
 - final 'loadFactor' 'F' @32  0.750000 (0x3f400000)
 - transient 'table' '[Ljava/util/HashMap$Node;' @36  a 'java/util/HashMap$Node'[65] {0x00000000e1a8deb8} (0xe1a8deb8)
 - transient 'entrySet' 'Ljava/util/Set;' @40  null (0x00000000)
stack at sp + 7 slots: 0x00000000e1a8deb8 is an oop: [Ljava.util.HashMap$Node; 
{0x00000000e1a8deb8} - klass: 'java/util/HashMap$Node'[]
 - length: 65


---------------  P R O C E S S  ---------------

Threads class SMR info:
_java_thread_list=0x0000761d24105040, length=10, elements={
0x0000761d240285a0, 0x0000761d24097810, 0x0000761d24098d70, 0x0000761d2409a4f0,
0x0000761d2409bb20, 0x0000761d2409d0b0, 0x0000761d2409ebe0, 0x0000761d240a0290,
0x0000761d240d0740, 0x0000761d24103ef0
}

Java Threads: ( => current thread )
  0x0000761d240285a0 JavaThread "main"                              [_thread_blocked, id=2557, stack(0x0000761d28700000,0x0000761d28800000) (1024K)]
  0x0000761d24097810 JavaThread "Reference Handler"          daemon [_thread_blocked, id=2565, stack(0x0000761d056fa000,0x0000761d057fa000) (1024K)]
  0x0000761d24098d70 JavaThread "Finalizer"                  daemon [_thread_blocked, id=2566, stack(0x0000761d04b00000,0x0000761d04c00000) (1024K)]
  0x0000761d2409a4f0 JavaThread "Signal Dispatcher"          daemon [_thread_blocked, id=2567, stack(0x0000761d04a00000,0x0000761d04b00000) (1024K)]
  0x0000761d2409bb20 JavaThread "Service Thread"             daemon [_thread_blocked, id=2568, stack(0x0000761d04900000,0x0000761d04a00000) (1024K)]
  0x0000761d2409d0b0 JavaThread "Monitor Deflation Thread"   daemon [_thread_blocked, id=2569, stack(0x0000761d04800000,0x0000761d04900000) (1024K)]
  0x0000761d2409ebe0 JavaThread "C2 CompilerThread0"         daemon [_thread_blocked, id=2570, stack(0x0000761d04700000,0x0000761d04800000) (1024K)]
  0x0000761d240a0290 JavaThread "C1 CompilerThread0"         daemon [_thread_blocked, id=2571, stack(0x0000761d04600000,0x0000761d04700000) (1024K)]
  0x0000761d240d0740 JavaThread "Common-Cleaner"             daemon [_thread_blocked, id=2572, stack(0x0000761d04500000,0x0000761d04600000) (1024K)]
  0x0000761d24103ef0 JavaThread "Notification Thread"        daemon [_thread_blocked, id=2573, stack(0x0000761d04400000,0x0000761d04500000) (1024K)]
Total: 10

Other Threads:
  0x0000761d2408e420 VMThread "VM Thread"                           [id=2564, stack(0x0000761d057fb000,0x0000761d058fb000) (1024K)]
  0x0000761d2407c780 WatcherThread "VM Periodic Task Thread"        [id=2563, stack(0x0000761d058fc000,0x0000761d059fc000) (1024K)]
=>0x0000761d24053d80 WorkerThread "GC Thread#0"                     [id=2558, stack(0x0000761d2803e000,0x0000761d2813e000) (1024K)]
  0x0000761c9c006330 WorkerThread "GC Thread#1"                     [id=2574, stack(0x0000761d04300000,0x0000761d04400000) (1024K)]
  0x0000761d24059080 ConcurrentGCThread "G1 Main Marker"            [id=2559, stack(0x0000761d0c100000,0x0000761d0c200000) (1024K)]
  0x0000761d2405a020 WorkerThread "G1 Conc#0"                       [id=2560, stack(0x0000761d07f00000,0x0000761d08000000) (1024K)]
  0x0000761d2406ac50 ConcurrentGCThread "G1 Refine#0"               [id=2561, stack(0x0000761d05afe000,0x0000761d05bfe000) (1024K)]
  0x0000761d2406bc00 ConcurrentGCThread "G1 Service"                [id=2562, stack(0x0000761d059fd000,0x0000761d05afd000) (1024K)]
Total: 8

Threads with active compile tasks:
C1 CompilerThread0     1440 1538       3       com.sun.tools.javac.comp.Attr::check (212 bytes)
Total: 1

VM state: at safepoint (normal execution)

VM Mutex/Monitor currently owned by a thread:  ([mutex/lock_event])
[0x0000761d29c4f8b8] Threads_lock - owner thread: 0x0000761d2408e420
[0x0000761d29c4f7b8] Heap_lock - owner thread: 0x0000761d240285a0

Heap address: 0x00000000e1600000, size: 490 MB, Compressed Oops mode: 32-bit

CDS archive(s) mapped at: [0x0000761caf000000-0x0000761cafcab000-0x0000761cafcab000), size 13283328, SharedBaseAddress: 0x0000761caf000000, ArchiveRelocationMode: 1.
Compressed class space mapped at: 0x0000761cb0000000-0x0000761cf0000000, reserved size: 1073741824
Narrow klass base: 0x0000761caf000000, Narrow klass shift: 0, Narrow klass range: 0x100000000

GC Precious Log:
 CardTable entry size: 512
 Card Set container configuration: InlinePtr #cards 5 size 8 Array Of Cards #cards 12 size 40 Howl #buckets 4 coarsen threshold 1843 Howl Bitmap #cards 512 size 80 coarsen threshold 460 Card regions per heap region 1 cards per card region 2048
 CPUs: 4 total, 2 available
 Memory: 1957M
 Large Page Support: Disabled
 NUMA Support: Disabled
 Compressed Oops: Enabled (32-bit)
 Heap Region Size: 1M
 Heap Min Capacity: 8M
 Heap Initial Capacity: 8M
 Heap Max Capacity: 490M
 Pre-touch: Disabled
 Parallel Workers: 2
 Concurrent Workers: 1
 Concurrent Refinement Workers: 2
 Periodic GC: Disabled

Heap:
 garbage-first heap   total 14336K, used 10222K [0x00000000e1600000, 0x0000000100000000)
  region size 1024K, 5 young (5120K), 1 survivors (1024K)
 Metaspace       used 9864K, committed 10048K, reserved 1114112K
  class space    used 1121K, committed 1216K, reserved 1048576K

Heap Regions: E=young(eden), S=young(survivor), O=old, HS=humongous(starts), HC=humongous(continues), CS=collection set, F=free, TAMS=top-at-mark-start, PB=parsable bottom
|   0|0x00000000e1600000, 0x00000000e1700000, 0x00000000e1700000|100%| O|  |TAMS 0x00000000e1600000| PB 0x00000000e1600000| Untracked 
|   1|0x00000000e1700000, 0x00000000e1800000, 0x00000000e1800000|100%| O|  |TAMS 0x00000000e1700000| PB 0x00000000e1700000| Untracked 
|   2|0x00000000e1800000, 0x00000000e1900000, 0x00000000e1900000|100%| O|  |TAMS 0x00000000e1800000| PB 0x00000000e1800000| Untracked 
|   3|0x00000000e1900000, 0x00000000e1a00000, 0x00000000e1a00000|100%| O|  |TAMS 0x00000000e1900000| PB 0x00000000e1900000| Untracked 
|   4|0x00000000e1a00000, 0x00000000e1afaf68, 0x00000000e1b00000| 98%| O|  |TAMS 0x00000000e1a00000| PB 0x00000000e1a00000| Untracked 
|   5|0x00000000e1b00000, 0x00000000e1b00000, 0x00000000e1c00000|  0%| F|  |TAMS 0x00000000e1b00000| PB 0x00000000e1b00000| Untracked 
|   6|0x00000000e1c00000, 0x00000000e1c00000, 0x00000000e1d00000|  0%| F|  |TAMS 0x00000000e1c00000| PB 0x00000000e1c00000| Untracked 
|   7|0x00000000e1d00000, 0x00000000e1e00000, 0x00000000e1e00000|100%| E|CS|TAMS 0x00000000e1d00000| PB 0x00000000e1d00000| Complete 
|   8|0x00000000e1e00000, 0x00000000e1ee3a80, 0x00000000e1f00000| 88%| S|  |TAMS 0x00000000e1e00000| PB 0x00000000e1e00000| Complete 
|   9|0x00000000e1f00000, 0x00000000e2000000, 0x00000000e2000000|100%| E|CS|TAMS 0x00000000e1f00000| PB 0x00000000e1f00000| Complete 
|  10|0x00000000e2000000, 0x00000000e2100000, 0x00000000e2100000|100%| E|CS|TAMS 0x00000000e2000000| PB 0x00000000e2000000| Complete 
|  11|0x00000000e2100000, 0x00000000e2200000, 0x00000000e2200000|100%| E|CS|TAMS 0x00000000e2100000| PB 0x00000000e2100000| Complete 
| 488|0x00000000ffe00000, 0x00000000fff00000, 0x00000000fff00000|100%| O|  |TAMS 0x00000000ffe00000| PB 0x00000000ffe00000| Untracked 
| 489|0x00000000fff00000, 0x0000000100000000, 0x0000000100000000|100%| E|CS|TAMS 0x00000000fff00000| PB 0x00000000fff00000| Complete 

Card table byte_map: [0x0000761d2813e000,0x0000761d28233000] _byte_map_base: 0x0000761d27a33000

Marking Bits: (CMBitMap*) 0x0000761d240548a0
 Bits: [0x0000761d0c200000, 0x0000761d0c9a8000)

Polling page: 0x0000761d2a0e4000

Metaspace:

Usage:
  Non-class:      8.54 MB used.
      Class:      1.10 MB used.
       Both:      9.63 MB used.

Virtual space:
  Non-class space:       64.00 MB reserved,       8.62 MB ( 13%) committed,  1 nodes.
      Class space:        1.00 GB reserved,       1.19 MB ( <1%) committed,  1 nodes.
             Both:        1.06 GB reserved,       9.81 MB ( <1%) committed. 

Chunk freelists:
   Non-Class:  5.47 MB
       Class:  14.80 MB
        Both:  20.27 MB

MaxMetaspaceSize: unlimited
CompressedClassSpaceSize: 1.00 GB
Initial GC threshold: 21.00 MB
Current GC threshold: 21.00 MB
CDS: on
 - commit_granule_bytes: 65536.
 - commit_granule_words: 8192.
 - virtual_space_node_default_size: 8388608.
 - enlarge_chunks_in_place: 1.
 - use_allocation_guard: 0.


Internal statistics:

num_allocs_failed_limit: 0.
num_arena_births: 68.
num_arena_deaths: 0.
num_vsnodes_births: 2.
num_vsnodes_deaths: 0.
num_space_committed: 157.
num_space_uncommitted: 0.
num_chunks_returned_to_freelist: 0.
num_chunks_taken_from_freelist: 392.
num_chunk_merges: 0.
num_chunk_splits: 275.
num_chunks_enlarged: 215.
num_inconsistent_stats: 0.

CodeHeap 'non-profiled nmethods': size=120036Kb used=448Kb max_used=448Kb free=119587Kb
 bounds [0x0000761d144c7000, 0x0000761d14737000, 0x0000761d1ba00000]
CodeHeap 'profiled nmethods': size=120032Kb used=2570Kb max_used=2570Kb free=117461Kb
 bounds [0x0000761d0ca00000, 0x0000761d0cc90000, 0x0000761d13f38000]
CodeHeap 'non-nmethods': size=5692Kb used=1355Kb max_used=1372Kb free=4336Kb
 bounds [0x0000761d13f38000, 0x0000761d141a8000, 0x0000761d144c7000]
 total_blobs=2005 nmethods=1533 adapters=378
 compilation: enabled
              stopped_count=0, restarted_count=0
 full_count=0

Compilation events (20 events):
Event: 1.419 Thread 0x0000761d240a0290 nmethod 1521 0x0000761d0cc81310 code [0x0000761d0cc814a0, 0x0000761d0cc815b8]
Event: 1.419 Thread 0x0000761d240a0290 1518       3       com.sun.tools.javac.code.Scope::<init> (21 bytes)
Event: 1.419 Thread 0x0000761d240a0290 nmethod 1518 0x0000761d0cc81690 code [0x0000761d0cc81860, 0x0000761d0cc81c58]
Event: 1.419 Thread 0x0000761d240a0290 1519       3       com.sun.tools.javac.code.Scope$ScopeListenerList::<init> (12 bytes)
Event: 1.419 Thread 0x0000761d240a0290 nmethod 1519 0x0000761d0cc81d90 code [0x0000761d0cc81f40, 0x0000761d0cc82168]
Event: 1.419 Thread 0x0000761d240a0290 1524       3       com.sun.tools.javac.code.Type$MethodType::<init> (25 bytes)
Event: 1.419 Thread 0x0000761d240a0290 nmethod 1524 0x0000761d0cc82290 code [0x0000761d0cc82460, 0x0000761d0cc82920]
Event: 1.419 Thread 0x0000761d240a0290 1520       1       com.sun.tools.javac.util.AbstractLog::currentSource (5 bytes)
Event: 1.419 Thread 0x0000761d240a0290 nmethod 1520 0x0000761d14536110 code [0x0000761d145362a0, 0x0000761d14536360]
Event: 1.419 Thread 0x0000761d240a0290 1526       1       com.sun.tools.javac.comp.Resolve$InapplicableMethodException::getDiagnostic (5 bytes)
Event: 1.420 Thread 0x0000761d240a0290 nmethod 1526 0x0000761d14536410 code [0x0000761d145365a0, 0x0000761d14536660]
Event: 1.420 Thread 0x0000761d240a0290 1527       1       com.sun.tools.javac.code.Type::isNumeric (2 bytes)
Event: 1.420 Thread 0x0000761d240a0290 nmethod 1527 0x0000761d14536710 code [0x0000761d145368a0, 0x0000761d14536960]
Event: 1.420 Thread 0x0000761d240a0290 1533       1       com.sun.tools.javac.code.Type::isRaw (2 bytes)
Event: 1.420 Thread 0x0000761d240a0290 nmethod 1533 0x0000761d14536a10 code [0x0000761d14536ba0, 0x0000761d14536c60]
Event: 1.420 Thread 0x0000761d240a0290 1525       1       com.sun.tools.javac.code.Preview::declaredUsingPreviewFeature (2 bytes)
Event: 1.420 Thread 0x0000761d240a0290 nmethod 1525 0x0000761d14536d10 code [0x0000761d14536ea0, 0x0000761d14536f60]
Event: 1.420 Thread 0x0000761d240a0290 1528       1       com.sun.tools.javac.code.Kinds$Kind::toSelector (5 bytes)
Event: 1.420 Thread 0x0000761d240a0290 nmethod 1528 0x0000761d14537010 code [0x0000761d145371a0, 0x0000761d14537260]
Event: 1.420 Thread 0x0000761d240a0290 1538       3       com.sun.tools.javac.comp.Attr::check (212 bytes)

GC Heap History (19 events):
Event: 0.381 GC heap before
{Heap before GC invocations=0 (full 0):
 garbage-first heap   total 10240K, used 3126K [0x00000000e1600000, 0x0000000100000000)
  region size 1024K, 3 young (3072K), 0 survivors (0K)
 Metaspace       used 3126K, committed 3328K, reserved 1114112K
  class space    used 388K, committed 512K, reserved 1048576K
}
Event: 0.386 GC heap after
{Heap after GC invocations=1 (full 0):
 garbage-first heap   total 10240K, used 2086K [0x00000000e1600000, 0x0000000100000000)
  region size 1024K, 1 young (1024K), 1 survivors (1024K)
 Metaspace       used 3126K, committed 3328K, reserved 1114112K
  class space    used 388K, committed 512K, reserved 1048576K
}
Event: 0.644 GC heap before
{Heap before GC invocations=1 (full 0):
 garbage-first heap   total 10240K, used 3110K [0x00000000e1600000, 0x0000000100000000)
  region size 1024K, 3 young (3072K), 1 survivors (1024K)
 Metaspace       used 7682K, committed 7872K, reserved 1114112K
  class space    used 861K, committed 960K, reserved 1048576K
}
Event: 0.649 GC heap after
{Heap after GC invocations=2 (full 0):
 garbage-first heap   total 10240K, used 3053K [0x00000000e1600000, 0x0000000100000000)
  region size 1024K, 1 young (1024K), 1 survivors (1024K)
 Metaspace       used 7682K, committed 7872K, reserved 1114112K
  class space    used 861K, committed 960K, reserved 1048576K
}
Event: 0.702 GC heap before
{Heap before GC invocations=2 (full 0):
 garbage-first heap   total 10240K, used 4077K [0x00000000e1600000, 0x0000000100000000)
  region size 1024K, 2 young (2048K), 1 survivors (1024K)
 Metaspace       used 7989K, committed 8128K, reserved 1114112K
  class space    used 893K, committed 960K, reserved 1048576K
}
Event: 0.706 GC heap after
{Heap after GC invocations=3 (full 0):
 garbage-first heap   total 10240K, used 3474K [0x00000000e1600000, 0x0000000100000000)
  region size 1024K, 1 young (1024K), 1 survivors (1024K)
 Metaspace       used 7989K, committed 8128K, reserved 1114112K
  class space    used 893K, committed 960K, reserved 1048576K
}
Event: 0.769 GC heap before
{Heap before GC invocations=3 (full 0):
 garbage-first heap   total 10240K, used 4498K [0x00000000e1600000, 0x0000000100000000)
  region size 1024K, 2 young (2048K), 1 survivors (1024K)
 Metaspace       used 8177K, committed 8320K, reserved 1114112K
  class space    used 916K, committed 1024K, reserved 1048576K
}
Event: 0.774 GC heap after
{Heap after GC invocations=4 (full 0):
 garbage-first heap   total 10240K, used 3726K [0x00000000e1600000, 0x0000000100000000)
  region size 1024K, 1 young (1024K), 1 survivors (1024K)
 Metaspace       used 8177K, committed 8320K, reserved 1114112K
  class space    used 916K, committed 1024K, reserved 1048576K
}
Event: 0.942 GC heap before
{Heap before GC invocations=5 (full 0):
 garbage-first heap   total 10240K, used 5774K [0x00000000e1600000, 0x0000000100000000)
  region size 1024K, 3 young (3072K), 1 survivors (1024K)
 Metaspace       used 8810K, committed 8960K, reserved 1114112K
  class space    used 996K, committed 1088K, reserved 1048576K
}
Event: 0.948 GC heap after
{Heap after GC invocations=6 (full 0):
 garbage-first heap   total 10240K, used 4572K [0x00000000e1600000, 0x0000000100000000)
  region size 1024K, 1 young (1024K), 1 survivors (1024K)
 Metaspace       used 8810K, committed 8960K, reserved 1114112K
  class space    used 996K, committed 1088K, reserved 1048576K
}
Event: 0.978 GC heap before
{Heap before GC invocations=6 (full 0):
 garbage-first heap   total 10240K, used 5596K [0x00000000e1600000, 0x0000000100000000)
  region size 1024K, 2 young (2048K), 1 survivors (1024K)
 Metaspace       used 8836K, committed 8960K, reserved 1114112K
  class space    used 997K, committed 1088K, reserved 1048576K
}
Event: 0.981 GC heap after
{Heap after GC invocations=7 (full 0):
 garbage-first heap   total 14336K, used 4845K [0x00000000e1600000, 0x0000000100000000)
  region size 1024K, 1 young (1024K), 1 survivors (1024K)
 Metaspace       used 8836K, committed 8960K, reserved 1114112K
  class space    used 997K, committed 1088K, reserved 1048576K
}
Event: 1.083 GC heap before
{Heap before GC invocations=7 (full 0):
 garbage-first heap   total 14336K, used 7917K [0x00000000e1600000, 0x0000000100000000)
  region size 1024K, 4 young (4096K), 1 survivors (1024K)
 Metaspace       used 8967K, committed 9152K, reserved 1114112K
  class space    used 1007K, committed 1088K, reserved 1048576K
}
Event: 1.085 GC heap after
{Heap after GC invocations=8 (full 0):
 garbage-first heap   total 14336K, used 5100K [0x00000000e1600000, 0x0000000100000000)
  region size 1024K, 1 young (1024K), 1 survivors (1024K)
 Metaspace       used 8967K, committed 9152K, reserved 1114112K
  class space    used 1007K, committed 1088K, reserved 1048576K
}
Event: 1.119 GC heap before
{Heap before GC invocations=8 (full 0):
 garbage-first heap   total 14336K, used 8172K [0x00000000e1600000, 0x0000000100000000)
  region size 1024K, 4 young (4096K), 1 survivors (1024K)
 Metaspace       used 8986K, committed 9152K, reserved 1114112K
  class space    used 1007K, committed 1088K, reserved 1048576K
}
Event: 1.122 GC heap after
{Heap after GC invocations=9 (full 0):
 garbage-first heap   total 14336K, used 5622K [0x00000000e1600000, 0x0000000100000000)
  region size 1024K, 1 young (1024K), 1 survivors (1024K)
 Metaspace       used 8986K, committed 9152K, reserved 1114112K
  class space    used 1007K, committed 1088K, reserved 1048576K
}
Event: 1.187 GC heap before
{Heap before GC invocations=9 (full 0):
 garbage-first heap   total 14336K, used 9718K [0x00000000e1600000, 0x0000000100000000)
  region size 1024K, 5 young (5120K), 1 survivors (1024K)
 Metaspace       used 9160K, committed 9280K, reserved 1114112K
  class space    used 1030K, committed 1088K, reserved 1048576K
}
Event: 1.195 GC heap after
{Heap after GC invocations=10 (full 0):
 garbage-first heap   total 14336K, used 6126K [0x00000000e1600000, 0x0000000100000000)
  region size 1024K, 1 young (1024K), 1 survivors (1024K)
 Metaspace       used 9160K, committed 9280K, reserved 1114112K
  class space    used 1030K, committed 1088K, reserved 1048576K
}
Event: 1.421 GC heap before
{Heap before GC invocations=10 (full 0):
 garbage-first heap   total 14336K, used 9198K [0x00000000e1600000, 0x0000000100000000)
  region size 1024K, 5 young (5120K), 1 survivors (1024K)
 Metaspace       used 9864K, committed 10048K, reserved 1114112K
  class space    used 1121K, committed 1216K, reserved 1048576K
}

Dll operation events (6 events):
Event: 0.004 Loaded shared library /usr/lib/jvm/jdk-21.0.8-oracle-x64/lib/libjava.so
Event: 0.054 Loaded shared library /usr/lib/jvm/jdk-21.0.8-oracle-x64/lib/libjsvml.so
Event: 0.141 Loaded shared library /usr/lib/jvm/jdk-21.0.8-oracle-x64/lib/libnio.so
Event: 0.143 Loaded shared library /usr/lib/jvm/jdk-21.0.8-oracle-x64/lib/libjimage.so
Event: 0.305 Loaded shared library /usr/lib/jvm/jdk-21.0.8-oracle-x64/lib/libzip.so
Event: 0.620 Loaded shared library /usr/lib/jvm/jdk-21.0.8-oracle-x64/lib/libnet.so

Deoptimization events (20 events):
Event: 1.306 Thread 0x0000761d240285a0 Uncommon trap: trap_request=0xffffff45 fr.pc=0x0000761d1451f2e0 relative=0x0000000000000580
Event: 1.306 Thread 0x0000761d240285a0 Uncommon trap: reason=unstable_if action=reinterpret pc=0x0000761d1451f2e0 method=java.lang.StringLatin1.newString([BII)Ljava/lang/String; @ 1 c2
Event: 1.306 Thread 0x0000761d240285a0 DEOPT PACKING pc=0x0000761d1451f2e0 sp=0x0000761d287fce00
Event: 1.306 Thread 0x0000761d240285a0 DEOPT UNPACKING pc=0x0000761d13f8bf93 sp=0x0000761d287fcd60 mode 2
Event: 1.307 Thread 0x0000761d240285a0 Uncommon trap: trap_request=0xffffff45 fr.pc=0x0000761d1452060c relative=0x000000000000044c
Event: 1.307 Thread 0x0000761d240285a0 Uncommon trap: reason=unstable_if action=reinterpret pc=0x0000761d1452060c method=java.lang.StringLatin1.newString([BII)Ljava/lang/String; @ 1 c2
Event: 1.307 Thread 0x0000761d240285a0 DEOPT PACKING pc=0x0000761d1452060c sp=0x0000761d287fd020
Event: 1.307 Thread 0x0000761d240285a0 DEOPT UNPACKING pc=0x0000761d13f8bf93 sp=0x0000761d287fd000 mode 2
Event: 1.307 Thread 0x0000761d240285a0 Uncommon trap: trap_request=0xffffffbe fr.pc=0x0000761d14520d34 relative=0x00000000000001f4
Event: 1.307 Thread 0x0000761d240285a0 Uncommon trap: reason=profile_predicate action=maybe_recompile pc=0x0000761d14520d34 method=java.lang.StringLatin1.indexOf([BI[BII)I @ 18 c2
Event: 1.307 Thread 0x0000761d240285a0 DEOPT PACKING pc=0x0000761d14520d34 sp=0x0000761d287fd1b0
Event: 1.307 Thread 0x0000761d240285a0 DEOPT UNPACKING pc=0x0000761d13f8bf93 sp=0x0000761d287fd130 mode 2
Event: 1.307 Thread 0x0000761d240285a0 Uncommon trap: trap_request=0xffffff45 fr.pc=0x0000761d1451fbd0 relative=0x0000000000000310
Event: 1.307 Thread 0x0000761d240285a0 Uncommon trap: reason=unstable_if action=reinterpret pc=0x0000761d1451fbd0 method=java.lang.StringLatin1.indexOf([BI[BII)I @ 80 c2
Event: 1.307 Thread 0x0000761d240285a0 DEOPT PACKING pc=0x0000761d1451fbd0 sp=0x0000761d287fd1b0
Event: 1.307 Thread 0x0000761d240285a0 DEOPT UNPACKING pc=0x0000761d13f8bf93 sp=0x0000761d287fd130 mode 2
Event: 1.415 Thread 0x0000761d240285a0 Uncommon trap: trap_request=0xffffffc6 fr.pc=0x0000761d1450ba4c relative=0x000000000000122c
Event: 1.415 Thread 0x0000761d240285a0 Uncommon trap: reason=bimorphic_or_optimized_type_check action=maybe_recompile pc=0x0000761d1450ba4c method=java.util.HashMap.putVal(ILjava/lang/Object;Ljava/lang/Object;ZZ)Ljava/lang/Object; @ 56 c2
Event: 1.415 Thread 0x0000761d240285a0 DEOPT PACKING pc=0x0000761d1450ba4c sp=0x0000761d287fe5d0
Event: 1.415 Thread 0x0000761d240285a0 DEOPT UNPACKING pc=0x0000761d13f8bf93 sp=0x0000761d287fe500 mode 2

Classes loaded (20 events):
Event: 0.932 Loading class sun/nio/fs/UnixException
Event: 0.932 Loading class sun/nio/fs/UnixException done
Event: 0.934 Loading class java/nio/file/FileTreeWalker$1
Event: 0.934 Loading class java/nio/file/FileTreeWalker$1 done
Event: 1.070 Loading class java/lang/invoke/MethodHandle$1
Event: 1.070 Loading class java/lang/invoke/MethodHandle$1 done
Event: 1.148 Loading class java/util/LinkedList$Node
Event: 1.148 Loading class java/util/LinkedList$Node done
Event: 1.288 Loading class java/util/function/UnaryOperator
Event: 1.289 Loading class java/util/function/UnaryOperator done
Event: 1.292 Loading class java/util/Formatter$FixedString
Event: 1.293 Loading class java/util/Formatter$FixedString done
Event: 1.295 Loading class java/util/regex/Pattern$Loop
Event: 1.295 Loading class java/util/regex/Pattern$Loop done
Event: 1.295 Loading class java/util/regex/Pattern$Prolog
Event: 1.296 Loading class java/util/regex/Pattern$Prolog done
Event: 1.303 Loading class java/text/MessageFormat
Event: 1.303 Loading class java/text/MessageFormat done
Event: 1.306 Loading class java/text/MessageFormat$Field
Event: 1.306 Loading class java/text/MessageFormat$Field done

Classes unloaded (0 events):
No events

Classes redefined (0 events):
No events

Internal exceptions (16 events):
Event: 0.196 Thread 0x0000761d240285a0 Implicit null exception at 0x0000761d144da4e3 to 0x0000761d144da5d0
Event: 0.244 Thread 0x0000761d240285a0 Exception <a 'java/lang/NoSuchMethodError'{0x00000000e1caa9c0}: 'void java.lang.invoke.DirectMethodHandle$Holder.invokeSpecial(java.lang.Object, java.lang.Object, java.lang.Object)'> (0x00000000e1caa9c0) 
thrown [open/src/hotspot/share/interpreter/linkResolver.cpp, line 772]
Event: 0.282 Thread 0x0000761d240285a0 Exception <a 'java/lang/NoSuchMethodError'{0x00000000e1cf4aa8}: 'java.lang.Object java.lang.invoke.DirectMethodHandle$Holder.invokeVirtual(java.lang.Object, java.lang.Object, java.lang.Object)'> (0x00000000e1cf4aa8) 
thrown [open/src/hotspot/share/interpreter/linkResolver.cpp, line 772]
Event: 0.284 Thread 0x0000761d240285a0 Exception <a 'java/lang/NoSuchMethodError'{0x00000000e1cfddf8}: 'int java.lang.invoke.DirectMethodHandle$Holder.invokeInterface(java.lang.Object, java.lang.Object)'> (0x00000000e1cfddf8) 
thrown [open/src/hotspot/share/interpreter/linkResolver.cpp, line 772]
Event: 0.311 Thread 0x0000761d240285a0 Exception <a 'java/lang/NoSuchMethodError'{0x00000000e1b43148}: 'int java.lang.invoke.DirectMethodHandle$Holder.invokeVirtual(java.lang.Object, java.lang.Object, java.lang.Object)'> (0x00000000e1b43148) 
thrown [open/src/hotspot/share/interpreter/linkResolver.cpp, line 772]
Event: 0.312 Thread 0x0000761d240285a0 Exception <a 'java/lang/NoSuchMethodError'{0x00000000e1b48dd8}: 'void java.lang.invoke.DirectMethodHandle$Holder.invokeInterface(java.lang.Object, java.lang.Object, java.lang.Object)'> (0x00000000e1b48dd8) 
thrown [open/src/hotspot/share/interpreter/linkResolver.cpp, line 772]
Event: 0.452 Thread 0x0000761d240285a0 Exception <a 'java/lang/NoSuchMethodError'{0x00000000e1d737e0}: 'int java.lang.invoke.DirectMethodHandle$Holder.invokeStaticInit(java.lang.Object, java.lang.Object)'> (0x00000000e1d737e0) 
thrown [open/src/hotspot/share/interpreter/linkResolver.cpp, line 772]
Event: 0.549 Thread 0x0000761d240285a0 Exception <a 'java/lang/NoSuchMethodError'{0x00000000e1c2ce38}: 'int java.lang.invoke.DirectMethodHandle$Holder.invokeVirtual(java.lang.Object, java.lang.Object)'> (0x00000000e1c2ce38) 
thrown [open/src/hotspot/share/interpreter/linkResolver.cpp, line 772]
Event: 0.555 Thread 0x0000761d240285a0 Exception <a 'java/lang/NoSuchMethodError'{0x00000000e1c4eef8}: 'java.lang.Object java.lang.invoke.DirectMethodHandle$Holder.newInvokeSpecial(java.lang.Object, java.lang.Object, java.lang.Object, java.lang.Object, java.lang.Object)'> (0x00000000e1c4eef8) 
thrown [open/src/hotspot/share/interpreter/linkResolver.cpp, line 772]
Event: 0.558 Thread 0x0000761d240285a0 Exception <a 'java/lang/NoSuchMethodError'{0x00000000e1c5c3e8}: 'java.lang.Object java.lang.invoke.DirectMethodHandle$Holder.newInvokeSpecial(java.lang.Object, java.lang.Object, java.lang.Object, java.lang.Object, java.lang.Object, java.lang.Object)'> (0x00000000e1c5c3e8) 
thrown [open/src/hotspot/share/interpreter/linkResolver.cpp, line 772]
Event: 0.694 Thread 0x0000761d240285a0 Exception <a 'java/lang/NoSuchMethodError'{0x00000000e1dd9268}: 'java.lang.Object java.lang.invoke.DirectMethodHandle$Holder.invokeSpecial(java.lang.Object, java.lang.Object, java.lang.Object, int, int)'> (0x00000000e1dd9268) 
thrown [open/src/hotspot/share/interpreter/linkResolver.cpp, line 772]
Event: 0.696 Thread 0x0000761d240285a0 Exception <a 'java/lang/NoSuchMethodError'{0x00000000e1de3750}: 'java.lang.Object java.lang.invoke.DirectMethodHandle$Holder.invokeVirtual(java.lang.Object, java.lang.Object, int)'> (0x00000000e1de3750) 
thrown [open/src/hotspot/share/interpreter/linkResolver.cpp, line 772]
Event: 0.918 Thread 0x0000761d240285a0 Exception <a 'java/lang/NoSuchMethodError'{0x00000000e1cda5a8}: 'void java.lang.invoke.DirectMethodHandle$Holder.invokeStatic(java.lang.Object, java.lang.Object)'> (0x00000000e1cda5a8) 
thrown [open/src/hotspot/share/interpreter/linkResolver.cpp, line 772]
Event: 1.075 Thread 0x0000761d240285a0 Exception <a 'java/lang/NoSuchMethodError'{0x00000000e2090ff0}: 'int java.lang.invoke.DirectMethodHandle$Holder.invokeSpecial(java.lang.Object, java.lang.Object, java.lang.Object)'> (0x00000000e2090ff0) 
thrown [open/src/hotspot/share/interpreter/linkResolver.cpp, line 772]
Event: 1.152 Thread 0x0000761d240285a0 Exception <a 'java/lang/NoSuchMethodError'{0x00000000e1f0c318}: 'java.lang.Object java.lang.invoke.DirectMethodHandle$Holder.invokeVirtual(java.lang.Object, java.lang.Object, java.lang.Object, int, int)'> (0x00000000e1f0c318) 
thrown [open/src/hotspot/share/interpreter/linkResolver.cpp, line 772]
Event: 1.223 Thread 0x0000761d240285a0 Exception <a 'java/lang/NoSuchMethodError'{0x00000000e21d6f80}: 'java.lang.Object java.lang.invoke.DirectMethodHandle$Holder.invokeInterface(java.lang.Object, java.lang.Object)'> (0x00000000e21d6f80) 
thrown [open/src/hotspot/share/interpreter/linkResolver.cpp, line 772]

ZGC Phase Switch (0 events):
No events

VM Operations (20 events):
Event: 0.802 Executing VM operation: G1PauseRemark done
Event: 0.806 Executing VM operation: G1PauseCleanup
Event: 0.807 Executing VM operation: G1PauseCleanup done
Event: 0.812 Executing VM operation: HandshakeAllThreads (Deoptimize)
Event: 0.812 Executing VM operation: HandshakeAllThreads (Deoptimize) done
Event: 0.942 Executing VM operation: G1CollectForAllocation (G1 Evacuation Pause)
Event: 0.948 Executing VM operation: G1CollectForAllocation (G1 Evacuation Pause) done
Event: 0.977 Executing VM operation: G1CollectForAllocation (G1 Evacuation Pause)
Event: 0.981 Executing VM operation: G1CollectForAllocation (G1 Evacuation Pause) done
Event: 1.083 Executing VM operation: G1CollectForAllocation (G1 Evacuation Pause)
Event: 1.087 Executing VM operation: G1CollectForAllocation (G1 Evacuation Pause) done
Event: 1.118 Executing VM operation: G1CollectForAllocation (G1 Evacuation Pause)
Event: 1.125 Executing VM operation: G1CollectForAllocation (G1 Evacuation Pause) done
Event: 1.169 Executing VM operation: HandshakeAllThreads (Deoptimize)
Event: 1.169 Executing VM operation: HandshakeAllThreads (Deoptimize) done
Event: 1.187 Executing VM operation: G1CollectForAllocation (G1 Evacuation Pause)
Event: 1.198 Executing VM operation: G1CollectForAllocation (G1 Evacuation Pause) done
Event: 1.304 Executing VM operation: HandshakeAllThreads (Deoptimize)
Event: 1.304 Executing VM operation: HandshakeAllThreads (Deoptimize) done
Event: 1.420 Executing VM operation: G1CollectForAllocation (G1 Evacuation Pause)

Events (20 events):
Event: 0.003 Protecting memory [0x0000761d28700000,0x0000761d28704000] with protection modes 0
Event: 0.034 Thread 0x0000761d240285a0 Thread added: 0x0000761d240285a0
Event: 0.051 Thread 0x0000761d24097810 Thread added: 0x0000761d24097810
Event: 0.051 Protecting memory [0x0000761d056fa000,0x0000761d056fe000] with protection modes 0
Event: 0.052 Thread 0x0000761d24098d70 Thread added: 0x0000761d24098d70
Event: 0.052 Protecting memory [0x0000761d04b00000,0x0000761d04b04000] with protection modes 0
Event: 0.052 Thread 0x0000761d2409a4f0 Thread added: 0x0000761d2409a4f0
Event: 0.052 Protecting memory [0x0000761d04a00000,0x0000761d04a04000] with protection modes 0
Event: 0.053 Thread 0x0000761d2409bb20 Thread added: 0x0000761d2409bb20
Event: 0.053 Protecting memory [0x0000761d04900000,0x0000761d04904000] with protection modes 0
Event: 0.053 Thread 0x0000761d2409d0b0 Thread added: 0x0000761d2409d0b0
Event: 0.053 Protecting memory [0x0000761d04800000,0x0000761d04804000] with protection modes 0
Event: 0.053 Thread 0x0000761d2409ebe0 Thread added: 0x0000761d2409ebe0
Event: 0.053 Protecting memory [0x0000761d04700000,0x0000761d04704000] with protection modes 0
Event: 0.053 Thread 0x0000761d240a0290 Thread added: 0x0000761d240a0290
Event: 0.057 Protecting memory [0x0000761d04600000,0x0000761d04604000] with protection modes 0
Event: 0.084 Thread 0x0000761d240d0740 Thread added: 0x0000761d240d0740
Event: 0.084 Protecting memory [0x0000761d04500000,0x0000761d04504000] with protection modes 0
Event: 0.135 Thread 0x0000761d24103ef0 Thread added: 0x0000761d24103ef0
Event: 0.135 Protecting memory [0x0000761d04400000,0x0000761d04404000] with protection modes 0


Dynamic libraries:
e1600000-e2200000 rw-p 00000000 00:00 0 
e2200000-ffe00000 ---p 00000000 00:00 0 
ffe00000-fff0e000 rw-p 00ceb000 08:03 5680422                            /usr/lib/jvm/jdk-21.0.8-oracle-x64/lib/server/classes.jsa
fff0e000-100000000 rw-p 00000000 00:00 0 
5c883e547000-5c883e548000 r-xp 00000000 08:03 5680132                    /usr/lib/jvm/jdk-21.0.8-oracle-x64/bin/javac
5c883e549000-5c883e54a000 r--p 00001000 08:03 5680132                    /usr/lib/jvm/jdk-21.0.8-oracle-x64/bin/javac
5c883e54a000-5c883e54b000 rw-p 00002000 08:03 5680132                    /usr/lib/jvm/jdk-21.0.8-oracle-x64/bin/javac
5c8879820000-5c8879866000 rw-p 00000000 00:00 0                          [heap]
761c74000000-761c74314000 rw-p 00000000 00:00 0 
761c74314000-761c78000000 ---p 00000000 00:00 0 
761c78000000-761c7838e000 rw-p 00000000 00:00 0 
761c7838e000-761c7c000000 ---p 00000000 00:00 0 
761c80000000-761c80021000 rw-p 00000000 00:00 0 
761c80021000-761c84000000 ---p 00000000 00:00 0 
761c84000000-761c84021000 rw-p 00000000 00:00 0 
761c84021000-761c88000000 ---p 00000000 00:00 0 
761c8c000000-761c8c021000 rw-p 00000000 00:00 0 
761c8c021000-761c90000000 ---p 00000000 00:00 0 
761c90000000-761c90021000 rw-p 00000000 00:00 0 
761c90021000-761c94000000 ---p 00000000 00:00 0 
761c98000000-761c98021000 rw-p 00000000 00:00 0 
761c98021000-761c9c000000 ---p 00000000 00:00 0 
761c9c000000-761c9c021000 rw-p 00000000 00:00 0 
761c9c021000-761ca0000000 ---p 00000000 00:00 0 
761ca4000000-761ca4210000 rw-p 00000000 00:00 0 
761ca4210000-761ca4400000 ---p 00000000 00:00 0 
761ca4400000-761ca4a90000 rw-p 00000000 00:00 0 
761ca4a90000-761ca8000000 ---p 00000000 00:00 0 
761ca8000000-761ca8021000 rw-p 00000000 00:00 0 
761ca8021000-761cac000000 ---p 00000000 00:00 0 
761caf000000-761cafcab000 rw-p 00001000 08:03 5680422                    /usr/lib/jvm/jdk-21.0.8-oracle-x64/lib/server/classes.jsa
761cafcab000-761cb0000000 ---p 00000000 00:00 0 
761cb0000000-761cb0030000 rw-p 00000000 00:00 0 
761cb0030000-761cb0070000 rw-p 00000000 00:00 0 
761cb0070000-761cb0080000 ---p 00000000 00:00 0 
761cb0080000-761cb0140000 rw-p 00000000 00:00 0 
761cb0140000-761cf0000000 ---p 00000000 00:00 0 
761cf0000000-761cf0021000 rw-p 00000000 00:00 0 
761cf0021000-761cf4000000 ---p 00000000 00:00 0 
761cf4000000-761cf4021000 rw-p 00000000 00:00 0 
761cf4021000-761cf8000000 ---p 00000000 00:00 0 
761cfbc00000-761cfbebe000 rw-p 00000000 00:00 0 
761cfc000000-761cfc021000 rw-p 00000000 00:00 0 
761cfc021000-761d00000000 ---p 00000000 00:00 0 
761d00000000-761d00021000 rw-p 00000000 00:00 0 
761d00021000-761d04000000 ---p 00000000 00:00 0 
761d0418b000-761d042ff000 rw-p 00000000 00:00 0 
761d042ff000-761d04300000 ---p 00000000 00:00 0 
761d04300000-761d04400000 rw-p 00000000 00:00 0 
761d04400000-761d04404000 ---p 00000000 00:00 0 
761d04404000-761d04500000 rw-p 00000000 00:00 0 
761d04500000-761d04504000 ---p 00000000 00:00 0 
761d04504000-761d04600000 rw-p 00000000 00:00 0 
761d04600000-761d04604000 ---p 00000000 00:00 0 
761d04604000-761d04700000 rw-p 00000000 00:00 0 
761d04700000-761d04704000 ---p 00000000 00:00 0 
761d04704000-761d04800000 rw-p 00000000 00:00 0 
761d04800000-761d04804000 ---p 00000000 00:00 0 
761d04804000-761d04900000 rw-p 00000000 00:00 0 
761d04900000-761d04904000 ---p 00000000 00:00 0 
761d04904000-761d04a00000 rw-p 00000000 00:00 0 
761d04a00000-761d04a04000 ---p 00000000 00:00 0 
761d04a04000-761d04b00000 rw-p 00000000 00:00 0 
761d04b00000-761d04b04000 ---p 00000000 00:00 0 
761d04b04000-761d04c00000 rw-p 00000000 00:00 0 
761d04c00000-761d056e9000 r--p 00000000 08:03 5648444                    /usr/lib/locale/locale-archive
761d056fa000-761d056fe000 ---p 00000000 00:00 0 
761d056fe000-761d057fa000 rw-p 00000000 00:00 0 
761d057fa000-761d057fb000 ---p 00000000 00:00 0 
761d057fb000-761d058fb000 rw-p 00000000 00:00 0 
761d058fb000-761d058fc000 ---p 00000000 00:00 0 
761d058fc000-761d059fc000 rw-p 00000000 00:00 0 
761d059fc000-761d059fd000 ---p 00000000 00:00 0 
761d059fd000-761d05afd000 rw-p 00000000 00:00 0 
761d05afd000-761d05afe000 ---p 00000000 00:00 0 
761d05afe000-761d05bfe000 rw-p 00000000 00:00 0 
761d05bfe000-761d07e00000 rw-p 00000000 00:00 0 
761d07eff000-761d07f00000 ---p 00000000 00:00 0 
761d07f00000-761d08000000 rw-p 00000000 00:00 0 
761d08000000-761d08047000 rw-p 00000000 00:00 0 
761d08047000-761d0c000000 ---p 00000000 00:00 0 
761d0c02f000-761d0c0fd000 r-xp 00000000 08:03 5680396                    /usr/lib/jvm/jdk-21.0.8-oracle-x64/lib/libjsvml.so
761d0c0fd000-761d0c0fe000 r--p 000cd000 08:03 5680396                    /usr/lib/jvm/jdk-21.0.8-oracle-x64/lib/libjsvml.so
761d0c0fe000-761d0c0ff000 rw-p 000ce000 08:03 5680396                    /usr/lib/jvm/jdk-21.0.8-oracle-x64/lib/libjsvml.so
761d0c0ff000-761d0c100000 ---p 00000000 00:00 0 
761d0c100000-761d0c200000 rw-p 00000000 00:00 0 
761d0c200000-761d0c230000 rw-p 00000000 00:00 0 
761d0c230000-761d0c9a0000 ---p 00000000 00:00 0 
761d0c9a0000-761d0c9a8000 rw-p 00000000 00:00 0 
761d0ca00000-761d0cc90000 rwxp 00000000 00:00 0 
761d0cc90000-761d13f38000 ---p 00000000 00:00 0 
761d13f38000-761d141a8000 rwxp 00000000 00:00 0 
761d141a8000-761d144c7000 ---p 00000000 00:00 0 
761d144c7000-761d14737000 rwxp 00000000 00:00 0 
761d14737000-761d1ba00000 ---p 00000000 00:00 0 
761d1ba00000-761d23f08000 r--s 00000000 08:03 5680413                    /usr/lib/jvm/jdk-21.0.8-oracle-x64/lib/modules
761d23f24000-761d244fb000 rw-p 00000000 00:00 0 
761d244fb000-761d28000000 ---p 00000000 00:00 0 
761d2803d000-761d2803e000 ---p 00000000 00:00 0 
761d2803e000-761d2813e000 rw-p 00000000 00:00 0 
761d2813e000-761d28144000 rw-p 00000000 00:00 0 
761d28144000-761d28232000 ---p 00000000 00:00 0 
761d28232000-761d28239000 rw-p 00000000 00:00 0 
761d28239000-761d28327000 ---p 00000000 00:00 0 
761d28327000-761d2852f000 rw-p 00000000 00:00 0 
761d2852f000-761d28615000 ---p 00000000 00:00 0 
761d28615000-761d2861b000 rw-p 00000000 00:00 0 
761d2861b000-761d28700000 ---p 00000000 00:00 0 
761d28700000-761d28704000 ---p 00000000 00:00 0 
761d28704000-761d28800000 rw-p 00000000 00:00 0 
761d28800000-761d29b1d000 r-xp 00000000 08:03 5680425                    /usr/lib/jvm/jdk-21.0.8-oracle-x64/lib/server/libjvm.so
761d29b1d000-761d29b1e000 ---p 0131d000 08:03 5680425                    /usr/lib/jvm/jdk-21.0.8-oracle-x64/lib/server/libjvm.so
761d29b1e000-761d29bef000 r--p 0131d000 08:03 5680425                    /usr/lib/jvm/jdk-21.0.8-oracle-x64/lib/server/libjvm.so
761d29bef000-761d29c1d000 rw-p 013ee000 08:03 5680425                    /usr/lib/jvm/jdk-21.0.8-oracle-x64/lib/server/libjvm.so
761d29c1d000-761d29c83000 rw-p 00000000 00:00 0 
761d29cc8000-761d29cd3000 r-xp 00000000 08:03 5680403                    /usr/lib/jvm/jdk-21.0.8-oracle-x64/lib/libnet.so
761d29cd3000-761d29cd4000 ---p 0000b000 08:03 5680403                    /usr/lib/jvm/jdk-21.0.8-oracle-x64/lib/libnet.so
761d29cd4000-761d29cd5000 r--p 0000b000 08:03 5680403                    /usr/lib/jvm/jdk-21.0.8-oracle-x64/lib/libnet.so
761d29cd5000-761d29cd6000 rw-p 0000c000 08:03 5680403                    /usr/lib/jvm/jdk-21.0.8-oracle-x64/lib/libnet.so
761d29cd6000-761d29d17000 rw-p 00000000 00:00 0 
761d29d17000-761d29d27000 r--p 00000000 08:03 5650078                    /usr/lib/x86_64-linux-gnu/libm.so.6
761d29d27000-761d29da6000 r-xp 00010000 08:03 5650078                    /usr/lib/x86_64-linux-gnu/libm.so.6
761d29da6000-761d29dfe000 r--p 0008f000 08:03 5650078                    /usr/lib/x86_64-linux-gnu/libm.so.6
761d29dfe000-761d29dff000 r--p 000e7000 08:03 5650078                    /usr/lib/x86_64-linux-gnu/libm.so.6
761d29dff000-761d29e00000 rw-p 000e8000 08:03 5650078                    /usr/lib/x86_64-linux-gnu/libm.so.6
761d29e00000-761d29e28000 r--p 00000000 08:03 5649325                    /usr/lib/x86_64-linux-gnu/libc.so.6
761d29e28000-761d29fb0000 r-xp 00028000 08:03 5649325                    /usr/lib/x86_64-linux-gnu/libc.so.6
761d29fb0000-761d29fff000 r--p 001b0000 08:03 5649325                    /usr/lib/x86_64-linux-gnu/libc.so.6
761d29fff000-761d2a003000 r--p 001fe000 08:03 5649325                    /usr/lib/x86_64-linux-gnu/libc.so.6
761d2a003000-761d2a005000 rw-p 00202000 08:03 5649325                    /usr/lib/x86_64-linux-gnu/libc.so.6
761d2a005000-761d2a012000 rw-p 00000000 00:00 0 
761d2a012000-761d2a019000 r-xp 00000000 08:03 5680412                    /usr/lib/jvm/jdk-21.0.8-oracle-x64/lib/libzip.so
761d2a019000-761d2a01a000 ---p 00007000 08:03 5680412                    /usr/lib/jvm/jdk-21.0.8-oracle-x64/lib/libzip.so
761d2a01a000-761d2a01b000 r--p 00007000 08:03 5680412                    /usr/lib/jvm/jdk-21.0.8-oracle-x64/lib/libzip.so
761d2a01b000-761d2a01c000 rw-p 00008000 08:03 5680412                    /usr/lib/jvm/jdk-21.0.8-oracle-x64/lib/libzip.so
761d2a01c000-761d2a02f000 r-xp 00000000 08:03 5680404                    /usr/lib/jvm/jdk-21.0.8-oracle-x64/lib/libnio.so
761d2a02f000-761d2a030000 ---p 00013000 08:03 5680404                    /usr/lib/jvm/jdk-21.0.8-oracle-x64/lib/libnio.so
761d2a030000-761d2a031000 r--p 00013000 08:03 5680404                    /usr/lib/jvm/jdk-21.0.8-oracle-x64/lib/libnio.so
761d2a031000-761d2a032000 rw-p 00014000 08:03 5680404                    /usr/lib/jvm/jdk-21.0.8-oracle-x64/lib/libnio.so
761d2a032000-761d2a048000 rw-p 00000000 00:00 0 
761d2a048000-761d2a04f000 ---p 00000000 00:00 0 
761d2a04f000-761d2a06f000 r-xp 00000000 08:03 5680388                    /usr/lib/jvm/jdk-21.0.8-oracle-x64/lib/libjava.so
761d2a06f000-761d2a070000 ---p 00020000 08:03 5680388                    /usr/lib/jvm/jdk-21.0.8-oracle-x64/lib/libjava.so
761d2a070000-761d2a071000 r--p 00020000 08:03 5680388                    /usr/lib/jvm/jdk-21.0.8-oracle-x64/lib/libjava.so
761d2a071000-761d2a072000 rw-p 00021000 08:03 5680388                    /usr/lib/jvm/jdk-21.0.8-oracle-x64/lib/libjava.so
761d2a072000-761d2a073000 rw-p 00000000 00:00 0 
761d2a073000-761d2a091000 r-xp 00000000 08:03 5680392                    /usr/lib/jvm/jdk-21.0.8-oracle-x64/lib/libjimage.so
761d2a091000-761d2a093000 r--p 0001d000 08:03 5680392                    /usr/lib/jvm/jdk-21.0.8-oracle-x64/lib/libjimage.so
761d2a093000-761d2a094000 rw-p 0001f000 08:03 5680392                    /usr/lib/jvm/jdk-21.0.8-oracle-x64/lib/libjimage.so
761d2a094000-761d2a095000 r--p 00000000 08:03 5650443                    /usr/lib/x86_64-linux-gnu/librt.so.1
761d2a095000-761d2a096000 r-xp 00001000 08:03 5650443                    /usr/lib/x86_64-linux-gnu/librt.so.1
761d2a096000-761d2a097000 r--p 00002000 08:03 5650443                    /usr/lib/x86_64-linux-gnu/librt.so.1
761d2a097000-761d2a098000 r--p 00002000 08:03 5650443                    /usr/lib/x86_64-linux-gnu/librt.so.1
761d2a098000-761d2a099000 rw-p 00003000 08:03 5650443                    /usr/lib/x86_64-linux-gnu/librt.so.1
761d2a099000-761d2a09d000 rw-p 00000000 00:00 0 
761d2a09d000-761d2a09e000 r--p 00000000 08:03 5649500                    /usr/lib/x86_64-linux-gnu/libdl.so.2
761d2a09e000-761d2a09f000 r-xp 00001000 08:03 5649500                    /usr/lib/x86_64-linux-gnu/libdl.so.2
761d2a09f000-761d2a0a0000 r--p 00002000 08:03 5649500                    /usr/lib/x86_64-linux-gnu/libdl.so.2
761d2a0a0000-761d2a0a1000 r--p 00002000 08:03 5649500                    /usr/lib/x86_64-linux-gnu/libdl.so.2
761d2a0a1000-761d2a0a2000 rw-p 00003000 08:03 5649500                    /usr/lib/x86_64-linux-gnu/libdl.so.2
761d2a0a2000-761d2a0a3000 r--p 00000000 08:03 5650375                    /usr/lib/x86_64-linux-gnu/libpthread.so.0
761d2a0a3000-761d2a0a4000 r-xp 00001000 08:03 5650375                    /usr/lib/x86_64-linux-gnu/libpthread.so.0
761d2a0a4000-761d2a0a5000 r--p 00002000 08:03 5650375                    /usr/lib/x86_64-linux-gnu/libpthread.so.0
761d2a0a5000-761d2a0a6000 r--p 00002000 08:03 5650375                    /usr/lib/x86_64-linux-gnu/libpthread.so.0
761d2a0a6000-761d2a0a7000 rw-p 00003000 08:03 5650375                    /usr/lib/x86_64-linux-gnu/libpthread.so.0
761d2a0a7000-761d2a0b5000 r-xp 00000000 08:03 5680393                    /usr/lib/jvm/jdk-21.0.8-oracle-x64/lib/libjli.so
761d2a0b5000-761d2a0b6000 ---p 0000e000 08:03 5680393                    /usr/lib/jvm/jdk-21.0.8-oracle-x64/lib/libjli.so
761d2a0b6000-761d2a0b7000 r--p 0000e000 08:03 5680393                    /usr/lib/jvm/jdk-21.0.8-oracle-x64/lib/libjli.so
761d2a0b7000-761d2a0b8000 rw-p 0000f000 08:03 5680393                    /usr/lib/jvm/jdk-21.0.8-oracle-x64/lib/libjli.so
761d2a0b8000-761d2a0ba000 r--p 00000000 08:03 5650898                    /usr/lib/x86_64-linux-gnu/libz.so.1.3
761d2a0ba000-761d2a0cc000 r-xp 00002000 08:03 5650898                    /usr/lib/x86_64-linux-gnu/libz.so.1.3
761d2a0cc000-761d2a0d2000 r--p 00014000 08:03 5650898                    /usr/lib/x86_64-linux-gnu/libz.so.1.3
761d2a0d2000-761d2a0d3000 r--p 0001a000 08:03 5650898                    /usr/lib/x86_64-linux-gnu/libz.so.1.3
761d2a0d3000-761d2a0d4000 rw-p 0001b000 08:03 5650898                    /usr/lib/x86_64-linux-gnu/libz.so.1.3
761d2a0d5000-761d2a0dc000 r--s 00000000 08:03 5787523                    /usr/lib/x86_64-linux-gnu/gconv/gconv-modules.cache
761d2a0dc000-761d2a0e4000 rw-s 00000000 08:03 1838362                    /tmp/hsperfdata_johncarlo/2556
761d2a0e4000-761d2a0e5000 ---p 00000000 00:00 0 
761d2a0e5000-761d2a0e6000 r--p 00000000 00:00 0 
761d2a0e6000-761d2a0e7000 ---p 00000000 00:00 0 
761d2a0e7000-761d2a0e9000 rw-p 00000000 00:00 0 
761d2a0e9000-761d2a0ea000 r--p 00000000 08:03 5648895                    /usr/lib/x86_64-linux-gnu/ld-linux-x86-64.so.2
761d2a0ea000-761d2a115000 r-xp 00001000 08:03 5648895                    /usr/lib/x86_64-linux-gnu/ld-linux-x86-64.so.2
761d2a115000-761d2a11f000 r--p 0002c000 08:03 5648895                    /usr/lib/x86_64-linux-gnu/ld-linux-x86-64.so.2
761d2a11f000-761d2a121000 r--p 00036000 08:03 5648895                    /usr/lib/x86_64-linux-gnu/ld-linux-x86-64.so.2
761d2a121000-761d2a123000 rw-p 00038000 08:03 5648895                    /usr/lib/x86_64-linux-gnu/ld-linux-x86-64.so.2
7fff0a9aa000-7fff0a9cb000 rw-p 00000000 00:00 0                          [stack]
7fff0a9e9000-7fff0a9ed000 r--p 00000000 00:00 0                          [vvar]
7fff0a9ed000-7fff0a9ef000 r-xp 00000000 00:00 0                          [vdso]
ffffffffff600000-ffffffffff601000 --xp 00000000 00:00 0                  [vsyscall]
Total number of mappings: 189


VM Arguments:
jvm_args: -Dapplication.home=/usr/lib/jvm/jdk-21.0.8-oracle-x64 --add-modules=ALL-DEFAULT -Xms8m -Djdk.module.main=jdk.compiler 
java_command: jdk.compiler/com.sun.tools.javac.Main -cp .:/home/johncarlo/jdbc/sql_driver/mysql-connector-j-9.6.0.jar Admin.java
java_class_path (initial): <not set>
Launcher Type: SUN_STANDARD

[Global flags]
     intx CICompilerCount                          = 2                                         {product} {ergonomic}
     uint ConcGCThreads                            = 1                                         {product} {ergonomic}
     uint G1ConcRefinementThreads                  = 2                                         {product} {ergonomic}
   size_t G1HeapRegionSize                         = 1048576                                   {product} {ergonomic}
    uintx GCDrainStackTargetSize                   = 64                                        {product} {ergonomic}
   size_t InitialHeapSize                          = 8388608                                   {product} {command line}
   size_t MarkStackSize                            = 4194304                                   {product} {ergonomic}
   size_t MaxHeapSize                              = 513802240                                 {product} {ergonomic}
   size_t MaxNewSize                               = 308281344                                 {product} {ergonomic}
   size_t MinHeapDeltaBytes                        = 1048576                                   {product} {ergonomic}
   size_t MinHeapSize                              = 8388608                                   {product} {command line}
    uintx NonNMethodCodeHeapSize                   = 5826188                                {pd product} {ergonomic}
    uintx NonProfiledCodeHeapSize                  = 122916026                              {pd product} {ergonomic}
    uintx ProfiledCodeHeapSize                     = 122916026                              {pd product} {ergonomic}
    uintx ReservedCodeCacheSize                    = 251658240                              {pd product} {ergonomic}
     bool SegmentedCodeCache                       = true                                      {product} {ergonomic}
   size_t SoftMaxHeapSize                          = 513802240                              {manageable} {ergonomic}
     bool UseCompressedOops                        = true                           {product lp64_product} {ergonomic}
     bool UseG1GC                                  = true                                      {product} {ergonomic}

Logging:
Log output configuration:
 #0: stdout all=warning uptime,level,tags foldmultilines=false
 #1: stderr all=off uptime,level,tags foldmultilines=false

Environment Variables:
PATH=/usr/local/sbin:/usr/local/bin:/usr/sbin:/usr/bin:/sbin:/bin:/usr/games:/usr/local/games:/snap/bin
SHELL=/bin/bash
DISPLAY=:0.0
LANG=en_PH.UTF-8

Active Locale:
LC_ALL=en_PH.UTF-8
LC_COLLATE=en_PH.UTF-8
LC_CTYPE=en_PH.UTF-8
LC_MESSAGES=en_PH.UTF-8
LC_MONETARY=en_PH.UTF-8
LC_NUMERIC=en_PH.UTF-8
LC_TIME=en_PH.UTF-8

Signal Handlers:
   SIGSEGV: crash_handler in libjvm.so, mask=11100100010111111101111111111110, flags=SA_RESTART|SA_SIGINFO, unblocked
    SIGBUS: crash_handler in libjvm.so, mask=11100100010111111101111111111110, flags=SA_RESTART|SA_SIGINFO, unblocked
    SIGFPE: crash_handler in libjvm.so, mask=11100100010111111101111111111110, flags=SA_RESTART|SA_SIGINFO, unblocked
   SIGPIPE: javaSignalHandler in libjvm.so, mask=11100100010111111101111111111110, flags=SA_RESTART|SA_SIGINFO, blocked
   SIGXFSZ: javaSignalHandler in libjvm.so, mask=11100100010111111101111111111110, flags=SA_RESTART|SA_SIGINFO, blocked
    SIGILL: crash_handler in libjvm.so, mask=11100100010111111101111111111110, flags=SA_RESTART|SA_SIGINFO, unblocked
   SIGUSR2: SR_handler in libjvm.so, mask=00000000000000000000000000000000, flags=SA_RESTART|SA_SIGINFO, blocked
    SIGHUP: UserHandler in libjvm.so, mask=11100100010111111101111111111110, flags=SA_RESTART|SA_SIGINFO, blocked
    SIGINT: UserHandler in libjvm.so, mask=11100100010111111101111111111110, flags=SA_RESTART|SA_SIGINFO, blocked
   SIGTERM: UserHandler in libjvm.so, mask=11100100010111111101111111111110, flags=SA_RESTART|SA_SIGINFO, blocked
   SIGQUIT: UserHandler in libjvm.so, mask=11100100010111111101111111111110, flags=SA_RESTART|SA_SIGINFO, blocked
   SIGTRAP: crash_handler in libjvm.so, mask=11100100010111111101111111111110, flags=SA_RESTART|SA_SIGINFO, unblocked


Periodic native trim disabled

---------------  S Y S T E M  ---------------

OS:
DISTRIB_ID=LinuxMint
DISTRIB_RELEASE=22.1
DISTRIB_CODENAME=xia
DISTRIB_DESCRIPTION="Linux Mint 22.1 Xia"
uname: Linux 6.8.0-51-generic #52-Ubuntu SMP PREEMPT_DYNAMIC Thu Dec  5 13:09:44 UTC 2024 x86_64
OS uptime: 0 days 0:44 hours
libc: glibc 2.39 NPTL 2.39 
rlimit (soft/hard): STACK 8192k/infinity , CORE 0k/infinity , NPROC 7524/7524 , NOFILE 1048576/1048576 , AS infinity/infinity , CPU infinity/infinity , DATA infinity/infinity , FSIZE infinity/infinity , MEMLOCK 250596k/250596k
load average: 0.28 0.22 0.29

/proc/meminfo:
MemTotal:        2004780 kB
MemFree:          181576 kB
MemAvailable:     808048 kB
Buffers:           16628 kB
Cached:           813816 kB
SwapCached:         5124 kB
Active:           605728 kB
Inactive:         942532 kB
Active(anon):     219724 kB
Inactive(anon):   593808 kB
Active(file):     386004 kB
Inactive(file):   348724 kB
Unevictable:       91220 kB
Mlocked:             112 kB
SwapTotal:       4001788 kB
SwapFree:        3875348 kB
Zswap:                 0 kB
Zswapped:              0 kB
Dirty:                72 kB
Writeback:             0 kB
AnonPages:        806260 kB
Mapped:           229688 kB
Shmem:             95716 kB
KReclaimable:      46436 kB
Slab:             123328 kB
SReclaimable:      46436 kB
SUnreclaim:        76892 kB
KernelStack:        7712 kB
PageTables:        17032 kB
SecPageTables:         0 kB
NFS_Unstable:          0 kB
Bounce:                0 kB
WritebackTmp:          0 kB
CommitLimit:     5004176 kB
Committed_AS:    4136136 kB
VmallocTotal:   34359738367 kB
VmallocUsed:       26588 kB
VmallocChunk:          0 kB
Percpu:             2528 kB
HardwareCorrupted:     0 kB
AnonHugePages:         0 kB
ShmemHugePages:        0 kB
ShmemPmdMapped:        0 kB
FileHugePages:         0 kB
FilePmdMapped:         0 kB
Unaccepted:            0 kB
HugePages_Total:       0
HugePages_Free:        0
HugePages_Rsvd:        0
HugePages_Surp:        0
Hugepagesize:       2048 kB
Hugetlb:               0 kB
DirectMap4k:      119360 kB
DirectMap2M:     1968128 kB

/sys/kernel/mm/transparent_hugepage/enabled: always [madvise] never
/sys/kernel/mm/transparent_hugepage/defrag (defrag/compaction efforts parameter): always defer defer+madvise [madvise] never

Process Memory:
Virtual Size: 3107392K (peak: 3107392K)
Resident Set Size: 90140K (peak: 90140K) (anon: 56952K, file: 33188K, shmem: 0K)
Swapped out: 0K
C-Heap outstanding allocations: 20621K, retained: 1958K
glibc malloc tunables: (default)

/proc/sys/kernel/threads-max (system-wide limit on the number of threads): 15049
/proc/sys/vm/max_map_count (maximum number of memory map areas a process may have): 1048576
/proc/sys/kernel/pid_max (system-wide limit on number of process identifiers): 4194304

container (cgroup) information:
container_type: cgroupv2
cpu_cpuset_cpus: not supported
cpu_memory_nodes: not supported
active_processor_count: 2
cpu_quota: no quota
cpu_period: 100000
cpu_shares: no shares
memory_limit_in_bytes: unlimited
memory_and_swap_limit_in_bytes: unlimited
memory_soft_limit_in_bytes: 0
memory_usage_in_bytes: 839740 k
memory_max_usage_in_bytes: not supported
memory_swap_current_in_bytes: 8 k
memory_swap_max_limit_in_bytes: unlimited
maximum number of tasks: unlimited
current number of tasks: 149

Steal ticks since vm start: 0
Steal ticks percentage since vm start:  0.000

CPU: total 4 (initial active 2) (2 cores per cpu, 1 threads per core) family 6 model 23 stepping 10 microcode 0xa0b, cx8, cmov, fxsr, mmx, sse, sse2, sse3, ssse3, sse4.1, tsc, clflush
CPU Model and flags from /proc/cpuinfo:
model name	: Intel(R) Core(TM)2 Duo CPU     E7500  @ 2.93GHz
flags		: fpu vme de pse tsc msr pae mce cx8 apic sep mtrr pge mca cmov pat pse36 clflush dts acpi mmx fxsr sse sse2 ht tm pbe syscall nx lm constant_tsc arch_perfmon pebs bts rep_good nopl cpuid aperfmperf pni dtes64 monitor ds_cpl vmx est tm2 ssse3 cx16 xtpr pdcm sse4_1 xsave lahf_lm pti tpr_shadow flexpriority vpid dtherm vnmi

Online cpus: 0-1
Offline cpus: 2-3
BIOS frequency limitation: 2926000
Frequency switch latency (ns): 10000
Available cpu frequencies: 2926000 2128000 1596000 
Current governor: schedutil
Core performance/turbo boost: <Not Available>

Memory: 4k page, physical 2004780k(808048k free), swap 4001788k(3875348k free)
Page Sizes: 4k

vm_info: Java HotSpot(TM) 64-Bit Server VM (21.0.8+12-LTS-250) for linux-amd64 JRE (21.0.8+12-LTS-250), built on 2025-06-27T08:11:22Z by "mach5one" with gcc 13.2.0

END.
