#
# A fatal error has been detected by the Java Runtime Environment:
#
#  SIGSEGV (0xb) at pc=0x000078e03adfc7e0, pid=2355, tid=2356
#
# JRE version: Java(TM) SE Runtime Environment (21.0.8+12) (build 21.0.8+12-LTS-250)
# Java VM: Java HotSpot(TM) 64-Bit Server VM (21.0.8+12-LTS-250, mixed mode, sharing, tiered, compressed oops, compressed class ptrs, g1 gc, linux-amd64)
# Problematic frame:
# V  [libjvm.so+0x5fc7e0]  ClassLoaderData::metaspace_non_null()+0x0
#
# Core dump will be written. Default location: Core dumps may be processed with "/usr/lib/systemd/systemd-coredump %P %u %g %s %t 9223372036854775808 %h" (or dumping to /home/johncarlo/Desktop/students_system/core.2355)
#
# If you would like to submit a bug report, please visit:
#   https://bugreport.java.com/bugreport/crash.jsp
#

---------------  S U M M A R Y ------------

Command Line: -Dapplication.home=/usr/lib/jvm/jdk-21.0.8-oracle-x64 --add-modules=ALL-DEFAULT -Xms8m -Djdk.module.main=jdk.compiler jdk.compiler/com.sun.tools.javac.Main -cp .:/home/johncarlo/jdbc/sql_driver/mysql-connector-j-9.6.0.jar student.java

Host: Intel(R) Core(TM)2 Duo CPU     E7500  @ 2.93GHz, 4 cores, 1G, Linux Mint 22.1 Xia
Time: Tue Mar 17 18:55:20 2026 PST elapsed time: 0.421207 seconds (0d 0h 0m 0s)

---------------  T H R E A D  ---------------

Current thread (0x000078e0340285a0):  JavaThread "main"             [_thread_in_vm, id=2356, stack(0x000078e03bd00000,0x000078e03be00000) (1024K)]

Stack: [0x000078e03bd00000,0x000078e03be00000],  sp=0x000078e03bdfe458,  free space=1017k
Native frames: (J=compiled Java code, j=interpreted, Vv=VM code, C=native code)
V  [libjvm.so+0x5fc7e0]  ClassLoaderData::metaspace_non_null()+0x0
V  [libjvm.so+0xc59097]  MethodCounters::allocate_with_exception(methodHandle const&, JavaThread*)+0x37
V  [libjvm.so+0xc5428b]  Method::build_method_counters(Thread*, Method*)+0x12b
V  [libjvm.so+0x8e2bbf]  InterpreterRuntime::build_method_counters(JavaThread*, Method*)+0x1f
j  com.sun.tools.javac.file.Locations$SimpleLocationHandler.getPaths()Ljava/util/Collection;+0 jdk.compiler@21.0.8
j  com.sun.tools.javac.file.Locations$LocationHandler.isSet()Z+1 jdk.compiler@21.0.8
j  com.sun.tools.javac.file.Locations.hasLocation(Ljavax/tools/JavaFileManager$Location;)Z+15 jdk.compiler@21.0.8
j  com.sun.tools.javac.file.JavacFileManager.hasLocation(Ljavax/tools/JavaFileManager$Location;)Z+10 jdk.compiler@21.0.8
j  com.sun.tools.javac.main.Arguments.validate()Z+1494 jdk.compiler@21.0.8
j  com.sun.tools.javac.main.Main.compile([Ljava/lang/String;Lcom/sun/tools/javac/util/Context;)Lcom/sun/tools/javac/main/Main$Result;+403 jdk.compiler@21.0.8
j  com.sun.tools.javac.main.Main.compile([Ljava/lang/String;)Lcom/sun/tools/javac/main/Main$Result;+15 jdk.compiler@21.0.8
j  com.sun.tools.javac.Main.compile([Ljava/lang/String;)I+12 jdk.compiler@21.0.8
j  com.sun.tools.javac.Main.main([Ljava/lang/String;)V+1 jdk.compiler@21.0.8
v  ~StubRoutines::call_stub 0x000078e023f38cc4
V  [libjvm.so+0x8eefca]  JavaCalls::call_helper(JavaValue*, methodHandle const&, JavaCallArguments*, JavaThread*)+0x2da
V  [libjvm.so+0x9948bd]  jni_invoke_static(JNIEnv_*, JavaValue*, _jobject*, JNICallType, _jmethodID*, JNI_ArgumentPusher*, JavaThread*) [clone .constprop.1]+0x36d
V  [libjvm.so+0x99717b]  jni_CallStaticVoidMethod+0x12b
C  [libjli.so+0x5206]  JavaMain+0xfb6
C  [libjli.so+0x7e79]  ThreadJavaMain+0x9
C  [libc.so.6+0x9ca94]
Java frames: (J=compiled Java code, j=interpreted, Vv=VM code)
j  com.sun.tools.javac.file.Locations$SimpleLocationHandler.getPaths()Ljava/util/Collection;+0 jdk.compiler@21.0.8
j  com.sun.tools.javac.file.Locations$LocationHandler.isSet()Z+1 jdk.compiler@21.0.8
j  com.sun.tools.javac.file.Locations.hasLocation(Ljavax/tools/JavaFileManager$Location;)Z+15 jdk.compiler@21.0.8
j  com.sun.tools.javac.file.JavacFileManager.hasLocation(Ljavax/tools/JavaFileManager$Location;)Z+10 jdk.compiler@21.0.8
j  com.sun.tools.javac.main.Arguments.validate()Z+1494 jdk.compiler@21.0.8
j  com.sun.tools.javac.main.Main.compile([Ljava/lang/String;Lcom/sun/tools/javac/util/Context;)Lcom/sun/tools/javac/main/Main$Result;+403 jdk.compiler@21.0.8
j  com.sun.tools.javac.main.Main.compile([Ljava/lang/String;)Lcom/sun/tools/javac/main/Main$Result;+15 jdk.compiler@21.0.8
j  com.sun.tools.javac.Main.compile([Ljava/lang/String;)I+12 jdk.compiler@21.0.8
j  com.sun.tools.javac.Main.main([Ljava/lang/String;)V+1 jdk.compiler@21.0.8
v  ~StubRoutines::call_stub 0x000078e023f38cc4

siginfo: si_signo: 11 (SIGSEGV), si_code: 1 (SEGV_MAPERR), si_addr: 0x000078c0340de0c0

Registers:
RAX=0x0000000000000000, RBX=0x0000000000000006, RCX=0x000078e0340285a0, RDX=0x000000000000000d
RSP=0x000078e03bdfe458, RBP=0x000078e03bdfe4a0, RSI=0x0000000000000006, RDI=0x000078c0340de0b0
R8 =0x000078e0340285a0, R9 =0x0000000000000000, R10=0x000078dfbf000000, R11=0x000078e01ca13560
R12=0x000078e0340285a0, R13=0x000000000000000d, R14=0x000078c0340de0b0, R15=0x0000000000000001
RIP=0x000078e03adfc7e0, EFLAGS=0x0000000000010202, CSGSFS=0x002b000000000033, ERR=0x0000000000000004
  TRAPNO=0x000000000000000e


Register to memory mapping:

RAX=0x0 is null
RBX=0x0000000000000006 is an unknown value
RCX=0x000078e0340285a0 is a thread
RDX=0x000000000000000d is an unknown value
RSP=0x000078e03bdfe458 is pointing into the stack for thread: 0x000078e0340285a0
RBP=0x000078e03bdfe4a0 is pointing into the stack for thread: 0x000078e0340285a0
RSI=0x0000000000000006 is an unknown value
RDI=0x000078c0340de0b0 is an unknown value
R8 =0x000078e0340285a0 is a thread
R9 =0x0 is null
R10=0x000078dfbf000000 is pointing into metadata
R11=0x000078e01ca13560 is at entry_point+32 in (nmethod*)0x000078e01ca13390
Compiled method (c1)     459   87       3       java.util.HashMap::get (19 bytes)
 total in heap  [0x000078e01ca13390,0x000078e01ca13790] = 1024
 relocation     [0x000078e01ca134e8,0x000078e01ca13538] = 80
 main code      [0x000078e01ca13540,0x000078e01ca136b8] = 376
 stub code      [0x000078e01ca136b8,0x000078e01ca136f8] = 64
 metadata       [0x000078e01ca136f8,0x000078e01ca13700] = 8
 scopes data    [0x000078e01ca13700,0x000078e01ca13728] = 40
 scopes pcs     [0x000078e01ca13728,0x000078e01ca13778] = 80
 dependencies   [0x000078e01ca13778,0x000078e01ca13780] = 8
 nul chk table  [0x000078e01ca13780,0x000078e01ca13790] = 16
R12=0x000078e0340285a0 is a thread
R13=0x000000000000000d is an unknown value
R14=0x000078c0340de0b0 is an unknown value
R15=0x0000000000000001 is an unknown value

Top of Stack: (sp=0x000078e03bdfe458)
0x000078e03bdfe458:   000078e03b43f573 000078e03bdfe460
0x000078e03bdfe468:   00000001bfbad500 0000000000000003
0x000078e03bdfe478:   000078e0340285a0 000078e03bdfe4d0
0x000078e03bdfe488:   000078e03bdfe4d0 000078e03bc27930
0x000078e03bdfe498:   000078e0340285a0 000078e03bdfe4c0
0x000078e03bdfe4a8:   000078e03b459097 000078e0340285a0
0x000078e03bdfe4b8:   000078dfb44f93c0 000078e03bdfe510
0x000078e03bdfe4c8:   000078e03b45428b 000078dfb44f93c0
0x000078e03bdfe4d8:   000078e0340285a0 000078dfb44c8000
0x000078e03bdfe4e8:   000078e0340285a0 0000000000000000
0x000078e03bdfe4f8:   000078dfb44f93a0 000078e03bdfe5b0
0x000078e03bdfe508:   000078e0340285a0 000078e03bdfe540
0x000078e03bdfe518:   000078e03b0e2bbf 00000000e1cec9a0
0x000078e03bdfe528:   000078dfb44f93c0 0000000000000000
0x000078e03bdfe538:   000078dfb44f93a0 000078e03bdfe5a0
0x000078e03bdfe548:   000078e023f436fb 000078e023f436b8
0x000078e03bdfe558:   000078e03bdfe558 000078dfb44f93a0
0x000078e03bdfe568:   0000000000000002 000078dfb44ff498
0x000078e03bdfe578:   0000000000000000 00000000e1ce2460
0x000078e03bdfe588:   000078dfb44f93c0 0000000000000000
0x000078e03bdfe598:   000078e03bdfe5b0 000078e03bdfe600
0x000078e03bdfe5a8:   000078e023f402f2 00000000e1ce7ef0
0x000078e03bdfe5b8:   000078e03bdfe5b8 000078dfb44f2599
0x000078e03bdfe5c8:   0000000000000002 000078dfb44fe100
0x000078e03bdfe5d8:   0000000000000000 00000000e1ce1458
0x000078e03bdfe5e8:   000078dfb44f25b8 000078e03bdfe5b0
0x000078e03bdfe5f8:   000078e03bdfe610 000078e03bdfe660
0x000078e03bdfe608:   000078e023f402a8 00000000e1ce7ef0
0x000078e03bdfe618:   000078e03bdfe618 000078dfb44f701f
0x000078e03bdfe628:   0000000000000004 000078dfb44fb628
0x000078e03bdfe638:   0000000000000000 00000000e1ce0f10
0x000078e03bdfe648:   000078dfb44f7050 000078e03bdfe610 

Instructions: (pc=0x000078e03adfc7e0)
0x000078e03adfc6e0:   e9 9b e3 85 00 90 66 2e 0f 1f 84 00 00 00 00 00
0x000078e03adfc6f0:   48 3b 3d 59 b1 e2 00 74 67 55 48 89 e5 53 48 89
0x000078e03adfc700:   fb 48 83 ec 08 48 8b 7f 08 48 85 ff 74 42 ff 15
0x000078e03adfc710:   fc 28 df 00 48 85 c0 74 37 48 8b 7b 08 48 85 ff
0x000078e03adfc720:   74 09 ff 15 e8 28 df 00 48 89 c7 e8 d0 e2 85 00
0x000078e03adfc730:   84 c0 75 1c 48 8b 7b 08 48 85 ff 74 09 ff 15 cd
0x000078e03adfc740:   28 df 00 48 89 c7 48 8b 5d f8 c9 e9 30 e3 85 00
0x000078e03adfc750:   48 8b 5d f8 b8 01 00 00 00 c9 c3 0f 1f 44 00 00
0x000078e03adfc760:   b8 01 00 00 00 c3 66 2e 0f 1f 84 00 00 00 00 00
0x000078e03adfc770:   55 48 89 e5 53 48 89 fb 48 83 ec 08 48 3b 3d cd
0x000078e03adfc780:   b0 e2 00 74 4b 48 8b 7f 08 48 85 ff 74 42 ff 15
0x000078e03adfc790:   7c 28 df 00 48 85 c0 74 37 48 8b 7b 08 48 85 ff
0x000078e03adfc7a0:   74 09 ff 15 68 28 df 00 48 89 c7 e8 50 e2 85 00
0x000078e03adfc7b0:   84 c0 75 1c 48 8b 7b 08 48 85 ff 74 09 ff 15 4d
0x000078e03adfc7c0:   28 df 00 48 89 c7 e8 b5 e2 85 00 84 c0 74 08 90
0x000078e03adfc7d0:   0f b6 43 21 83 f0 01 48 8b 5d f8 c9 c3 90 66 90
0x000078e03adfc7e0:   48 8b 47 10 48 85 c0 74 07 c3 66 0f 1f 44 00 00
0x000078e03adfc7f0:   55 48 89 e5 41 54 53 48 89 fb 48 83 ec 10 4c 8b
0x000078e03adfc800:   67 18 4d 85 e4 74 31 4c 89 e7 e8 11 4b 68 00 48
0x000078e03adfc810:   8b 43 10 48 85 c0 74 29 4c 89 e7 48 89 45 e8 e8
0x000078e03adfc820:   2c 4c 68 00 48 8b 45 e8 48 83 c4 10 5b 41 5c 5d
0x000078e03adfc830:   c3 0f 1f 80 00 00 00 00 48 8b 47 10 48 85 c0 75
0x000078e03adfc840:   e7 48 3b 1d 08 b0 e2 00 0f 84 12 01 00 00 80 7b
0x000078e03adfc850:   21 00 0f 85 90 00 00 00 48 8b 7b 08 48 85 ff 74
0x000078e03adfc860:   09 ff 15 a9 27 df 00 48 89 c7 48 8d 05 8f 9b e7
0x000078e03adfc870:   00 48 8b b0 b0 01 00 00 48 8d 05 31 8e df 00 80
0x000078e03adfc880:   38 00 0f 84 c8 00 00 00 48 8d 05 f1 76 df 00 8b
0x000078e03adfc890:   7f 08 8b 48 08 48 d3 e7 48 03 38 8b 56 14 48 3b
0x000078e03adfc8a0:   34 17 74 7d 83 fa 20 74 6f 31 d2 be 01 00 00 00
0x000078e03adfc8b0:   bf 20 00 00 00 e8 56 40 e1 ff 48 8b 73 18 31 d2
0x000078e03adfc8c0:   48 89 c7 48 89 45 e8 e8 94 85 00 00 48 8b 45 e8
0x000078e03adfc8d0:   48 89 43 10 4d 85 e4 0f 85 3b ff ff ff e9 46 ff 


Stack slot to memory mapping:

stack at sp + 0 slots: 0x000078e03b43f573: <offset 0x0000000000c3f573> in /usr/lib/jvm/jdk-21.0.8-oracle-x64/lib/server/libjvm.so at 0x000078e03a800000
stack at sp + 1 slots: 0x000078e03bdfe460 is pointing into the stack for thread: 0x000078e0340285a0
stack at sp + 2 slots: 0x00000001bfbad500 is an unknown value
stack at sp + 3 slots: 0x0000000000000003 is an unknown value
stack at sp + 4 slots: 0x000078e0340285a0 is a thread
stack at sp + 5 slots: 0x000078e03bdfe4d0 is pointing into the stack for thread: 0x000078e0340285a0
stack at sp + 6 slots: 0x000078e03bdfe4d0 is pointing into the stack for thread: 0x000078e0340285a0
stack at sp + 7 slots: 0x000078e03bc27930: <offset 0x0000000001427930> in /usr/lib/jvm/jdk-21.0.8-oracle-x64/lib/server/libjvm.so at 0x000078e03a800000


---------------  P R O C E S S  ---------------

Threads class SMR info:
_java_thread_list=0x000078e03410cfc0, length=10, elements={
0x000078e0340285a0, 0x000078e0340977f0, 0x000078e034098d50, 0x000078e03409a4d0,
0x000078e03409bb00, 0x000078e03409d090, 0x000078e03409ebc0, 0x000078e0340a0270,
0x000078e0340d8930, 0x000078e03410be70
}

Java Threads: ( => current thread )
=>0x000078e0340285a0 JavaThread "main"                              [_thread_in_vm, id=2356, stack(0x000078e03bd00000,0x000078e03be00000) (1024K)]
  0x000078e0340977f0 JavaThread "Reference Handler"          daemon [_thread_blocked, id=2364, stack(0x000078e038f1b000,0x000078e03901b000) (1024K)]
  0x000078e034098d50 JavaThread "Finalizer"                  daemon [_thread_blocked, id=2365, stack(0x000078e038300000,0x000078e038400000) (1024K)]
  0x000078e03409a4d0 JavaThread "Signal Dispatcher"          daemon [_thread_blocked, id=2366, stack(0x000078e038200000,0x000078e038300000) (1024K)]
  0x000078e03409bb00 JavaThread "Service Thread"             daemon [_thread_blocked, id=2367, stack(0x000078e038100000,0x000078e038200000) (1024K)]
  0x000078e03409d090 JavaThread "Monitor Deflation Thread"   daemon [_thread_blocked, id=2368, stack(0x000078e038000000,0x000078e038100000) (1024K)]
  0x000078e03409ebc0 JavaThread "C2 CompilerThread0"         daemon [_thread_blocked, id=2369, stack(0x000078e01c900000,0x000078e01ca00000) (1024K)]
  0x000078e0340a0270 JavaThread "C1 CompilerThread0"         daemon [_thread_blocked, id=2370, stack(0x000078e01c800000,0x000078e01c900000) (1024K)]
  0x000078e0340d8930 JavaThread "Common-Cleaner"             daemon [_thread_blocked, id=2371, stack(0x000078e01c700000,0x000078e01c800000) (1024K)]
  0x000078e03410be70 JavaThread "Notification Thread"        daemon [_thread_blocked, id=2372, stack(0x000078e01c600000,0x000078e01c700000) (1024K)]
Total: 10

Other Threads:
  0x000078e03408e400 VMThread "VM Thread"                           [id=2363, stack(0x000078e03901c000,0x000078e03911c000) (1024K)]
  0x000078e03407c780 WatcherThread "VM Periodic Task Thread"        [id=2362, stack(0x000078e03911d000,0x000078e03921d000) (1024K)]
  0x000078e034053d80 WorkerThread "GC Thread#0"                     [id=2357, stack(0x000078e039900000,0x000078e039a00000) (1024K)]
  0x000078e034059080 ConcurrentGCThread "G1 Main Marker"            [id=2358, stack(0x000078e0397ff000,0x000078e0398ff000) (1024K)]
  0x000078e03405a020 WorkerThread "G1 Conc#0"                       [id=2359, stack(0x000078e0396fe000,0x000078e0397fe000) (1024K)]
  0x000078e03406ac50 ConcurrentGCThread "G1 Refine#0"               [id=2360, stack(0x000078e0393fb000,0x000078e0394fb000) (1024K)]
  0x000078e03406bc00 ConcurrentGCThread "G1 Service"                [id=2361, stack(0x000078e0392fa000,0x000078e0393fa000) (1024K)]
Total: 7

Threads with active compile tasks:
Total: 0

VM state: not at safepoint (normal execution)

VM Mutex/Monitor currently owned by a thread: None

Heap address: 0x00000000e1600000, size: 490 MB, Compressed Oops mode: 32-bit

CDS archive(s) mapped at: [0x000078dfbf000000-0x000078dfbfcab000-0x000078dfbfcab000), size 13283328, SharedBaseAddress: 0x000078dfbf000000, ArchiveRelocationMode: 1.
Compressed class space mapped at: 0x000078dfc0000000-0x000078e000000000, reserved size: 1073741824
Narrow klass base: 0x000078dfbf000000, Narrow klass shift: 0, Narrow klass range: 0x100000000

GC Precious Log:
 CardTable entry size: 512
 Card Set container configuration: InlinePtr #cards 5 size 8 Array Of Cards #cards 12 size 40 Howl #buckets 4 coarsen threshold 1843 Howl Bitmap #cards 512 size 80 coarsen threshold 460 Card regions per heap region 1 cards per card region 2048
 CPUs: 4 total, 2 available
 Memory: 1957M
 Large Page Support: Disabled
 NUMA Support: Disabled
 Compressed Oops: Enabled (32-bit)
 Heap Region Size: 1M
 Heap Min Capacity: 8M
 Heap Initial Capacity: 8M
 Heap Max Capacity: 490M
 Pre-touch: Disabled
 Parallel Workers: 2
 Concurrent Workers: 1
 Concurrent Refinement Workers: 2
 Periodic GC: Disabled

Heap:
 garbage-first heap   total 10240K, used 3126K [0x00000000e1600000, 0x0000000100000000)
  region size 1024K, 3 young (3072K), 0 survivors (0K)
 Metaspace       used 2218K, committed 2368K, reserved 1114112K
  class space    used 251K, committed 320K, reserved 1048576K

Heap Regions: E=young(eden), S=young(survivor), O=old, HS=humongous(starts), HC=humongous(continues), CS=collection set, F=free, TAMS=top-at-mark-start, PB=parsable bottom
|   0|0x00000000e1600000, 0x00000000e1600000, 0x00000000e1700000|  0%| F|  |TAMS 0x00000000e1600000| PB 0x00000000e1600000| Untracked 
|   1|0x00000000e1700000, 0x00000000e1700000, 0x00000000e1800000|  0%| F|  |TAMS 0x00000000e1700000| PB 0x00000000e1700000| Untracked 
|   2|0x00000000e1800000, 0x00000000e1800000, 0x00000000e1900000|  0%| F|  |TAMS 0x00000000e1800000| PB 0x00000000e1800000| Untracked 
|   3|0x00000000e1900000, 0x00000000e1900000, 0x00000000e1a00000|  0%| F|  |TAMS 0x00000000e1900000| PB 0x00000000e1900000| Untracked 
|   4|0x00000000e1a00000, 0x00000000e1a00000, 0x00000000e1b00000|  0%| F|  |TAMS 0x00000000e1a00000| PB 0x00000000e1a00000| Untracked 
|   5|0x00000000e1b00000, 0x00000000e1b59f28, 0x00000000e1c00000| 35%| E|  |TAMS 0x00000000e1b00000| PB 0x00000000e1b00000| Complete 
|   6|0x00000000e1c00000, 0x00000000e1d00000, 0x00000000e1d00000|100%| E|CS|TAMS 0x00000000e1c00000| PB 0x00000000e1c00000| Complete 
|   7|0x00000000e1d00000, 0x00000000e1e00000, 0x00000000e1e00000|100%| E|CS|TAMS 0x00000000e1d00000| PB 0x00000000e1d00000| Complete 
| 488|0x00000000ffe00000, 0x00000000fff00000, 0x00000000fff00000|100%| O|  |TAMS 0x00000000ffe00000| PB 0x00000000ffe00000| Untracked 
| 489|0x00000000fff00000, 0x00000000fff0d968, 0x0000000100000000|  5%| O|  |TAMS 0x00000000fff00000| PB 0x00000000fff00000| Untracked 

Card table byte_map: [0x000078e03a23e000,0x000078e03a333000] _byte_map_base: 0x000078e039b33000

Marking Bits: (CMBitMap*) 0x000078e0340548a0
 Bits: [0x000078e039a00000, 0x000078e03a1a8000)

Polling page: 0x000078e03c14c000

Metaspace:

Usage:
  Non-class:      1.92 MB used.
      Class:    251.92 KB used.
       Both:      2.17 MB used.

Virtual space:
  Non-class space:       64.00 MB reserved,       2.00 MB (  3%) committed,  1 nodes.
      Class space:        1.00 GB reserved,     320.00 KB ( <1%) committed,  1 nodes.
             Both:        1.06 GB reserved,       2.31 MB ( <1%) committed. 

Chunk freelists:
   Non-Class:  10.82 MB
       Class:  15.57 MB
        Both:  26.39 MB

MaxMetaspaceSize: unlimited
CompressedClassSpaceSize: 1.00 GB
Initial GC threshold: 21.00 MB
Current GC threshold: 21.00 MB
CDS: on
 - commit_granule_bytes: 65536.
 - commit_granule_words: 8192.
 - virtual_space_node_default_size: 8388608.
 - enlarge_chunks_in_place: 1.
 - use_allocation_guard: 0.


Internal statistics:

num_allocs_failed_limit: 0.
num_arena_births: 28.
num_arena_deaths: 0.
num_vsnodes_births: 2.
num_vsnodes_deaths: 0.
num_space_committed: 37.
num_space_uncommitted: 0.
num_chunks_returned_to_freelist: 0.
num_chunks_taken_from_freelist: 101.
num_chunk_merges: 0.
num_chunk_splits: 63.
num_chunks_enlarged: 45.
num_inconsistent_stats: 0.

CodeHeap 'non-profiled nmethods': size=120036Kb used=129Kb max_used=129Kb free=119906Kb
 bounds [0x000078e0244c7000, 0x000078e024737000, 0x000078e02ba00000]
CodeHeap 'profiled nmethods': size=120032Kb used=476Kb max_used=476Kb free=119555Kb
 bounds [0x000078e01ca00000, 0x000078e01cc70000, 0x000078e023f38000]
CodeHeap 'non-nmethods': size=5692Kb used=1273Kb max_used=1287Kb free=4418Kb
 bounds [0x000078e023f38000, 0x000078e0241a8000, 0x000078e0244c7000]
 total_blobs=792 nmethods=389 adapters=310
 compilation: enabled
              stopped_count=0, restarted_count=0
 full_count=0

Compilation events (20 events):
Event: 0.287 Thread 0x000078e0340a0270 nmethod 377 0x000078e01ca72810 code [0x000078e01ca729c0, 0x000078e01ca72b60]
Event: 0.287 Thread 0x000078e0340a0270  378       3       java.util.zip.ZipUtils::CENNAM (9 bytes)
Event: 0.287 Thread 0x000078e0340a0270 nmethod 378 0x000078e01ca72c90 code [0x000078e01ca72e40, 0x000078e01ca72fe0]
Event: 0.287 Thread 0x000078e0340a0270  379       3       java.util.zip.ZipFile$Source::zipCoderForPos (39 bytes)
Event: 0.288 Thread 0x000078e03409ebc0  384       4       java.lang.StringCoding::countPositives (33 bytes)
Event: 0.291 Thread 0x000078e0340a0270 nmethod 379 0x000078e01ca73110 code [0x000078e01ca732e0, 0x000078e01ca736c0]
Event: 0.291 Thread 0x000078e0340a0270  380       3       java.util.zip.ZipCoder$UTF8ZipCoder::checkedHash (79 bytes)
Event: 0.293 Thread 0x000078e03409ebc0 nmethod 384 0x000078e0244e6d90 code [0x000078e0244e6f20, 0x000078e0244e70d0]
Event: 0.294 Thread 0x000078e0340a0270 nmethod 380 0x000078e01ca73890 code [0x000078e01ca73aa0, 0x000078e01ca73ef0]
Event: 0.294 Thread 0x000078e0340a0270  381       3       java.lang.System$2::countPositives (7 bytes)
Event: 0.294 Thread 0x000078e0340a0270 nmethod 381 0x000078e01ca74110 code [0x000078e01ca742c0, 0x000078e01ca74538]
Event: 0.294 Thread 0x000078e0340a0270  382       3       java.util.zip.ZipFile$Source::isMetaName (141 bytes)
Event: 0.294 Thread 0x000078e0340a0270 nmethod 382 0x000078e01ca74690 code [0x000078e01ca74860, 0x000078e01ca74d30]
Event: 0.294 Thread 0x000078e0340a0270  383       3       java.util.zip.ZipFile$Source::nextEntryPos (22 bytes)
Event: 0.294 Thread 0x000078e0340a0270 nmethod 383 0x000078e01ca74f10 code [0x000078e01ca750c0, 0x000078e01ca753e0]
Event: 0.294 Thread 0x000078e0340a0270  385       3       java.util.ImmutableCollections$MapN::get (35 bytes)
Event: 0.294 Thread 0x000078e0340a0270 nmethod 385 0x000078e01ca75590 code [0x000078e01ca75780, 0x000078e01ca75b28]
Event: 0.295 Thread 0x000078e0340a0270  387       1       java.lang.invoke.MethodHandles$Lookup::previousLookupClass (5 bytes)
Event: 0.295 Thread 0x000078e0340a0270 nmethod 387 0x000078e0244e7210 code [0x000078e0244e73a0, 0x000078e0244e7460]
Event: 0.295 Thread 0x000078e0340a0270  389       3       sun.invoke.util.VerifyAccess::isClassAccessible (230 bytes)

GC Heap History (0 events):
No events

Dll operation events (5 events):
Event: 0.004 Loaded shared library /usr/lib/jvm/jdk-21.0.8-oracle-x64/lib/libjava.so
Event: 0.060 Loaded shared library /usr/lib/jvm/jdk-21.0.8-oracle-x64/lib/libjsvml.so
Event: 0.130 Loaded shared library /usr/lib/jvm/jdk-21.0.8-oracle-x64/lib/libnio.so
Event: 0.132 Loaded shared library /usr/lib/jvm/jdk-21.0.8-oracle-x64/lib/libjimage.so
Event: 0.288 Loaded shared library /usr/lib/jvm/jdk-21.0.8-oracle-x64/lib/libzip.so

Deoptimization events (8 events):
Event: 0.183 Thread 0x000078e0340285a0 Uncommon trap: trap_request=0xfffffff4 fr.pc=0x000078e0244da360 relative=0x0000000000000140
Event: 0.183 Thread 0x000078e0340285a0 Uncommon trap: reason=null_check action=make_not_entrant pc=0x000078e0244da360 method=java.lang.String.equals(Ljava/lang/Object;)Z @ 8 c2
Event: 0.183 Thread 0x000078e0340285a0 DEOPT PACKING pc=0x000078e0244da360 sp=0x000078e03bdfd600
Event: 0.183 Thread 0x000078e0340285a0 DEOPT UNPACKING pc=0x000078e023f8bf93 sp=0x000078e03bdfd5b8 mode 2
Event: 0.247 Thread 0x000078e0340285a0 Uncommon trap: trap_request=0xffffffde fr.pc=0x000078e0244d5680 relative=0x00000000000004c0
Event: 0.247 Thread 0x000078e0340285a0 Uncommon trap: reason=class_check action=maybe_recompile pc=0x000078e0244d5680 method=java.util.HashMap.putVal(ILjava/lang/Object;Ljava/lang/Object;ZZ)Ljava/lang/Object; @ 253 c2
Event: 0.247 Thread 0x000078e0340285a0 DEOPT PACKING pc=0x000078e0244d5680 sp=0x000078e03bdfe2c0
Event: 0.247 Thread 0x000078e0340285a0 DEOPT UNPACKING pc=0x000078e023f8bf93 sp=0x000078e03bdfe260 mode 2

Classes loaded (20 events):
Event: 0.279 Loading class sun/net/www/protocol/jrt/JavaRuntimeURLConnection$1
Event: 0.279 Loading class sun/net/www/protocol/jrt/JavaRuntimeURLConnection$1 done
Event: 0.279 Loading class jdk/internal/jimage/ImageBufferCache
Event: 0.279 Loading class jdk/internal/jimage/ImageBufferCache done
Event: 0.279 Loading class jdk/internal/jimage/ImageBufferCache$1
Event: 0.279 Loading class jdk/internal/jimage/ImageBufferCache$1 done
Event: 0.279 Loading class jdk/internal/jimage/ImageBufferCache$2
Event: 0.279 Loading class jdk/internal/jimage/ImageBufferCache$2 done
Event: 0.279 Loading class java/util/AbstractMap$SimpleEntry
Event: 0.279 Loading class java/util/AbstractMap$SimpleEntry done
Event: 0.280 Loading class sun/nio/cs/StreamDecoder
Event: 0.280 Loading class sun/nio/cs/StreamDecoder done
Event: 0.280 Loading class sun/nio/cs/UTF_8$Decoder
Event: 0.280 Loading class java/nio/charset/CharsetDecoder
Event: 0.280 Loading class java/nio/charset/CharsetDecoder done
Event: 0.280 Loading class sun/nio/cs/UTF_8$Decoder done
Event: 0.281 Loading class java/util/LinkedHashMap$LinkedKeySet
Event: 0.281 Loading class java/util/LinkedHashMap$LinkedKeySet done
Event: 0.281 Loading class java/util/LinkedHashMap$LinkedKeyIterator
Event: 0.281 Loading class java/util/LinkedHashMap$LinkedKeyIterator done

Classes unloaded (0 events):
No events

Classes redefined (0 events):
No events

Internal exceptions (6 events):
Event: 0.183 Thread 0x000078e0340285a0 Implicit null exception at 0x000078e0244da263 to 0x000078e0244da350
Event: 0.232 Thread 0x000078e0340285a0 Exception <a 'java/lang/NoSuchMethodError'{0x00000000e1caa890}: 'void java.lang.invoke.DirectMethodHandle$Holder.invokeSpecial(java.lang.Object, java.lang.Object, java.lang.Object)'> (0x00000000e1caa890) 
thrown [open/src/hotspot/share/interpreter/linkResolver.cpp, line 772]
Event: 0.268 Thread 0x000078e0340285a0 Exception <a 'java/lang/NoSuchMethodError'{0x00000000e1cf4978}: 'java.lang.Object java.lang.invoke.DirectMethodHandle$Holder.invokeVirtual(java.lang.Object, java.lang.Object, java.lang.Object)'> (0x00000000e1cf4978) 
thrown [open/src/hotspot/share/interpreter/linkResolver.cpp, line 772]
Event: 0.270 Thread 0x000078e0340285a0 Exception <a 'java/lang/NoSuchMethodError'{0x00000000e1cfdcc8}: 'int java.lang.invoke.DirectMethodHandle$Holder.invokeInterface(java.lang.Object, java.lang.Object)'> (0x00000000e1cfdcc8) 
thrown [open/src/hotspot/share/interpreter/linkResolver.cpp, line 772]
Event: 0.291 Thread 0x000078e0340285a0 Exception <a 'java/lang/NoSuchMethodError'{0x00000000e1b43148}: 'int java.lang.invoke.DirectMethodHandle$Holder.invokeVirtual(java.lang.Object, java.lang.Object, java.lang.Object)'> (0x00000000e1b43148) 
thrown [open/src/hotspot/share/interpreter/linkResolver.cpp, line 772]
Event: 0.293 Thread 0x000078e0340285a0 Exception <a 'java/lang/NoSuchMethodError'{0x00000000e1b48dd8}: 'void java.lang.invoke.DirectMethodHandle$Holder.invokeInterface(java.lang.Object, java.lang.Object, java.lang.Object)'> (0x00000000e1b48dd8) 
thrown [open/src/hotspot/share/interpreter/linkResolver.cpp, line 772]

ZGC Phase Switch (0 events):
No events

VM Operations (6 events):
Event: 0.101 Executing VM operation: HandshakeAllThreads (Deoptimize)
Event: 0.101 Executing VM operation: HandshakeAllThreads (Deoptimize) done
Event: 0.266 Executing VM operation: HandshakeAllThreads (Deoptimize)
Event: 0.266 Executing VM operation: HandshakeAllThreads (Deoptimize) done
Event: 0.273 Executing VM operation: HandshakeAllThreads (Deoptimize)
Event: 0.273 Executing VM operation: HandshakeAllThreads (Deoptimize) done

Events (20 events):
Event: 0.003 Protecting memory [0x000078e03bd00000,0x000078e03bd04000] with protection modes 0
Event: 0.037 Thread 0x000078e0340285a0 Thread added: 0x000078e0340285a0
Event: 0.057 Thread 0x000078e0340977f0 Thread added: 0x000078e0340977f0
Event: 0.057 Protecting memory [0x000078e038f1b000,0x000078e038f1f000] with protection modes 0
Event: 0.058 Thread 0x000078e034098d50 Thread added: 0x000078e034098d50
Event: 0.058 Protecting memory [0x000078e038300000,0x000078e038304000] with protection modes 0
Event: 0.058 Thread 0x000078e03409a4d0 Thread added: 0x000078e03409a4d0
Event: 0.058 Protecting memory [0x000078e038200000,0x000078e038204000] with protection modes 0
Event: 0.059 Thread 0x000078e03409bb00 Thread added: 0x000078e03409bb00
Event: 0.059 Protecting memory [0x000078e038100000,0x000078e038104000] with protection modes 0
Event: 0.059 Thread 0x000078e03409d090 Thread added: 0x000078e03409d090
Event: 0.059 Thread 0x000078e03409ebc0 Thread added: 0x000078e03409ebc0
Event: 0.059 Protecting memory [0x000078e01c900000,0x000078e01c904000] with protection modes 0
Event: 0.061 Protecting memory [0x000078e038000000,0x000078e038004000] with protection modes 0
Event: 0.061 Thread 0x000078e0340a0270 Thread added: 0x000078e0340a0270
Event: 0.061 Protecting memory [0x000078e01c800000,0x000078e01c804000] with protection modes 0
Event: 0.091 Thread 0x000078e0340d8930 Thread added: 0x000078e0340d8930
Event: 0.091 Protecting memory [0x000078e01c700000,0x000078e01c704000] with protection modes 0
Event: 0.127 Thread 0x000078e03410be70 Thread added: 0x000078e03410be70
Event: 0.129 Protecting memory [0x000078e01c600000,0x000078e01c604000] with protection modes 0


Dynamic libraries:
e1600000-e1e00000 rw-p 00000000 00:00 0 
e1e00000-ffe00000 ---p 00000000 00:00 0 
ffe00000-fff0e000 rw-p 00ceb000 08:03 5680422                            /usr/lib/jvm/jdk-21.0.8-oracle-x64/lib/server/classes.jsa
fff0e000-100000000 rw-p 00000000 00:00 0 
63ab3dbae000-63ab3dbaf000 r-xp 00000000 08:03 5680132                    /usr/lib/jvm/jdk-21.0.8-oracle-x64/bin/javac
63ab3dbb0000-63ab3dbb1000 r--p 00001000 08:03 5680132                    /usr/lib/jvm/jdk-21.0.8-oracle-x64/bin/javac
63ab3dbb1000-63ab3dbb2000 rw-p 00002000 08:03 5680132                    /usr/lib/jvm/jdk-21.0.8-oracle-x64/bin/javac
63ab569f5000-63ab56a3b000 rw-p 00000000 00:00 0                          [heap]
78df84000000-78df840c2000 rw-p 00000000 00:00 0 
78df840c2000-78df88000000 ---p 00000000 00:00 0 
78df88000000-78df88172000 rw-p 00000000 00:00 0 
78df88172000-78df8c000000 ---p 00000000 00:00 0 
78df90000000-78df90021000 rw-p 00000000 00:00 0 
78df90021000-78df94000000 ---p 00000000 00:00 0 
78df94000000-78df94021000 rw-p 00000000 00:00 0 
78df94021000-78df98000000 ---p 00000000 00:00 0 
78df9c000000-78df9c021000 rw-p 00000000 00:00 0 
78df9c021000-78dfa0000000 ---p 00000000 00:00 0 
78dfa0000000-78dfa0021000 rw-p 00000000 00:00 0 
78dfa0021000-78dfa4000000 ---p 00000000 00:00 0 
78dfa8000000-78dfa8021000 rw-p 00000000 00:00 0 
78dfa8021000-78dfac000000 ---p 00000000 00:00 0 
78dfac000000-78dfac021000 rw-p 00000000 00:00 0 
78dfac021000-78dfb0000000 ---p 00000000 00:00 0 
78dfb4000000-78dfb40d0000 rw-p 00000000 00:00 0 
78dfb40d0000-78dfb4400000 ---p 00000000 00:00 0 
78dfb4400000-78dfb4530000 rw-p 00000000 00:00 0 
78dfb4530000-78dfb8000000 ---p 00000000 00:00 0 
78dfb8000000-78dfb8021000 rw-p 00000000 00:00 0 
78dfb8021000-78dfbc000000 ---p 00000000 00:00 0 
78dfbf000000-78dfbfcab000 rw-p 00001000 08:03 5680422                    /usr/lib/jvm/jdk-21.0.8-oracle-x64/lib/server/classes.jsa
78dfbfcab000-78dfc0000000 ---p 00000000 00:00 0 
78dfc0000000-78dfc0030000 rw-p 00000000 00:00 0 
78dfc0030000-78dfc0040000 ---p 00000000 00:00 0 
78dfc0040000-78dfc0060000 rw-p 00000000 00:00 0 
78dfc0060000-78e000000000 ---p 00000000 00:00 0 
78e000000000-78e000021000 rw-p 00000000 00:00 0 
78e000021000-78e004000000 ---p 00000000 00:00 0 
78e004000000-78e004021000 rw-p 00000000 00:00 0 
78e004021000-78e008000000 ---p 00000000 00:00 0 
78e00c000000-78e00c021000 rw-p 00000000 00:00 0 
78e00c021000-78e010000000 ---p 00000000 00:00 0 
78e010000000-78e010021000 rw-p 00000000 00:00 0 
78e010021000-78e014000000 ---p 00000000 00:00 0 
78e015c00000-78e015ebe000 rw-p 00000000 00:00 0 
78e016000000-78e018021000 rw-p 00000000 00:00 0 
78e018021000-78e01c000000 ---p 00000000 00:00 0 
78e01c48c000-78e01c600000 rw-p 00000000 00:00 0 
78e01c600000-78e01c604000 ---p 00000000 00:00 0 
78e01c604000-78e01c700000 rw-p 00000000 00:00 0 
78e01c700000-78e01c704000 ---p 00000000 00:00 0 
78e01c704000-78e01c800000 rw-p 00000000 00:00 0 
78e01c800000-78e01c804000 ---p 00000000 00:00 0 
78e01c804000-78e01c900000 rw-p 00000000 00:00 0 
78e01c900000-78e01c904000 ---p 00000000 00:00 0 
78e01c904000-78e01ca00000 rw-p 00000000 00:00 0 
78e01ca00000-78e01cc70000 rwxp 00000000 00:00 0 
78e01cc70000-78e023f38000 ---p 00000000 00:00 0 
78e023f38000-78e0241a8000 rwxp 00000000 00:00 0 
78e0241a8000-78e0244c7000 ---p 00000000 00:00 0 
78e0244c7000-78e024737000 rwxp 00000000 00:00 0 
78e024737000-78e02ba00000 ---p 00000000 00:00 0 
78e02ba00000-78e033f08000 r--s 00000000 08:03 5680413                    /usr/lib/jvm/jdk-21.0.8-oracle-x64/lib/modules
78e033f30000-78e033ffe000 r-xp 00000000 08:03 5680396                    /usr/lib/jvm/jdk-21.0.8-oracle-x64/lib/libjsvml.so
78e033ffe000-78e033fff000 r--p 000cd000 08:03 5680396                    /usr/lib/jvm/jdk-21.0.8-oracle-x64/lib/libjsvml.so
78e033fff000-78e034000000 rw-p 000ce000 08:03 5680396                    /usr/lib/jvm/jdk-21.0.8-oracle-x64/lib/libjsvml.so
78e034000000-78e034236000 rw-p 00000000 00:00 0 
78e034236000-78e038004000 ---p 00000000 00:00 0 
78e038004000-78e038100000 rw-p 00000000 00:00 0 
78e038100000-78e038104000 ---p 00000000 00:00 0 
78e038104000-78e038200000 rw-p 00000000 00:00 0 
78e038200000-78e038204000 ---p 00000000 00:00 0 
78e038204000-78e038300000 rw-p 00000000 00:00 0 
78e038300000-78e038304000 ---p 00000000 00:00 0 
78e038304000-78e038400000 rw-p 00000000 00:00 0 
78e038400000-78e038ee9000 r--p 00000000 08:03 5648444                    /usr/lib/locale/locale-archive
78e038f1b000-78e038f1f000 ---p 00000000 00:00 0 
78e038f1f000-78e03901b000 rw-p 00000000 00:00 0 
78e03901b000-78e03901c000 ---p 00000000 00:00 0 
78e03901c000-78e03911c000 rw-p 00000000 00:00 0 
78e03911c000-78e03911d000 ---p 00000000 00:00 0 
78e03911d000-78e03921d000 rw-p 00000000 00:00 0 
78e03921d000-78e0392f9000 rw-p 00000000 00:00 0 
78e0392f9000-78e0392fa000 ---p 00000000 00:00 0 
78e0392fa000-78e0393fa000 rw-p 00000000 00:00 0 
78e0393fa000-78e0393fb000 ---p 00000000 00:00 0 
78e0393fb000-78e0394fb000 rw-p 00000000 00:00 0 
78e0394fb000-78e0396fd000 rw-p 00000000 00:00 0 
78e0396fd000-78e0396fe000 ---p 00000000 00:00 0 
78e0396fe000-78e0397fe000 rw-p 00000000 00:00 0 
78e0397fe000-78e0397ff000 ---p 00000000 00:00 0 
78e0397ff000-78e0398ff000 rw-p 00000000 00:00 0 
78e0398ff000-78e039900000 ---p 00000000 00:00 0 
78e039900000-78e039a00000 rw-p 00000000 00:00 0 
78e039a00000-78e039a20000 rw-p 00000000 00:00 0 
78e039a20000-78e03a1a0000 ---p 00000000 00:00 0 
78e03a1a0000-78e03a1a8000 rw-p 00000000 00:00 0 
78e03a1e5000-78e03a1ec000 r-xp 00000000 08:03 5680412                    /usr/lib/jvm/jdk-21.0.8-oracle-x64/lib/libzip.so
78e03a1ec000-78e03a1ed000 ---p 00007000 08:03 5680412                    /usr/lib/jvm/jdk-21.0.8-oracle-x64/lib/libzip.so
78e03a1ed000-78e03a1ee000 r--p 00007000 08:03 5680412                    /usr/lib/jvm/jdk-21.0.8-oracle-x64/lib/libzip.so
78e03a1ee000-78e03a1ef000 rw-p 00008000 08:03 5680412                    /usr/lib/jvm/jdk-21.0.8-oracle-x64/lib/libzip.so
78e03a1ef000-78e03a1fa000 r-xp 00000000 08:03 5680403                    /usr/lib/jvm/jdk-21.0.8-oracle-x64/lib/libnet.so
78e03a1fa000-78e03a1fb000 ---p 0000b000 08:03 5680403                    /usr/lib/jvm/jdk-21.0.8-oracle-x64/lib/libnet.so
78e03a1fb000-78e03a1fc000 r--p 0000b000 08:03 5680403                    /usr/lib/jvm/jdk-21.0.8-oracle-x64/lib/libnet.so
78e03a1fc000-78e03a1fd000 rw-p 0000c000 08:03 5680403                    /usr/lib/jvm/jdk-21.0.8-oracle-x64/lib/libnet.so
78e03a1fd000-78e03a242000 rw-p 00000000 00:00 0 
78e03a242000-78e03a332000 ---p 00000000 00:00 0 
78e03a332000-78e03a337000 rw-p 00000000 00:00 0 
78e03a337000-78e03a427000 ---p 00000000 00:00 0 
78e03a427000-78e03a62f000 rw-p 00000000 00:00 0 
78e03a62f000-78e03a715000 ---p 00000000 00:00 0 
78e03a715000-78e03a71a000 rw-p 00000000 00:00 0 
78e03a71a000-78e03a800000 ---p 00000000 00:00 0 
78e03a800000-78e03bb1d000 r-xp 00000000 08:03 5680425                    /usr/lib/jvm/jdk-21.0.8-oracle-x64/lib/server/libjvm.so
78e03bb1d000-78e03bb1e000 ---p 0131d000 08:03 5680425                    /usr/lib/jvm/jdk-21.0.8-oracle-x64/lib/server/libjvm.so
78e03bb1e000-78e03bbef000 r--p 0131d000 08:03 5680425                    /usr/lib/jvm/jdk-21.0.8-oracle-x64/lib/server/libjvm.so
78e03bbef000-78e03bc1d000 rw-p 013ee000 08:03 5680425                    /usr/lib/jvm/jdk-21.0.8-oracle-x64/lib/server/libjvm.so
78e03bc1d000-78e03bc83000 rw-p 00000000 00:00 0 
78e03bc88000-78e03bc9b000 r-xp 00000000 08:03 5680404                    /usr/lib/jvm/jdk-21.0.8-oracle-x64/lib/libnio.so
78e03bc9b000-78e03bc9c000 ---p 00013000 08:03 5680404                    /usr/lib/jvm/jdk-21.0.8-oracle-x64/lib/libnio.so
78e03bc9c000-78e03bc9d000 r--p 00013000 08:03 5680404                    /usr/lib/jvm/jdk-21.0.8-oracle-x64/lib/libnio.so
78e03bc9d000-78e03bc9e000 rw-p 00014000 08:03 5680404                    /usr/lib/jvm/jdk-21.0.8-oracle-x64/lib/libnio.so
78e03bc9e000-78e03bcb4000 rw-p 00000000 00:00 0 
78e03bcb4000-78e03bcbb000 ---p 00000000 00:00 0 
78e03bcbb000-78e03bcdb000 r-xp 00000000 08:03 5680388                    /usr/lib/jvm/jdk-21.0.8-oracle-x64/lib/libjava.so
78e03bcdb000-78e03bcdc000 ---p 00020000 08:03 5680388                    /usr/lib/jvm/jdk-21.0.8-oracle-x64/lib/libjava.so
78e03bcdc000-78e03bcdd000 r--p 00020000 08:03 5680388                    /usr/lib/jvm/jdk-21.0.8-oracle-x64/lib/libjava.so
78e03bcdd000-78e03bcde000 rw-p 00021000 08:03 5680388                    /usr/lib/jvm/jdk-21.0.8-oracle-x64/lib/libjava.so
78e03bcde000-78e03bcdf000 rw-p 00000000 00:00 0 
78e03bcdf000-78e03bcfd000 r-xp 00000000 08:03 5680392                    /usr/lib/jvm/jdk-21.0.8-oracle-x64/lib/libjimage.so
78e03bcfd000-78e03bcff000 r--p 0001d000 08:03 5680392                    /usr/lib/jvm/jdk-21.0.8-oracle-x64/lib/libjimage.so
78e03bcff000-78e03bd00000 rw-p 0001f000 08:03 5680392                    /usr/lib/jvm/jdk-21.0.8-oracle-x64/lib/libjimage.so
78e03bd00000-78e03bd04000 ---p 00000000 00:00 0 
78e03bd04000-78e03be00000 rw-p 00000000 00:00 0 
78e03be00000-78e03be28000 r--p 00000000 08:03 5649325                    /usr/lib/x86_64-linux-gnu/libc.so.6
78e03be28000-78e03bfb0000 r-xp 00028000 08:03 5649325                    /usr/lib/x86_64-linux-gnu/libc.so.6
78e03bfb0000-78e03bfff000 r--p 001b0000 08:03 5649325                    /usr/lib/x86_64-linux-gnu/libc.so.6
78e03bfff000-78e03c003000 r--p 001fe000 08:03 5649325                    /usr/lib/x86_64-linux-gnu/libc.so.6
78e03c003000-78e03c005000 rw-p 00202000 08:03 5649325                    /usr/lib/x86_64-linux-gnu/libc.so.6
78e03c005000-78e03c012000 rw-p 00000000 00:00 0 
78e03c013000-78e03c023000 r--p 00000000 08:03 5650078                    /usr/lib/x86_64-linux-gnu/libm.so.6
78e03c023000-78e03c0a2000 r-xp 00010000 08:03 5650078                    /usr/lib/x86_64-linux-gnu/libm.so.6
78e03c0a2000-78e03c0fa000 r--p 0008f000 08:03 5650078                    /usr/lib/x86_64-linux-gnu/libm.so.6
78e03c0fa000-78e03c0fb000 r--p 000e7000 08:03 5650078                    /usr/lib/x86_64-linux-gnu/libm.so.6
78e03c0fb000-78e03c0fc000 rw-p 000e8000 08:03 5650078                    /usr/lib/x86_64-linux-gnu/libm.so.6
78e03c0fc000-78e03c0fd000 r--p 00000000 08:03 5650443                    /usr/lib/x86_64-linux-gnu/librt.so.1
78e03c0fd000-78e03c0fe000 r-xp 00001000 08:03 5650443                    /usr/lib/x86_64-linux-gnu/librt.so.1
78e03c0fe000-78e03c0ff000 r--p 00002000 08:03 5650443                    /usr/lib/x86_64-linux-gnu/librt.so.1
78e03c0ff000-78e03c100000 r--p 00002000 08:03 5650443                    /usr/lib/x86_64-linux-gnu/librt.so.1
78e03c100000-78e03c101000 rw-p 00003000 08:03 5650443                    /usr/lib/x86_64-linux-gnu/librt.so.1
78e03c101000-78e03c105000 rw-p 00000000 00:00 0 
78e03c105000-78e03c106000 r--p 00000000 08:03 5649500                    /usr/lib/x86_64-linux-gnu/libdl.so.2
78e03c106000-78e03c107000 r-xp 00001000 08:03 5649500                    /usr/lib/x86_64-linux-gnu/libdl.so.2
78e03c107000-78e03c108000 r--p 00002000 08:03 5649500                    /usr/lib/x86_64-linux-gnu/libdl.so.2
78e03c108000-78e03c109000 r--p 00002000 08:03 5649500                    /usr/lib/x86_64-linux-gnu/libdl.so.2
78e03c109000-78e03c10a000 rw-p 00003000 08:03 5649500                    /usr/lib/x86_64-linux-gnu/libdl.so.2
78e03c10a000-78e03c10b000 r--p 00000000 08:03 5650375                    /usr/lib/x86_64-linux-gnu/libpthread.so.0
78e03c10b000-78e03c10c000 r-xp 00001000 08:03 5650375                    /usr/lib/x86_64-linux-gnu/libpthread.so.0
78e03c10c000-78e03c10d000 r--p 00002000 08:03 5650375                    /usr/lib/x86_64-linux-gnu/libpthread.so.0
78e03c10d000-78e03c10e000 r--p 00002000 08:03 5650375                    /usr/lib/x86_64-linux-gnu/libpthread.so.0
78e03c10e000-78e03c10f000 rw-p 00003000 08:03 5650375                    /usr/lib/x86_64-linux-gnu/libpthread.so.0
78e03c10f000-78e03c11d000 r-xp 00000000 08:03 5680393                    /usr/lib/jvm/jdk-21.0.8-oracle-x64/lib/libjli.so
78e03c11d000-78e03c11e000 ---p 0000e000 08:03 5680393                    /usr/lib/jvm/jdk-21.0.8-oracle-x64/lib/libjli.so
78e03c11e000-78e03c11f000 r--p 0000e000 08:03 5680393                    /usr/lib/jvm/jdk-21.0.8-oracle-x64/lib/libjli.so
78e03c11f000-78e03c120000 rw-p 0000f000 08:03 5680393                    /usr/lib/jvm/jdk-21.0.8-oracle-x64/lib/libjli.so
78e03c120000-78e03c122000 r--p 00000000 08:03 5650898                    /usr/lib/x86_64-linux-gnu/libz.so.1.3
78e03c122000-78e03c134000 r-xp 00002000 08:03 5650898                    /usr/lib/x86_64-linux-gnu/libz.so.1.3
78e03c134000-78e03c13a000 r--p 00014000 08:03 5650898                    /usr/lib/x86_64-linux-gnu/libz.so.1.3
78e03c13a000-78e03c13b000 r--p 0001a000 08:03 5650898                    /usr/lib/x86_64-linux-gnu/libz.so.1.3
78e03c13b000-78e03c13c000 rw-p 0001b000 08:03 5650898                    /usr/lib/x86_64-linux-gnu/libz.so.1.3
78e03c13d000-78e03c144000 r--s 00000000 08:03 5787523                    /usr/lib/x86_64-linux-gnu/gconv/gconv-modules.cache
78e03c144000-78e03c14c000 rw-s 00000000 08:03 1179682                    /tmp/hsperfdata_johncarlo/2355
78e03c14c000-78e03c14d000 ---p 00000000 00:00 0 
78e03c14d000-78e03c14e000 r--p 00000000 00:00 0 
78e03c14e000-78e03c14f000 ---p 00000000 00:00 0 
78e03c14f000-78e03c151000 rw-p 00000000 00:00 0 
78e03c151000-78e03c152000 r--p 00000000 08:03 5648895                    /usr/lib/x86_64-linux-gnu/ld-linux-x86-64.so.2
78e03c152000-78e03c17d000 r-xp 00001000 08:03 5648895                    /usr/lib/x86_64-linux-gnu/ld-linux-x86-64.so.2
78e03c17d000-78e03c187000 r--p 0002c000 08:03 5648895                    /usr/lib/x86_64-linux-gnu/ld-linux-x86-64.so.2
78e03c187000-78e03c189000 r--p 00036000 08:03 5648895                    /usr/lib/x86_64-linux-gnu/ld-linux-x86-64.so.2
78e03c189000-78e03c18b000 rw-p 00038000 08:03 5648895                    /usr/lib/x86_64-linux-gnu/ld-linux-x86-64.so.2
7fffcefc6000-7fffcefe7000 rw-p 00000000 00:00 0                          [stack]
7fffcefe9000-7fffcefed000 r--p 00000000 00:00 0                          [vvar]
7fffcefed000-7fffcefef000 r-xp 00000000 00:00 0                          [vdso]
ffffffffff600000-ffffffffff601000 --xp 00000000 00:00 0                  [vsyscall]
Total number of mappings: 185


VM Arguments:
jvm_args: -Dapplication.home=/usr/lib/jvm/jdk-21.0.8-oracle-x64 --add-modules=ALL-DEFAULT -Xms8m -Djdk.module.main=jdk.compiler 
java_command: jdk.compiler/com.sun.tools.javac.Main -cp .:/home/johncarlo/jdbc/sql_driver/mysql-connector-j-9.6.0.jar student.java
java_class_path (initial): <not set>
Launcher Type: SUN_STANDARD

[Global flags]
     intx CICompilerCount                          = 2                                         {product} {ergonomic}
     uint ConcGCThreads                            = 1                                         {product} {ergonomic}
     uint G1ConcRefinementThreads                  = 2                                         {product} {ergonomic}
   size_t G1HeapRegionSize                         = 1048576                                   {product} {ergonomic}
    uintx GCDrainStackTargetSize                   = 64                                        {product} {ergonomic}
   size_t InitialHeapSize                          = 8388608                                   {product} {command line}
   size_t MarkStackSize                            = 4194304                                   {product} {ergonomic}
   size_t MaxHeapSize                              = 513802240                                 {product} {ergonomic}
   size_t MaxNewSize                               = 308281344                                 {product} {ergonomic}
   size_t MinHeapDeltaBytes                        = 1048576                                   {product} {ergonomic}
   size_t MinHeapSize                              = 8388608                                   {product} {command line}
    uintx NonNMethodCodeHeapSize                   = 5826188                                {pd product} {ergonomic}
    uintx NonProfiledCodeHeapSize                  = 122916026                              {pd product} {ergonomic}
    uintx ProfiledCodeHeapSize                     = 122916026                              {pd product} {ergonomic}
    uintx ReservedCodeCacheSize                    = 251658240                              {pd product} {ergonomic}
     bool SegmentedCodeCache                       = true                                      {product} {ergonomic}
   size_t SoftMaxHeapSize                          = 513802240                              {manageable} {ergonomic}
     bool UseCompressedOops                        = true                           {product lp64_product} {ergonomic}
     bool UseG1GC                                  = true                                      {product} {ergonomic}

Logging:
Log output configuration:
 #0: stdout all=warning uptime,level,tags foldmultilines=false
 #1: stderr all=off uptime,level,tags foldmultilines=false

Environment Variables:
PATH=/usr/local/sbin:/usr/local/bin:/usr/sbin:/usr/bin:/sbin:/bin:/usr/games:/usr/local/games:/snap/bin
SHELL=/bin/bash
DISPLAY=:0.0
LANG=en_PH.UTF-8

Active Locale:
LC_ALL=en_PH.UTF-8
LC_COLLATE=en_PH.UTF-8
LC_CTYPE=en_PH.UTF-8
LC_MESSAGES=en_PH.UTF-8
LC_MONETARY=en_PH.UTF-8
LC_NUMERIC=en_PH.UTF-8
LC_TIME=en_PH.UTF-8

Signal Handlers:
   SIGSEGV: crash_handler in libjvm.so, mask=11100100010111111101111111111110, flags=SA_RESTART|SA_SIGINFO, unblocked
    SIGBUS: crash_handler in libjvm.so, mask=11100100010111111101111111111110, flags=SA_RESTART|SA_SIGINFO, unblocked
    SIGFPE: crash_handler in libjvm.so, mask=11100100010111111101111111111110, flags=SA_RESTART|SA_SIGINFO, unblocked
   SIGPIPE: javaSignalHandler in libjvm.so, mask=11100100010111111101111111111110, flags=SA_RESTART|SA_SIGINFO, blocked
   SIGXFSZ: javaSignalHandler in libjvm.so, mask=11100100010111111101111111111110, flags=SA_RESTART|SA_SIGINFO, blocked
    SIGILL: crash_handler in libjvm.so, mask=11100100010111111101111111111110, flags=SA_RESTART|SA_SIGINFO, unblocked
   SIGUSR2: SR_handler in libjvm.so, mask=00000000000000000000000000000000, flags=SA_RESTART|SA_SIGINFO, blocked
    SIGHUP: UserHandler in libjvm.so, mask=11100100010111111101111111111110, flags=SA_RESTART|SA_SIGINFO, blocked
    SIGINT: UserHandler in libjvm.so, mask=11100100010111111101111111111110, flags=SA_RESTART|SA_SIGINFO, blocked
   SIGTERM: UserHandler in libjvm.so, mask=11100100010111111101111111111110, flags=SA_RESTART|SA_SIGINFO, blocked
   SIGQUIT: UserHandler in libjvm.so, mask=11100100010111111101111111111110, flags=SA_RESTART|SA_SIGINFO, blocked
   SIGTRAP: crash_handler in libjvm.so, mask=11100100010111111101111111111110, flags=SA_RESTART|SA_SIGINFO, unblocked


Periodic native trim disabled

---------------  S Y S T E M  ---------------

OS:
DISTRIB_ID=LinuxMint
DISTRIB_RELEASE=22.1
DISTRIB_CODENAME=xia
DISTRIB_DESCRIPTION="Linux Mint 22.1 Xia"
uname: Linux 6.8.0-51-generic #52-Ubuntu SMP PREEMPT_DYNAMIC Thu Dec  5 13:09:44 UTC 2024 x86_64
OS uptime: 0 days 0:07 hours
libc: glibc 2.39 NPTL 2.39 
rlimit (soft/hard): STACK 8192k/infinity , CORE 0k/infinity , NPROC 7524/7524 , NOFILE 1048576/1048576 , AS infinity/infinity , CPU infinity/infinity , DATA infinity/infinity , FSIZE infinity/infinity , MEMLOCK 250596k/250596k
load average: 0.62 1.83 1.16

/proc/meminfo:
MemTotal:        2004780 kB
MemFree:           86564 kB
MemAvailable:     739644 kB
Buffers:           27028 kB
Cached:           854052 kB
SwapCached:            0 kB
Active:          1077080 kB
Inactive:         561664 kB
Active(anon):     758268 kB
Inactive(anon):   113036 kB
Active(file):     318812 kB
Inactive(file):   448628 kB
Unevictable:      108548 kB
Mlocked:             112 kB
SwapTotal:       4001788 kB
SwapFree:        4001520 kB
Zswap:                 0 kB
Zswapped:              0 kB
Dirty:               152 kB
Writeback:             0 kB
AnonPages:        866292 kB
Mapped:           292884 kB
Shmem:            113572 kB
KReclaimable:      34228 kB
Slab:             110564 kB
SReclaimable:      34228 kB
SUnreclaim:        76336 kB
KernelStack:        7744 kB
PageTables:        16932 kB
SecPageTables:         0 kB
NFS_Unstable:          0 kB
Bounce:                0 kB
WritebackTmp:          0 kB
CommitLimit:     5004176 kB
Committed_AS:    4114264 kB
VmallocTotal:   34359738367 kB
VmallocUsed:       26672 kB
VmallocChunk:          0 kB
Percpu:             2528 kB
HardwareCorrupted:     0 kB
AnonHugePages:         0 kB
ShmemHugePages:        0 kB
ShmemPmdMapped:        0 kB
FileHugePages:         0 kB
FilePmdMapped:         0 kB
Unaccepted:            0 kB
HugePages_Total:       0
HugePages_Free:        0
HugePages_Rsvd:        0
HugePages_Surp:        0
Hugepagesize:       2048 kB
Hugetlb:               0 kB
DirectMap4k:      125504 kB
DirectMap2M:     1961984 kB

/sys/kernel/mm/transparent_hugepage/enabled: always [madvise] never
/sys/kernel/mm/transparent_hugepage/defrag (defrag/compaction efforts parameter): always defer defer+madvise [madvise] never

Process Memory:
Virtual Size: 3106364K (peak: 3106364K)
Resident Set Size: 54544K (peak: 54544K) (anon: 28492K, file: 26052K, shmem: 0K)
Swapped out: 0K
C-Heap outstanding allocations: 13873K, retained: 2078K
glibc malloc tunables: (default)

/proc/sys/kernel/threads-max (system-wide limit on the number of threads): 15049
/proc/sys/vm/max_map_count (maximum number of memory map areas a process may have): 1048576
/proc/sys/kernel/pid_max (system-wide limit on number of process identifiers): 4194304

container (cgroup) information:
container_type: cgroupv2
cpu_cpuset_cpus: not supported
cpu_memory_nodes: not supported
active_processor_count: 2
cpu_quota: no quota
cpu_period: 100000
cpu_shares: no shares
memory_limit_in_bytes: unlimited
memory_and_swap_limit_in_bytes: unlimited
memory_soft_limit_in_bytes: 0
memory_usage_in_bytes: 757060 k
memory_max_usage_in_bytes: not supported
memory_swap_current_in_bytes: 0
memory_swap_max_limit_in_bytes: unlimited
maximum number of tasks: unlimited
current number of tasks: 137

Steal ticks since vm start: 0
Steal ticks percentage since vm start:  0.000

CPU: total 4 (initial active 2) (2 cores per cpu, 1 threads per core) family 6 model 23 stepping 10 microcode 0xa0b, cx8, cmov, fxsr, mmx, sse, sse2, sse3, ssse3, sse4.1, tsc, clflush
CPU Model and flags from /proc/cpuinfo:
model name	: Intel(R) Core(TM)2 Duo CPU     E7500  @ 2.93GHz
flags		: fpu vme de pse tsc msr pae mce cx8 apic sep mtrr pge mca cmov pat pse36 clflush dts acpi mmx fxsr sse sse2 ht tm pbe syscall nx lm constant_tsc arch_perfmon pebs bts rep_good nopl cpuid aperfmperf pni dtes64 monitor ds_cpl vmx est tm2 ssse3 cx16 xtpr pdcm sse4_1 xsave lahf_lm pti tpr_shadow flexpriority vpid dtherm vnmi

Online cpus: 0-1
Offline cpus: 2-3
BIOS frequency limitation: 2926000
Frequency switch latency (ns): 10000
Available cpu frequencies: 2926000 2128000 1596000 
Current governor: schedutil
Core performance/turbo boost: <Not Available>

Memory: 4k page, physical 2004780k(739644k free), swap 4001788k(4001520k free)
Page Sizes: 4k

vm_info: Java HotSpot(TM) 64-Bit Server VM (21.0.8+12-LTS-250) for linux-amd64 JRE (21.0.8+12-LTS-250), built on 2025-06-27T08:11:22Z by "mach5one" with gcc 13.2.0

END.
