#
# A fatal error has been detected by the Java Runtime Environment:
#
#  SIGSEGV (0xb) at pc=0x000070c397f50778, pid=3608, tid=3609
#
# JRE version: Java(TM) SE Runtime Environment (21.0.8+12) (build 21.0.8+12-LTS-250)
# Java VM: Java HotSpot(TM) 64-Bit Server VM (21.0.8+12-LTS-250, mixed mode, sharing, tiered, compressed oops, compressed class ptrs, g1 gc, linux-amd64)
# Problematic frame:
# j  jdk.internal.org.objectweb.asm.MethodWriter.computeMethodInfoSize()I+97 java.base@21.0.8
#
# Core dump will be written. Default location: Core dumps may be processed with "/usr/lib/systemd/systemd-coredump %P %u %g %s %t 9223372036854775808 %h" (or dumping to /home/johncarlo/Desktop/students_system/core.3608)
#
# If you would like to submit a bug report, please visit:
#   https://bugreport.java.com/bugreport/crash.jsp
#

---------------  S U M M A R Y ------------

Command Line: -Dapplication.home=/usr/lib/jvm/jdk-21.0.8-oracle-x64 --add-modules=ALL-DEFAULT -Xms8m -Djdk.module.main=jdk.compiler jdk.compiler/com.sun.tools.javac.Main -cp .:/home/johncarlo/jdbc/sql_driver/mysql-connector-j-9.6.0.jar Normal_user.java

Host: Intel(R) Core(TM)2 Duo CPU     E7500  @ 2.93GHz, 4 cores, 1G, Linux Mint 22.1 Xia
Time: Wed Apr  1 23:13:12 2026 PST elapsed time: 0.283415 seconds (0d 0h 0m 0s)

---------------  T H R E A D  ---------------

Current thread (0x000070c3a80285c0):  JavaThread "main"             [_thread_in_Java, id=3609, stack(0x000070c3ad900000,0x000070c3ada00000) (1024K)]

Stack: [0x000070c3ad900000,0x000070c3ada00000],  sp=0x000070c3ad9fd560,  free space=1013k
Native frames: (J=compiled Java code, j=interpreted, Vv=VM code, C=native code)
j  jdk.internal.org.objectweb.asm.MethodWriter.computeMethodInfoSize()I+97 java.base@21.0.8
j  jdk.internal.org.objectweb.asm.ClassWriter.toByteArray()[B+62 java.base@21.0.8
j  java.lang.invoke.InnerClassLambdaMetafactory.generateInnerClass()Ljava/lang/Class;+430 java.base@21.0.8
j  java.lang.invoke.InnerClassLambdaMetafactory.spinInnerClass()Ljava/lang/Class;+114 java.base@21.0.8
j  java.lang.invoke.InnerClassLambdaMetafactory.buildCallSite()Ljava/lang/invoke/CallSite;+1 java.base@21.0.8
j  java.lang.invoke.LambdaMetafactory.metafactory(Ljava/lang/invoke/MethodHandles$Lookup;Ljava/lang/String;Ljava/lang/invoke/MethodType;Ljava/lang/invoke/MethodType;Ljava/lang/invoke/MethodHandle;Ljava/lang/invoke/MethodType;)Ljava/lang/invoke/CallSite;+67 java.base@21.0.8
j  java.lang.invoke.DirectMethodHandle$Holder.invokeStatic(Ljava/lang/Object;Ljava/lang/Object;Ljava/lang/Object;Ljava/lang/Object;Ljava/lang/Object;Ljava/lang/Object;Ljava/lang/Object;)Ljava/lang/Object;+20 java.base@21.0.8
j  java.lang.invoke.Invokers$Holder.invokeExact_MT(Ljava/lang/Object;Ljava/lang/Object;Ljava/lang/Object;Ljava/lang/Object;Ljava/lang/Object;Ljava/lang/Object;Ljava/lang/Object;Ljava/lang/Object;)Ljava/lang/Object;+28 java.base@21.0.8
j  java.lang.invoke.BootstrapMethodInvoker.invoke(Ljava/lang/Class;Ljava/lang/invoke/MethodHandle;Ljava/lang/String;Ljava/lang/Object;Ljava/lang/Object;Ljava/lang/Class;)Ljava/lang/Object;+319 java.base@21.0.8
j  java.lang.invoke.CallSite.makeSite(Ljava/lang/invoke/MethodHandle;Ljava/lang/String;Ljava/lang/invoke/MethodType;Ljava/lang/Object;Ljava/lang/Class;)Ljava/lang/invoke/CallSite;+8 java.base@21.0.8
j  java.lang.invoke.MethodHandleNatives.linkCallSiteImpl(Ljava/lang/Class;Ljava/lang/invoke/MethodHandle;Ljava/lang/String;Ljava/lang/invoke/MethodType;Ljava/lang/Object;[Ljava/lang/Object;)Ljava/lang/invoke/MemberName;+6 java.base@21.0.8
j  java.lang.invoke.MethodHandleNatives.linkCallSite(Ljava/lang/Object;Ljava/lang/Object;Ljava/lang/Object;Ljava/lang/Object;Ljava/lang/Object;[Ljava/lang/Object;)Ljava/lang/invoke/MemberName;+45 java.base@21.0.8
v  ~StubRoutines::call_stub 0x000070c397f38cc4
V  [libjvm.so+0x8eefca]  JavaCalls::call_helper(JavaValue*, methodHandle const&, JavaCallArguments*, JavaThread*)+0x2da
V  [libjvm.so+0x8ef43b]  JavaCalls::call_static(JavaValue*, Klass*, Symbol*, Symbol*, JavaCallArguments*, JavaThread*)+0x10b
V  [libjvm.so+0xe5e1d7]  SystemDictionary::invoke_bootstrap_method(BootstrapInfo&, JavaThread*)+0x217
V  [libjvm.so+0xb54ca1]  LinkResolver::resolve_dynamic_call(CallInfo&, BootstrapInfo&, JavaThread*)+0x21
V  [libjvm.so+0xb54e46]  LinkResolver::resolve_invokedynamic(CallInfo&, constantPoolHandle const&, int, JavaThread*)+0xb6
V  [libjvm.so+0x8e616a]  InterpreterRuntime::resolve_invokedynamic(JavaThread*)+0x13a
V  [libjvm.so+0x8e7935]  InterpreterRuntime::resolve_from_cache(JavaThread*, Bytecodes::Code)+0x115
j  com.sun.tools.javac.file.CacheFSInfo.getAttributes(Ljava/nio/file/Path;)Ljava/util/Optional;+6 jdk.compiler@21.0.8
j  com.sun.tools.javac.file.CacheFSInfo.exists(Ljava/nio/file/Path;)Z+2 jdk.compiler@21.0.8
j  com.sun.tools.javac.file.Locations$SearchPath.addFile(Ljava/nio/file/Path;Z)V+17 jdk.compiler@21.0.8
j  com.sun.tools.javac.file.Locations$SearchPath.addFiles(Ljava/lang/Iterable;Z)Lcom/sun/tools/javac/file/Locations$SearchPath;+35 jdk.compiler@21.0.8
j  com.sun.tools.javac.file.Locations$SearchPath.addFiles(Ljava/lang/String;Z)Lcom/sun/tools/javac/file/Locations$SearchPath;+18 jdk.compiler@21.0.8
j  com.sun.tools.javac.file.Locations$SearchPath.addFiles(Ljava/lang/String;)Lcom/sun/tools/javac/file/Locations$SearchPath;+9 jdk.compiler@21.0.8
j  com.sun.tools.javac.file.Locations$SimpleLocationHandler.handleOption(Lcom/sun/tools/javac/main/Option;Ljava/lang/String;)Z+34 jdk.compiler@21.0.8
j  com.sun.tools.javac.file.Locations.handleOption(Lcom/sun/tools/javac/main/Option;Ljava/lang/String;)Z+25 jdk.compiler@21.0.8
j  com.sun.tools.javac.file.BaseFileManager.handleOption(Lcom/sun/tools/javac/main/Option;Ljava/lang/String;)Z+64 jdk.compiler@21.0.8
j  com.sun.tools.javac.file.JavacFileManager.handleOption(Lcom/sun/tools/javac/main/Option;Ljava/lang/String;)Z+33 jdk.compiler@21.0.8
j  com.sun.tools.javac.file.BaseFileManager.handleOptions(Ljava/util/Map;)Z+56 jdk.compiler@21.0.8
j  com.sun.tools.javac.main.Main.compile([Ljava/lang/String;Lcom/sun/tools/javac/util/Context;)Lcom/sun/tools/javac/main/Main$Result;+356 jdk.compiler@21.0.8
j  com.sun.tools.javac.main.Main.compile([Ljava/lang/String;)Lcom/sun/tools/javac/main/Main$Result;+15 jdk.compiler@21.0.8
j  com.sun.tools.javac.Main.compile([Ljava/lang/String;)I+12 jdk.compiler@21.0.8
j  com.sun.tools.javac.Main.main([Ljava/lang/String;)V+1 jdk.compiler@21.0.8
v  ~StubRoutines::call_stub 0x000070c397f38cc4
V  [libjvm.so+0x8eefca]  JavaCalls::call_helper(JavaValue*, methodHandle const&, JavaCallArguments*, JavaThread*)+0x2da
V  [libjvm.so+0x9948bd]  jni_invoke_static(JNIEnv_*, JavaValue*, _jobject*, JNICallType, _jmethodID*, JNI_ArgumentPusher*, JavaThread*) [clone .constprop.1]+0x36d
V  [libjvm.so+0x99717b]  jni_CallStaticVoidMethod+0x12b
C  [libjli.so+0x5206]  JavaMain+0xfb6
C  [libjli.so+0x7e79]  ThreadJavaMain+0x9
C  [libc.so.6+0x9ca94]

siginfo: si_signo: 11 (SIGSEGV), si_code: 1 (SEGV_MAPERR), si_addr: 0x000070ce2faf84a8

Registers:
RAX=0x0000000000000000, RBX=0x000070ce2faf8490, RCX=0x000070c32f377488, RDX=0x0000000000000248
RSP=0x000070c3ad9fd560, RBP=0x000070c3ad9fd5c0, RSI=0x0000000000000000, RDI=0x000070c32406c460
R8 =0x00000000e1cf8490, R9 =0x00000000e1cf9e00, R10=0x000070c3ad8706c0, R11=0x000000000000001a
R12=0x0000000000000000, R13=0x000070c32faf1b81, R14=0x000070c3ad9fd5e0, R15=0x000070c3a80285c0
RIP=0x000070c397f50778, EFLAGS=0x0000000000010246, CSGSFS=0x002b000000000033, ERR=0x0000000000000004
  TRAPNO=0x000000000000000e


Register to memory mapping:

RAX=0x0 is null
RBX=0x000070ce2faf8490 is an unknown value
RCX=0x000070c32f377488 is pointing into metadata
RDX=0x0000000000000248 is an unknown value
RSP=0x000070c3ad9fd560 is pointing into the stack for thread: 0x000070c3a80285c0
RBP=0x000070c3ad9fd5c0 is pointing into the stack for thread: 0x000070c3a80285c0
RSI=0x0 is null
RDI=0x000070c32406c460 is pointing into metadata
R8 =0x00000000e1cf8490 is an oop: jdk.internal.org.objectweb.asm.SymbolTable 
{0x00000000e1cf8490} - klass: 'jdk/internal/org/objectweb/asm/SymbolTable'
 - ---- fields (total size 8 words):
 - private 'majorVersion' 'I' @12  65 (0x00000041)
 - private 'entryCount' 'I' @16  26 (0x0000001a)
 - private 'constantPoolCount' 'I' @20  27 (0x0000001b)
 - private 'bootstrapMethodCount' 'I' @24  0 (0x00000000)
 - private 'typeCount' 'I' @28  0 (0x00000000)
 - final 'classWriter' 'Ljdk/internal/org/objectweb/asm/ClassWriter;' @32  a 'jdk/internal/org/objectweb/asm/ClassWriter'{0x00000000e1cf83f8} (0xe1cf83f8)
 - private final 'sourceClassReader' 'Ljdk/internal/org/objectweb/asm/ClassReader;' @36  null (0x00000000)
 - private 'className' 'Ljava/lang/String;' @40  "com/sun/tools/javac/file/CacheFSInfo$$Lambda"{0x00000000e1cf83a0} (0xe1cf83a0)
 - private 'entries' '[Ljdk/internal/org/objectweb/asm/SymbolTable$Entry;' @44  a 'jdk/internal/org/objectweb/asm/SymbolTable$Entry'[256] {0x00000000e1cf84d0} (0xe1cf84d0)
 - private 'constantPool' 'Ljdk/internal/org/objectweb/asm/ByteVector;' @48  a 'jdk/internal/org/objectweb/asm/ByteVector'{0x00000000e1cf88e0} (0xe1cf88e0)
 - private 'bootstrapMethods' 'Ljdk/internal/org/objectweb/asm/ByteVector;' @52  null (0x00000000)
 - private 'typeTable' '[Ljdk/internal/org/objectweb/asm/SymbolTable$Entry;' @56  null (0x00000000)
R9 =0x00000000e1cf9e00 is an oop: jdk.internal.org.objectweb.asm.SymbolTable$Entry 
{0x00000000e1cf9e00} - klass: 'jdk/internal/org/objectweb/asm/SymbolTable$Entry'
 - ---- fields (total size 7 words):
 - final 'index' 'I' @12  26 (0x0000001a)
 - final 'data' 'J' @16  0 (0x0000000000000000)
 - final 'tag' 'I' @24  1 (0x00000001)
 - 'info' 'I' @28  0 (0x00000000)
 - final 'owner' 'Ljava/lang/String;' @32  null (0x00000000)
 - final 'name' 'Ljava/lang/String;' @36  null (0x00000000)
 - final 'value' 'Ljava/lang/String;' @40  "Code"{0x00000000ffe45c60} (0xffe45c60)
 - final 'hashCode' 'I' @44  2105870 (0x0020220e)
 - 'next' 'Ljdk/internal/org/objectweb/asm/SymbolTable$Entry;' @48  null (0x00000000)
R10=0x000070c3ad8706c0: <offset 0x00000000014706c0> in /usr/lib/jvm/jdk-21.0.8-oracle-x64/lib/server/libjvm.so at 0x000070c3ac400000
R11=0x000000000000001a is an unknown value
R12=0x0 is null
R13=0x000070c32faf1b81 is pointing into metadata
R14=0x000070c3ad9fd5e0 is pointing into the stack for thread: 0x000070c3a80285c0
R15=0x000070c3a80285c0 is a thread

Top of Stack: (sp=0x000070c3ad9fd560)
0x000070c3ad9fd560:   0000000000000000 000000000000001a
0x000070c3ad9fd570:   0000000000000008 000070c3ad9fd578
0x000070c3ad9fd580:   000070c32faf1b81 0000000000000004
0x000070c3ad9fd590:   000070c32f377488 0000000000000000
0x000070c3ad9fd5a0:   00000000ffebbed8 000070c32f379518
0x000070c3ad9fd5b0:   0000000000000000 000070c3ad9fd5e0
0x000070c3ad9fd5c0:   000070c3ad9fd638 000070c397f402a8
0x000070c3ad9fd5d0:   0000000000000000 0000000000000008
0x000070c3ad9fd5e0:   00000000e1cf9100 0000000000000022
0x000070c3ad9fd5f0:   000070c3ad9fd5f0 000070c32f9348e6
0x000070c3ad9fd600:   0000000000000010 000070c32f22be18
0x000070c3ad9fd610:   0000000000000000 00000000ffea6dc0
0x000070c3ad9fd620:   000070c32f22d308 000070c3ad9fd5e0
0x000070c3ad9fd630:   000070c3ad9fd6b8 000070c3ad9fd708
0x000070c3ad9fd640:   000070c397f402f2 0000000000000000
0x000070c3ad9fd650:   0000000000000000 0000000000000000
0x000070c3ad9fd660:   0000000000000000 0000000000000000
0x000070c3ad9fd670:   0000000000000000 0000000000000000
0x000070c3ad9fd680:   0000000000000000 0000000000000000
0x000070c3ad9fd690:   00000000e1cf9100 0000000000000001
0x000070c3ad9fd6a0:   0000000000000000 0000000000000001
0x000070c3ad9fd6b0:   0000000000000022 00000000e1cf83f8
0x000070c3ad9fd6c0:   000070c3ad9fd6c0 000070c32f942d16
0x000070c3ad9fd6d0:   000000000000000a 000070c32f23a8e0
0x000070c3ad9fd6e0:   0000000000000000 00000000ffea7c58
0x000070c3ad9fd6f0:   000070c32f23bd40 000070c3ad9fd6b8
0x000070c3ad9fd700:   000070c3ad9fd758 000070c3ad9fd7a8
0x000070c3ad9fd710:   000070c397f402f2 0000000000000000
0x000070c3ad9fd720:   0000000000000000 0000000000000000
0x000070c3ad9fd730:   00000000e1d6bc68 00000000e1cf9408
0x000070c3ad9fd740:   0000000000000000 00000000e1cf8b00
0x000070c3ad9fd750:   00000000e1cf8b18 00000000e1cf7e68 

Instructions: (pc=0x000070c397f50778)
0x000070c397f50678:   b8 02 00 00 b8 00 00 00 48 83 ec 08 f3 0f 11 04
0x000070c397f50688:   24 eb 1f 48 83 ec 10 f2 0f 11 04 24 eb 14 48 83
0x000070c397f50698:   ec 10 48 89 04 24 48 c7 44 24 08 00 00 00 00 eb
0x000070c397f506a8:   01 50 4c 89 6d c0 41 0f b7 55 01 48 8b 4d d0 c1
0x000070c397f506b8:   e2 02 8b 5c d1 38 c1 eb 10 81 e3 ff 00 00 00 81
0x000070c397f506c8:   fb b8 00 00 00 0f 84 98 00 00 00 bb b8 00 00 00
0x000070c397f506d8:   e8 05 00 00 00 e9 7d 00 00 00 48 8b f3 48 8d 44
0x000070c397f506e8:   24 08 4c 89 6d c0 49 8b ff 49 89 af a8 03 00 00
0x000070c397f506f8:   49 89 87 98 03 00 00 40 f6 c4 0f 0f 84 12 00 00
0x000070c397f50708:   00 48 83 ec 08 e8 0e 71 d9 14 48 83 c4 08 e9 05
0x000070c397f50718:   00 00 00 e8 00 71 d9 14 49 c7 87 98 03 00 00 00
0x000070c397f50728:   00 00 00 49 c7 87 a8 03 00 00 00 00 00 00 49 c7
0x000070c397f50738:   87 a0 03 00 00 00 00 00 00 49 83 7f 08 00 0f 84
0x000070c397f50748:   05 00 00 00 e9 af 84 fe ff 4c 8b 6d c0 4c 8b 75
0x000070c397f50758:   c8 4e 8d 74 f5 00 c3 41 0f b7 55 01 48 8b 4d d0
0x000070c397f50768:   c1 e2 02 48 8b 5c d1 40 48 8b 5b 08 48 8b 5b 08
0x000070c397f50778:   48 8b 5b 18 80 bb 21 01 00 00 04 0f 84 0d 00 00
0x000070c397f50788:   00 4c 3b bb 28 01 00 00 0f 85 3d ff ff ff 48 8b
0x000070c397f50798:   5c d1 40 8b 54 d1 50 c1 ea 1c 49 ba 80 0f 87 ad
0x000070c397f507a8:   c3 70 00 00 49 8b 14 d2 52 48 8b 45 d8 48 85 c0
0x000070c397f507b8:   0f 84 12 00 00 00 48 83 40 08 01 48 83 58 08 00
0x000070c397f507c8:   48 83 c0 10 48 89 45 d8 48 8b 45 d8 48 85 c0 0f
0x000070c397f507d8:   84 3d 01 00 00 80 78 f0 0a 0f 85 33 01 00 00 48
0x000070c397f507e8:   83 c0 08 4c 8b 68 f8 41 83 ed 00 41 83 fd 02 0f
0x000070c397f507f8:   8c 12 01 00 00 4c 8b 6b 08 45 0f b7 6d 2e 4c 2b
0x000070c397f50808:   28 41 83 ed 01 4e 8b 6c ec 08 4d 85 ed 75 0e f6
0x000070c397f50818:   40 08 01 75 58 f0 48 83 48 08 01 eb 50 45 8b 6d
0x000070c397f50828:   08 49 ba 00 00 00 2f c3 70 00 00 4d 03 ea 4d 8b
0x000070c397f50838:   d5 4c 33 68 08 49 f7 c5 fc ff ff ff 74 2f 41 f6
0x000070c397f50848:   c5 02 75 29 48 83 78 08 00 74 1e 48 83 78 08 01
0x000070c397f50858:   74 17 4d 8b ea 4c 33 68 08 49 f7 c5 fc ff ff ff
0x000070c397f50868:   74 0b 48 83 48 08 02 eb 04 4c 89 68 08 48 83 c0 


Stack slot to memory mapping:

stack at sp + 0 slots: 0x0 is null
stack at sp + 1 slots: 0x000000000000001a is an unknown value
stack at sp + 2 slots: 0x0000000000000008 is an unknown value
stack at sp + 3 slots: 0x000070c3ad9fd578 is pointing into the stack for thread: 0x000070c3a80285c0
stack at sp + 4 slots: 0x000070c32faf1b81 is pointing into metadata
stack at sp + 5 slots: 0x0000000000000004 is an unknown value
stack at sp + 6 slots: 0x000070c32f377488 is pointing into metadata
stack at sp + 7 slots: 0x0 is null

invokestatic  184 invokestatic  [0x000070c397f50680, 0x000070c397f50928]  680 bytes
[MachCode]
  0x000070c397f50680: 4883 ec08 | f30f 1104 | 24eb 1f48 | 83ec 10f2 | 0f11 0424 | eb14 4883 | ec10 4889 | 0424 48c7 
  0x000070c397f506a0: 4424 0800 | 0000 00eb | 0150 4c89 | 6dc0 410f | b755 0148 | 8b4d d0c1 | e202 8b5c | d138 c1eb 
  0x000070c397f506c0: 1081 e3ff | 0000 0081 | fbb8 0000 | 000f 8498 | 0000 00bb | b800 0000 | e805 0000 | 00e9 7d00 
  0x000070c397f506e0: 0000 488b | f348 8d44 | 2408 4c89 | 6dc0 498b | ff49 89af | a803 0000 | 4989 8798 | 0300 0040 
  0x000070c397f50700: f6c4 0f0f | 8412 0000 | 0048 83ec | 08e8 0e71 | d914 4883 | c408 e905 | 0000 00e8 | 0071 d914 
  0x000070c397f50720: 49c7 8798 | 0300 0000 | 0000 0049 | c787 a803 | 0000 0000 | 0000 49c7 | 87a0 0300 | 0000 0000 
  0x000070c397f50740: 0049 837f | 0800 0f84 | 0500 0000 | e9af 84fe | ff4c 8b6d | c04c 8b75 | c84e 8d74 | f500 c341 
  0x000070c397f50760: 0fb7 5501 | 488b 4dd0 | c1e2 0248 | 8b5c d140 | 488b 5b08 | 488b 5b08 | 488b 5b18 | 80bb 2101 
  0x000070c397f50780: 0000 040f | 840d 0000 | 004c 3bbb | 2801 0000 | 0f85 3dff | ffff 488b | 5cd1 408b | 54d1 50c1 
  0x000070c397f507a0: ea1c 49ba | 800f 87ad | c370 0000 | 498b 14d2 | 5248 8b45 | d848 85c0 | 0f84 1200 | 0000 4883 
  0x000070c397f507c0: 4008 0148 | 8358 0800 | 4883 c010 | 4889 45d8 | 488b 45d8 | 4885 c00f | 843d 0100 | 0080 78f0 
  0x000070c397f507e0: 0a0f 8533 | 0100 0048 | 83c0 084c | 8b68 f841 | 83ed 0041 | 83fd 020f | 8c12 0100 | 004c 8b6b 
  0x000070c397f50800: 0845 0fb7 | 6d2e 4c2b | 2841 83ed | 014e 8b6c | ec08 4d85 | ed75 0ef6 | 4008 0175 | 58f0 4883 
  0x000070c397f50820: 4808 01eb | 5045 8b6d | 0849 ba00 | 0000 2fc3 | 7000 004d | 03ea 4d8b | d54c 3368 | 0849 f7c5 
  0x000070c397f50840: fcff ffff | 742f 41f6 | c502 7529 | 4883 7808 | 0074 1e48 | 8378 0801 | 7417 4d8b | ea4c 3368 
  0x000070c397f50860: 0849 f7c5 | fcff ffff | 740b 4883 | 4808 02eb | 044c 8968 | 0848 83c0 | 104c 8b68 | e841 83ed 
  0x000070c397f50880: 0241 83fd | 020f 8c84 | 0000 004c | 8b6b 0845 | 0fb7 6d2e | 4c2b 2841 | 83ed 014e | 8b6c ec08 
  0x000070c397f508a0: 4d85 ed75 | 0ef6 4008 | 0175 58f0 | 4883 4808 | 01eb 5045 | 8b6d 0849 | ba00 0000 | 2fc3 7000 
  0x000070c397f508c0: 004d 03ea | 4d8b d54c | 3368 0849 | f7c5 fcff | ffff 742f | 41f6 c502 | 7529 4883 | 7808 0074 
  0x000070c397f508e0: 1e48 8378 | 0801 7417 | 4d8b ea4c | 3368 0849 | f7c5 fcff | ffff 740b | 4883 4808 | 02eb 044c 
  0x000070c397f50900: 8968 0848 | 83c0 104c | 8b68 d841 | 83ed 0441 | c1e5 0349 | 03c5 4889 | 45d8 4c8d | 6c24 084c 
  0x000070c397f50920: 896d f0ff | 6350 6690 
[/MachCode]

---------------  P R O C E S S  ---------------

Threads class SMR info:
_java_thread_list=0x000070c3a8114590, length=10, elements={
0x000070c3a80285c0, 0x000070c3a8097600, 0x000070c3a8098b60, 0x000070c3a809a2e0,
0x000070c3a809b910, 0x000070c3a809cea0, 0x000070c3a809e9d0, 0x000070c3a80a0080,
0x000070c3a80e08a0, 0x000070c3a8113440
}

Java Threads: ( => current thread )
=>0x000070c3a80285c0 JavaThread "main"                              [_thread_in_Java, id=3609, stack(0x000070c3ad900000,0x000070c3ada00000) (1024K)]
  0x000070c3a8097600 JavaThread "Reference Handler"          daemon [_thread_blocked, id=3617, stack(0x000070c38cb00000,0x000070c38cc00000) (1024K)]
  0x000070c3a8098b60 JavaThread "Finalizer"                  daemon [_thread_blocked, id=3618, stack(0x000070c38ca00000,0x000070c38cb00000) (1024K)]
  0x000070c3a809a2e0 JavaThread "Signal Dispatcher"          daemon [_thread_blocked, id=3619, stack(0x000070c38c900000,0x000070c38ca00000) (1024K)]
  0x000070c3a809b910 JavaThread "Service Thread"             daemon [_thread_blocked, id=3620, stack(0x000070c38c800000,0x000070c38c900000) (1024K)]
  0x000070c3a809cea0 JavaThread "Monitor Deflation Thread"   daemon [_thread_blocked, id=3621, stack(0x000070c38c700000,0x000070c38c800000) (1024K)]
  0x000070c3a809e9d0 JavaThread "C2 CompilerThread0"         daemon [_thread_blocked, id=3622, stack(0x000070c38c600000,0x000070c38c700000) (1024K)]
  0x000070c3a80a0080 JavaThread "C1 CompilerThread0"         daemon [_thread_blocked, id=3623, stack(0x000070c38c500000,0x000070c38c600000) (1024K)]
  0x000070c3a80e08a0 JavaThread "Common-Cleaner"             daemon [_thread_blocked, id=3624, stack(0x000070c38c330000,0x000070c38c430000) (1024K)]
  0x000070c3a8113440 JavaThread "Notification Thread"        daemon [_thread_blocked, id=3625, stack(0x000070c38c230000,0x000070c38c330000) (1024K)]
Total: 10

Other Threads:
  0x000070c3a808e210 VMThread "VM Thread"                           [id=3616, stack(0x000070c38d6fc000,0x000070c38d7fc000) (1024K)]
  0x000070c3a807c570 WatcherThread "VM Periodic Task Thread"        [id=3615, stack(0x000070c38d7fd000,0x000070c38d8fd000) (1024K)]
  0x000070c3a8053da0 WorkerThread "GC Thread#0"                     [id=3610, stack(0x000070c39080b000,0x000070c39090b000) (1024K)]
  0x000070c3a80590a0 ConcurrentGCThread "G1 Main Marker"            [id=3611, stack(0x000070c38ff00000,0x000070c390000000) (1024K)]
  0x000070c3a805a040 WorkerThread "G1 Conc#0"                       [id=3612, stack(0x000070c38fdff000,0x000070c38feff000) (1024K)]
  0x000070c3a806ac70 ConcurrentGCThread "G1 Refine#0"               [id=3613, stack(0x000070c38d9ff000,0x000070c38daff000) (1024K)]
  0x000070c3a806bc20 ConcurrentGCThread "G1 Service"                [id=3614, stack(0x000070c38d8fe000,0x000070c38d9fe000) (1024K)]
Total: 7

Threads with active compile tasks:
Total: 0

VM state: not at safepoint (normal execution)

VM Mutex/Monitor currently owned by a thread: None

Heap address: 0x00000000e1600000, size: 490 MB, Compressed Oops mode: 32-bit

CDS archive(s) mapped at: [0x000070c32f000000-0x000070c32fcab000-0x000070c32fcab000), size 13283328, SharedBaseAddress: 0x000070c32f000000, ArchiveRelocationMode: 1.
Compressed class space mapped at: 0x000070c330000000-0x000070c370000000, reserved size: 1073741824
Narrow klass base: 0x000070c32f000000, Narrow klass shift: 0, Narrow klass range: 0x100000000

GC Precious Log:
 CardTable entry size: 512
 Card Set container configuration: InlinePtr #cards 5 size 8 Array Of Cards #cards 12 size 40 Howl #buckets 4 coarsen threshold 1843 Howl Bitmap #cards 512 size 80 coarsen threshold 460 Card regions per heap region 1 cards per card region 2048
 CPUs: 4 total, 2 available
 Memory: 1957M
 Large Page Support: Disabled
 NUMA Support: Disabled
 Compressed Oops: Enabled (32-bit)
 Heap Region Size: 1M
 Heap Min Capacity: 8M
 Heap Initial Capacity: 8M
 Heap Max Capacity: 490M
 Pre-touch: Disabled
 Parallel Workers: 2
 Concurrent Workers: 1
 Concurrent Refinement Workers: 2
 Periodic GC: Disabled

Heap:
 garbage-first heap   total 10240K, used 2102K [0x00000000e1600000, 0x0000000100000000)
  region size 1024K, 2 young (2048K), 0 survivors (0K)
 Metaspace       used 1897K, committed 2048K, reserved 1114112K
  class space    used 218K, committed 256K, reserved 1048576K

Heap Regions: E=young(eden), S=young(survivor), O=old, HS=humongous(starts), HC=humongous(continues), CS=collection set, F=free, TAMS=top-at-mark-start, PB=parsable bottom
|   0|0x00000000e1600000, 0x00000000e1600000, 0x00000000e1700000|  0%| F|  |TAMS 0x00000000e1600000| PB 0x00000000e1600000| Untracked 
|   1|0x00000000e1700000, 0x00000000e1700000, 0x00000000e1800000|  0%| F|  |TAMS 0x00000000e1700000| PB 0x00000000e1700000| Untracked 
|   2|0x00000000e1800000, 0x00000000e1800000, 0x00000000e1900000|  0%| F|  |TAMS 0x00000000e1800000| PB 0x00000000e1800000| Untracked 
|   3|0x00000000e1900000, 0x00000000e1900000, 0x00000000e1a00000|  0%| F|  |TAMS 0x00000000e1900000| PB 0x00000000e1900000| Untracked 
|   4|0x00000000e1a00000, 0x00000000e1a00000, 0x00000000e1b00000|  0%| F|  |TAMS 0x00000000e1a00000| PB 0x00000000e1a00000| Untracked 
|   5|0x00000000e1b00000, 0x00000000e1b00000, 0x00000000e1c00000|  0%| F|  |TAMS 0x00000000e1b00000| PB 0x00000000e1b00000| Untracked 
|   6|0x00000000e1c00000, 0x00000000e1cfa1e0, 0x00000000e1d00000| 97%| E|  |TAMS 0x00000000e1c00000| PB 0x00000000e1c00000| Complete 
|   7|0x00000000e1d00000, 0x00000000e1e00000, 0x00000000e1e00000|100%| E|CS|TAMS 0x00000000e1d00000| PB 0x00000000e1d00000| Complete 
| 488|0x00000000ffe00000, 0x00000000fff00000, 0x00000000fff00000|100%| O|  |TAMS 0x00000000ffe00000| PB 0x00000000ffe00000| Untracked 
| 489|0x00000000fff00000, 0x00000000fff0d968, 0x0000000100000000|  5%| O|  |TAMS 0x00000000fff00000| PB 0x00000000fff00000| Untracked 

Card table byte_map: [0x000070c39090b000,0x000070c390a00000] _byte_map_base: 0x000070c390200000

Marking Bits: (CMBitMap*) 0x000070c3a80548c0
 Bits: [0x000070c390000000, 0x000070c3907a8000)

Polling page: 0x000070c3addc2000

Metaspace:

Usage:
  Non-class:      1.64 MB used.
      Class:    218.58 KB used.
       Both:      1.85 MB used.

Virtual space:
  Non-class space:       64.00 MB reserved,       1.75 MB (  3%) committed,  1 nodes.
      Class space:        1.00 GB reserved,     256.00 KB ( <1%) committed,  1 nodes.
             Both:        1.06 GB reserved,       2.00 MB ( <1%) committed. 

Chunk freelists:
   Non-Class:  10.90 MB
       Class:  15.57 MB
        Both:  26.47 MB

MaxMetaspaceSize: unlimited
CompressedClassSpaceSize: 1.00 GB
Initial GC threshold: 21.00 MB
Current GC threshold: 21.00 MB
CDS: on
 - commit_granule_bytes: 65536.
 - commit_granule_words: 8192.
 - virtual_space_node_default_size: 8388608.
 - enlarge_chunks_in_place: 1.
 - use_allocation_guard: 0.


Internal statistics:

num_allocs_failed_limit: 0.
num_arena_births: 22.
num_arena_deaths: 0.
num_vsnodes_births: 2.
num_vsnodes_deaths: 0.
num_space_committed: 32.
num_space_uncommitted: 0.
num_chunks_returned_to_freelist: 0.
num_chunks_taken_from_freelist: 90.
num_chunk_merges: 0.
num_chunk_splits: 57.
num_chunks_enlarged: 41.
num_inconsistent_stats: 0.

CodeHeap 'non-profiled nmethods': size=120036Kb used=119Kb max_used=119Kb free=119916Kb
 bounds [0x000070c3984c7000, 0x000070c398737000, 0x000070c39fa00000]
CodeHeap 'profiled nmethods': size=120032Kb used=433Kb max_used=433Kb free=119598Kb
 bounds [0x000070c390a00000, 0x000070c390c70000, 0x000070c397f38000]
CodeHeap 'non-nmethods': size=5692Kb used=1256Kb max_used=1265Kb free=4435Kb
 bounds [0x000070c397f38000, 0x000070c3981a8000, 0x000070c3984c7000]
 total_blobs=753 nmethods=364 adapters=296
 compilation: enabled
              stopped_count=0, restarted_count=0
 full_count=0

Compilation events (20 events):
Event: 0.276 Thread 0x000070c3a80a0080  349       3       java.lang.invoke.LambdaForm::forceInterpretation (14 bytes)
Event: 0.276 Thread 0x000070c3a80a0080 nmethod 349 0x000070c390a68d90 code [0x000070c390a68f20, 0x000070c390a69080]
Event: 0.278 Thread 0x000070c3a80a0080  350       3       java.lang.reflect.Modifier::isProtected (12 bytes)
Event: 0.278 Thread 0x000070c3a80a0080 nmethod 350 0x000070c390a69110 code [0x000070c390a692a0, 0x000070c390a693e0]
Event: 0.278 Thread 0x000070c3a80a0080  351       3       java.lang.invoke.MemberName::isConstructor (8 bytes)
Event: 0.278 Thread 0x000070c3a80a0080 nmethod 351 0x000070c390a69490 code [0x000070c390a69620, 0x000070c390a697e8]
Event: 0.278 Thread 0x000070c3a80a0080  352       3       java.lang.invoke.MemberName::initResolved (53 bytes)
Event: 0.278 Thread 0x000070c3a80a0080 nmethod 352 0x000070c390a69890 code [0x000070c390a69a20, 0x000070c390a69bc8]
Event: 0.278 Thread 0x000070c3a80a0080  353       3       java.lang.invoke.MemberName::getModifiers (8 bytes)
Event: 0.278 Thread 0x000070c3a80a0080 nmethod 353 0x000070c390a69c90 code [0x000070c390a69e20, 0x000070c390a69f28]
Event: 0.280 Thread 0x000070c3a80a0080  354       3       java.util.regex.Pattern::isSupplementary (21 bytes)
Event: 0.280 Thread 0x000070c3a80a0080 nmethod 354 0x000070c390a69f90 code [0x000070c390a6a140, 0x000070c390a6a3a8]
Event: 0.280 Thread 0x000070c3a80a0080  355       3       java.lang.Character::isSurrogate (18 bytes)
Event: 0.281 Thread 0x000070c3a80a0080 nmethod 355 0x000070c390a6a490 code [0x000070c390a6a620, 0x000070c390a6a798]
Event: 0.281 Thread 0x000070c3a80a0080  357       3       java.lang.invoke.LambdaForm::uncustomize (57 bytes)
Event: 0.281 Thread 0x000070c3a80a0080 nmethod 357 0x000070c390a6a810 code [0x000070c390a6a9e0, 0x000070c390a6acf0]
Event: 0.281 Thread 0x000070c3a80a0080  358       3       java.lang.invoke.MethodTypeForm::canonicalizeAll (63 bytes)
Event: 0.281 Thread 0x000070c3a80a0080 nmethod 358 0x000070c390a6ae10 code [0x000070c390a6b000, 0x000070c390a6b648]
Event: 0.281 Thread 0x000070c3a80a0080  359       3       java.lang.invoke.MethodType$ConcurrentWeakInternSet$WeakEntry::<init> (15 bytes)
Event: 0.281 Thread 0x000070c3a80a0080 nmethod 359 0x000070c390a6b810 code [0x000070c390a6b9e0, 0x000070c390a6bde0]

GC Heap History (0 events):
No events

Dll operation events (4 events):
Event: 0.003 Loaded shared library /usr/lib/jvm/jdk-21.0.8-oracle-x64/lib/libjava.so
Event: 0.042 Loaded shared library /usr/lib/jvm/jdk-21.0.8-oracle-x64/lib/libjsvml.so
Event: 0.109 Loaded shared library /usr/lib/jvm/jdk-21.0.8-oracle-x64/lib/libnio.so
Event: 0.110 Loaded shared library /usr/lib/jvm/jdk-21.0.8-oracle-x64/lib/libjimage.so

Deoptimization events (8 events):
Event: 0.188 Thread 0x000070c3a80285c0 Uncommon trap: trap_request=0xfffffff4 fr.pc=0x000070c3984da760 relative=0x0000000000000140
Event: 0.188 Thread 0x000070c3a80285c0 Uncommon trap: reason=null_check action=make_not_entrant pc=0x000070c3984da760 method=java.lang.String.equals(Ljava/lang/Object;)Z @ 8 c2
Event: 0.188 Thread 0x000070c3a80285c0 DEOPT PACKING pc=0x000070c3984da760 sp=0x000070c3ad9fd600
Event: 0.188 Thread 0x000070c3a80285c0 DEOPT UNPACKING pc=0x000070c397f8bf93 sp=0x000070c3ad9fd5b8 mode 2
Event: 0.261 Thread 0x000070c3a80285c0 Uncommon trap: trap_request=0xffffffde fr.pc=0x000070c3984d5380 relative=0x00000000000004c0
Event: 0.261 Thread 0x000070c3a80285c0 Uncommon trap: reason=class_check action=maybe_recompile pc=0x000070c3984d5380 method=java.util.HashMap.putVal(ILjava/lang/Object;Ljava/lang/Object;ZZ)Ljava/lang/Object; @ 253 c2
Event: 0.261 Thread 0x000070c3a80285c0 DEOPT PACKING pc=0x000070c3984d5380 sp=0x000070c3ad9fe2c0
Event: 0.261 Thread 0x000070c3a80285c0 DEOPT UNPACKING pc=0x000070c397f8bf93 sp=0x000070c3ad9fe260 mode 2

Classes loaded (20 events):
Event: 0.248 Loading class java/lang/Process done
Event: 0.248 Loading class java/lang/ProcessImpl done
Event: 0.248 Loading class java/lang/ProcessImpl$LaunchMechanism
Event: 0.248 Loading class java/lang/ProcessImpl$LaunchMechanism done
Event: 0.248 Loading class java/lang/ProcessEnvironment$Value
Event: 0.248 Loading class java/lang/ProcessEnvironment$Value done
Event: 0.249 Loading class java/lang/ProcessEnvironment$StringEnvironment
Event: 0.249 Loading class java/lang/ProcessEnvironment$StringEnvironment done
Event: 0.251 Loading class java/util/JumboEnumSet$EnumSetIterator
Event: 0.251 Loading class java/util/JumboEnumSet$EnumSetIterator done
Event: 0.254 Loading class java/util/ServiceLoader$ProviderSpliterator
Event: 0.254 Loading class java/util/ServiceLoader$ProviderSpliterator done
Event: 0.259 Loading class java/util/concurrent/Callable
Event: 0.259 Loading class java/util/concurrent/Callable done
Event: 0.277 Loading class java/nio/file/FileSystemNotFoundException
Event: 0.277 Loading class java/nio/file/FileSystemNotFoundException done
Event: 0.279 Loading class java/lang/NoSuchFieldError
Event: 0.279 Loading class java/lang/NoSuchFieldError done
Event: 0.280 Loading class java/util/AbstractQueue
Event: 0.280 Loading class java/util/AbstractQueue done

Classes unloaded (0 events):
No events

Classes redefined (0 events):
No events

Internal exceptions (3 events):
Event: 0.188 Thread 0x000070c3a80285c0 Implicit null exception at 0x000070c3984da663 to 0x000070c3984da750
Event: 0.243 Thread 0x000070c3a80285c0 Exception <a 'java/lang/NoSuchMethodError'{0x00000000e1caa990}: 'void java.lang.invoke.DirectMethodHandle$Holder.invokeSpecial(java.lang.Object, java.lang.Object, java.lang.Object)'> (0x00000000e1caa990) 
thrown [open/src/hotspot/share/interpreter/linkResolver.cpp, line 772]
Event: 0.282 Thread 0x000070c3a80285c0 Exception <a 'java/lang/NoSuchMethodError'{0x00000000e1cf4a78}: 'java.lang.Object java.lang.invoke.DirectMethodHandle$Holder.invokeVirtual(java.lang.Object, java.lang.Object, java.lang.Object)'> (0x00000000e1cf4a78) 
thrown [open/src/hotspot/share/interpreter/linkResolver.cpp, line 772]

ZGC Phase Switch (0 events):
No events

VM Operations (4 events):
Event: 0.083 Executing VM operation: HandshakeAllThreads (Deoptimize)
Event: 0.084 Executing VM operation: HandshakeAllThreads (Deoptimize) done
Event: 0.281 Executing VM operation: HandshakeAllThreads (Deoptimize)
Event: 0.281 Executing VM operation: HandshakeAllThreads (Deoptimize) done

Events (20 events):
Event: 0.002 Protecting memory [0x000070c3ad900000,0x000070c3ad904000] with protection modes 0
Event: 0.027 Thread 0x000070c3a80285c0 Thread added: 0x000070c3a80285c0
Event: 0.039 Thread 0x000070c3a8097600 Thread added: 0x000070c3a8097600
Event: 0.040 Protecting memory [0x000070c38cb00000,0x000070c38cb04000] with protection modes 0
Event: 0.040 Thread 0x000070c3a8098b60 Thread added: 0x000070c3a8098b60
Event: 0.040 Protecting memory [0x000070c38ca00000,0x000070c38ca04000] with protection modes 0
Event: 0.040 Thread 0x000070c3a809a2e0 Thread added: 0x000070c3a809a2e0
Event: 0.040 Protecting memory [0x000070c38c900000,0x000070c38c904000] with protection modes 0
Event: 0.040 Thread 0x000070c3a809b910 Thread added: 0x000070c3a809b910
Event: 0.041 Protecting memory [0x000070c38c800000,0x000070c38c804000] with protection modes 0
Event: 0.041 Thread 0x000070c3a809cea0 Thread added: 0x000070c3a809cea0
Event: 0.041 Protecting memory [0x000070c38c700000,0x000070c38c704000] with protection modes 0
Event: 0.041 Thread 0x000070c3a809e9d0 Thread added: 0x000070c3a809e9d0
Event: 0.041 Protecting memory [0x000070c38c600000,0x000070c38c604000] with protection modes 0
Event: 0.041 Thread 0x000070c3a80a0080 Thread added: 0x000070c3a80a0080
Event: 0.042 Protecting memory [0x000070c38c500000,0x000070c38c504000] with protection modes 0
Event: 0.072 Thread 0x000070c3a80e08a0 Thread added: 0x000070c3a80e08a0
Event: 0.072 Protecting memory [0x000070c38c330000,0x000070c38c334000] with protection modes 0
Event: 0.105 Thread 0x000070c3a8113440 Thread added: 0x000070c3a8113440
Event: 0.105 Protecting memory [0x000070c38c230000,0x000070c38c234000] with protection modes 0


Dynamic libraries:
e1600000-e1e00000 rw-p 00000000 00:00 0 
e1e00000-ffe00000 ---p 00000000 00:00 0 
ffe00000-fff0e000 rw-p 00ceb000 08:03 5680422                            /usr/lib/jvm/jdk-21.0.8-oracle-x64/lib/server/classes.jsa
fff0e000-100000000 rw-p 00000000 00:00 0 
573daf818000-573daf819000 r-xp 00000000 08:03 5680132                    /usr/lib/jvm/jdk-21.0.8-oracle-x64/bin/javac
573daf81a000-573daf81b000 r--p 00001000 08:03 5680132                    /usr/lib/jvm/jdk-21.0.8-oracle-x64/bin/javac
573daf81b000-573daf81c000 rw-p 00002000 08:03 5680132                    /usr/lib/jvm/jdk-21.0.8-oracle-x64/bin/javac
573de32e1000-573de3327000 rw-p 00000000 00:00 0                          [heap]
70c2f4000000-70c2f40b2000 rw-p 00000000 00:00 0 
70c2f40b2000-70c2f8000000 ---p 00000000 00:00 0 
70c2f8000000-70c2f817a000 rw-p 00000000 00:00 0 
70c2f817a000-70c2fc000000 ---p 00000000 00:00 0 
70c300000000-70c300021000 rw-p 00000000 00:00 0 
70c300021000-70c304000000 ---p 00000000 00:00 0 
70c304000000-70c304021000 rw-p 00000000 00:00 0 
70c304021000-70c308000000 ---p 00000000 00:00 0 
70c30c000000-70c30c021000 rw-p 00000000 00:00 0 
70c30c021000-70c310000000 ---p 00000000 00:00 0 
70c310000000-70c310021000 rw-p 00000000 00:00 0 
70c310021000-70c314000000 ---p 00000000 00:00 0 
70c318000000-70c318021000 rw-p 00000000 00:00 0 
70c318021000-70c31c000000 ---p 00000000 00:00 0 
70c31c000000-70c31c021000 rw-p 00000000 00:00 0 
70c31c021000-70c320000000 ---p 00000000 00:00 0 
70c324000000-70c3240a0000 rw-p 00000000 00:00 0 
70c3240a0000-70c324400000 ---p 00000000 00:00 0 
70c324400000-70c324520000 rw-p 00000000 00:00 0 
70c324520000-70c328000000 ---p 00000000 00:00 0 
70c328000000-70c328021000 rw-p 00000000 00:00 0 
70c328021000-70c32c000000 ---p 00000000 00:00 0 
70c32f000000-70c32fcab000 rw-p 00001000 08:03 5680422                    /usr/lib/jvm/jdk-21.0.8-oracle-x64/lib/server/classes.jsa
70c32fcab000-70c330000000 ---p 00000000 00:00 0 
70c330000000-70c330030000 rw-p 00000000 00:00 0 
70c330030000-70c330040000 ---p 00000000 00:00 0 
70c330040000-70c330050000 rw-p 00000000 00:00 0 
70c330050000-70c370000000 ---p 00000000 00:00 0 
70c370000000-70c370021000 rw-p 00000000 00:00 0 
70c370021000-70c374000000 ---p 00000000 00:00 0 
70c378000000-70c378021000 rw-p 00000000 00:00 0 
70c378021000-70c37c000000 ---p 00000000 00:00 0 
70c37c000000-70c37c021000 rw-p 00000000 00:00 0 
70c37c021000-70c380000000 ---p 00000000 00:00 0 
70c383c00000-70c383ebe000 rw-p 00000000 00:00 0 
70c384000000-70c384021000 rw-p 00000000 00:00 0 
70c384021000-70c388000000 ---p 00000000 00:00 0 
70c388000000-70c388021000 rw-p 00000000 00:00 0 
70c388021000-70c38c000000 ---p 00000000 00:00 0 
70c38c0bc000-70c38c230000 rw-p 00000000 00:00 0 
70c38c230000-70c38c234000 ---p 00000000 00:00 0 
70c38c234000-70c38c330000 rw-p 00000000 00:00 0 
70c38c330000-70c38c334000 ---p 00000000 00:00 0 
70c38c334000-70c38c430000 rw-p 00000000 00:00 0 
70c38c430000-70c38c4fe000 r-xp 00000000 08:03 5680396                    /usr/lib/jvm/jdk-21.0.8-oracle-x64/lib/libjsvml.so
70c38c4fe000-70c38c4ff000 r--p 000cd000 08:03 5680396                    /usr/lib/jvm/jdk-21.0.8-oracle-x64/lib/libjsvml.so
70c38c4ff000-70c38c500000 rw-p 000ce000 08:03 5680396                    /usr/lib/jvm/jdk-21.0.8-oracle-x64/lib/libjsvml.so
70c38c500000-70c38c504000 ---p 00000000 00:00 0 
70c38c504000-70c38c600000 rw-p 00000000 00:00 0 
70c38c600000-70c38c604000 ---p 00000000 00:00 0 
70c38c604000-70c38c700000 rw-p 00000000 00:00 0 
70c38c700000-70c38c704000 ---p 00000000 00:00 0 
70c38c704000-70c38c800000 rw-p 00000000 00:00 0 
70c38c800000-70c38c804000 ---p 00000000 00:00 0 
70c38c804000-70c38c900000 rw-p 00000000 00:00 0 
70c38c900000-70c38c904000 ---p 00000000 00:00 0 
70c38c904000-70c38ca00000 rw-p 00000000 00:00 0 
70c38ca00000-70c38ca04000 ---p 00000000 00:00 0 
70c38ca04000-70c38cb00000 rw-p 00000000 00:00 0 
70c38cb00000-70c38cb04000 ---p 00000000 00:00 0 
70c38cb04000-70c38cc00000 rw-p 00000000 00:00 0 
70c38cc00000-70c38d6e9000 r--p 00000000 08:03 5648444                    /usr/lib/locale/locale-archive
70c38d6fb000-70c38d6fc000 ---p 00000000 00:00 0 
70c38d6fc000-70c38d7fc000 rw-p 00000000 00:00 0 
70c38d7fc000-70c38d7fd000 ---p 00000000 00:00 0 
70c38d7fd000-70c38d8fd000 rw-p 00000000 00:00 0 
70c38d8fd000-70c38d8fe000 ---p 00000000 00:00 0 
70c38d8fe000-70c38d9fe000 rw-p 00000000 00:00 0 
70c38d9fe000-70c38d9ff000 ---p 00000000 00:00 0 
70c38d9ff000-70c38daff000 rw-p 00000000 00:00 0 
70c38daff000-70c38fc00000 rw-p 00000000 00:00 0 
70c38fc7c000-70c38fdfe000 rw-p 00000000 00:00 0 
70c38fdfe000-70c38fdff000 ---p 00000000 00:00 0 
70c38fdff000-70c38feff000 rw-p 00000000 00:00 0 
70c38feff000-70c38ff00000 ---p 00000000 00:00 0 
70c38ff00000-70c390000000 rw-p 00000000 00:00 0 
70c390000000-70c390020000 rw-p 00000000 00:00 0 
70c390020000-70c3907a0000 ---p 00000000 00:00 0 
70c3907a0000-70c3907a8000 rw-p 00000000 00:00 0 
70c3907af000-70c39080a000 rw-p 00000000 00:00 0 
70c39080a000-70c39080b000 ---p 00000000 00:00 0 
70c39080b000-70c39090b000 rw-p 00000000 00:00 0 
70c39090b000-70c39090f000 rw-p 00000000 00:00 0 
70c39090f000-70c3909ff000 ---p 00000000 00:00 0 
70c3909ff000-70c390a00000 rw-p 00000000 00:00 0 
70c390a00000-70c390c70000 rwxp 00000000 00:00 0 
70c390c70000-70c397f38000 ---p 00000000 00:00 0 
70c397f38000-70c3981a8000 rwxp 00000000 00:00 0 
70c3981a8000-70c3984c7000 ---p 00000000 00:00 0 
70c3984c7000-70c398737000 rwxp 00000000 00:00 0 
70c398737000-70c39fa00000 ---p 00000000 00:00 0 
70c39fa00000-70c3a7f08000 r--s 00000000 08:03 5680413                    /usr/lib/jvm/jdk-21.0.8-oracle-x64/lib/modules
70c3a7f0b000-70c3a7f0f000 rw-p 00000000 00:00 0 
70c3a7f0f000-70c3a7fff000 ---p 00000000 00:00 0 
70c3a7fff000-70c3a822c000 rw-p 00000000 00:00 0 
70c3a822c000-70c3ac000000 ---p 00000000 00:00 0 
70c3ac028000-70c3ac22f000 rw-p 00000000 00:00 0 
70c3ac22f000-70c3ac315000 ---p 00000000 00:00 0 
70c3ac315000-70c3ac31a000 rw-p 00000000 00:00 0 
70c3ac31a000-70c3ac400000 ---p 00000000 00:00 0 
70c3ac400000-70c3ad71d000 r-xp 00000000 08:03 5680425                    /usr/lib/jvm/jdk-21.0.8-oracle-x64/lib/server/libjvm.so
70c3ad71d000-70c3ad71e000 ---p 0131d000 08:03 5680425                    /usr/lib/jvm/jdk-21.0.8-oracle-x64/lib/server/libjvm.so
70c3ad71e000-70c3ad7ef000 r--p 0131d000 08:03 5680425                    /usr/lib/jvm/jdk-21.0.8-oracle-x64/lib/server/libjvm.so
70c3ad7ef000-70c3ad81d000 rw-p 013ee000 08:03 5680425                    /usr/lib/jvm/jdk-21.0.8-oracle-x64/lib/server/libjvm.so
70c3ad81d000-70c3ad883000 rw-p 00000000 00:00 0 
70c3ad8a9000-70c3ad8bc000 r-xp 00000000 08:03 5680404                    /usr/lib/jvm/jdk-21.0.8-oracle-x64/lib/libnio.so
70c3ad8bc000-70c3ad8bd000 ---p 00013000 08:03 5680404                    /usr/lib/jvm/jdk-21.0.8-oracle-x64/lib/libnio.so
70c3ad8bd000-70c3ad8be000 r--p 00013000 08:03 5680404                    /usr/lib/jvm/jdk-21.0.8-oracle-x64/lib/libnio.so
70c3ad8be000-70c3ad8bf000 rw-p 00014000 08:03 5680404                    /usr/lib/jvm/jdk-21.0.8-oracle-x64/lib/libnio.so
70c3ad8bf000-70c3ad900000 rw-p 00000000 00:00 0 
70c3ad900000-70c3ad904000 ---p 00000000 00:00 0 
70c3ad904000-70c3ada00000 rw-p 00000000 00:00 0 
70c3ada00000-70c3ada28000 r--p 00000000 08:03 5649325                    /usr/lib/x86_64-linux-gnu/libc.so.6
70c3ada28000-70c3adbb0000 r-xp 00028000 08:03 5649325                    /usr/lib/x86_64-linux-gnu/libc.so.6
70c3adbb0000-70c3adbff000 r--p 001b0000 08:03 5649325                    /usr/lib/x86_64-linux-gnu/libc.so.6
70c3adbff000-70c3adc03000 r--p 001fe000 08:03 5649325                    /usr/lib/x86_64-linux-gnu/libc.so.6
70c3adc03000-70c3adc05000 rw-p 00202000 08:03 5649325                    /usr/lib/x86_64-linux-gnu/libc.so.6
70c3adc05000-70c3adc12000 rw-p 00000000 00:00 0 
70c3adc19000-70c3adc24000 r-xp 00000000 08:03 5680403                    /usr/lib/jvm/jdk-21.0.8-oracle-x64/lib/libnet.so
70c3adc24000-70c3adc25000 ---p 0000b000 08:03 5680403                    /usr/lib/jvm/jdk-21.0.8-oracle-x64/lib/libnet.so
70c3adc25000-70c3adc26000 r--p 0000b000 08:03 5680403                    /usr/lib/jvm/jdk-21.0.8-oracle-x64/lib/libnet.so
70c3adc26000-70c3adc27000 rw-p 0000c000 08:03 5680403                    /usr/lib/jvm/jdk-21.0.8-oracle-x64/lib/libnet.so
70c3adc27000-70c3adc3d000 rw-p 00000000 00:00 0 
70c3adc3d000-70c3adc44000 ---p 00000000 00:00 0 
70c3adc44000-70c3adc64000 r-xp 00000000 08:03 5680388                    /usr/lib/jvm/jdk-21.0.8-oracle-x64/lib/libjava.so
70c3adc64000-70c3adc65000 ---p 00020000 08:03 5680388                    /usr/lib/jvm/jdk-21.0.8-oracle-x64/lib/libjava.so
70c3adc65000-70c3adc66000 r--p 00020000 08:03 5680388                    /usr/lib/jvm/jdk-21.0.8-oracle-x64/lib/libjava.so
70c3adc66000-70c3adc67000 rw-p 00021000 08:03 5680388                    /usr/lib/jvm/jdk-21.0.8-oracle-x64/lib/libjava.so
70c3adc67000-70c3adc68000 rw-p 00000000 00:00 0 
70c3adc68000-70c3adc86000 r-xp 00000000 08:03 5680392                    /usr/lib/jvm/jdk-21.0.8-oracle-x64/lib/libjimage.so
70c3adc86000-70c3adc88000 r--p 0001d000 08:03 5680392                    /usr/lib/jvm/jdk-21.0.8-oracle-x64/lib/libjimage.so
70c3adc88000-70c3adc89000 rw-p 0001f000 08:03 5680392                    /usr/lib/jvm/jdk-21.0.8-oracle-x64/lib/libjimage.so
70c3adc89000-70c3adc99000 r--p 00000000 08:03 5650078                    /usr/lib/x86_64-linux-gnu/libm.so.6
70c3adc99000-70c3add18000 r-xp 00010000 08:03 5650078                    /usr/lib/x86_64-linux-gnu/libm.so.6
70c3add18000-70c3add70000 r--p 0008f000 08:03 5650078                    /usr/lib/x86_64-linux-gnu/libm.so.6
70c3add70000-70c3add71000 r--p 000e7000 08:03 5650078                    /usr/lib/x86_64-linux-gnu/libm.so.6
70c3add71000-70c3add72000 rw-p 000e8000 08:03 5650078                    /usr/lib/x86_64-linux-gnu/libm.so.6
70c3add72000-70c3add73000 r--p 00000000 08:03 5650443                    /usr/lib/x86_64-linux-gnu/librt.so.1
70c3add73000-70c3add74000 r-xp 00001000 08:03 5650443                    /usr/lib/x86_64-linux-gnu/librt.so.1
70c3add74000-70c3add75000 r--p 00002000 08:03 5650443                    /usr/lib/x86_64-linux-gnu/librt.so.1
70c3add75000-70c3add76000 r--p 00002000 08:03 5650443                    /usr/lib/x86_64-linux-gnu/librt.so.1
70c3add76000-70c3add77000 rw-p 00003000 08:03 5650443                    /usr/lib/x86_64-linux-gnu/librt.so.1
70c3add77000-70c3add7b000 rw-p 00000000 00:00 0 
70c3add7b000-70c3add7c000 r--p 00000000 08:03 5649500                    /usr/lib/x86_64-linux-gnu/libdl.so.2
70c3add7c000-70c3add7d000 r-xp 00001000 08:03 5649500                    /usr/lib/x86_64-linux-gnu/libdl.so.2
70c3add7d000-70c3add7e000 r--p 00002000 08:03 5649500                    /usr/lib/x86_64-linux-gnu/libdl.so.2
70c3add7e000-70c3add7f000 r--p 00002000 08:03 5649500                    /usr/lib/x86_64-linux-gnu/libdl.so.2
70c3add7f000-70c3add80000 rw-p 00003000 08:03 5649500                    /usr/lib/x86_64-linux-gnu/libdl.so.2
70c3add80000-70c3add81000 r--p 00000000 08:03 5650375                    /usr/lib/x86_64-linux-gnu/libpthread.so.0
70c3add81000-70c3add82000 r-xp 00001000 08:03 5650375                    /usr/lib/x86_64-linux-gnu/libpthread.so.0
70c3add82000-70c3add83000 r--p 00002000 08:03 5650375                    /usr/lib/x86_64-linux-gnu/libpthread.so.0
70c3add83000-70c3add84000 r--p 00002000 08:03 5650375                    /usr/lib/x86_64-linux-gnu/libpthread.so.0
70c3add84000-70c3add85000 rw-p 00003000 08:03 5650375                    /usr/lib/x86_64-linux-gnu/libpthread.so.0
70c3add85000-70c3add93000 r-xp 00000000 08:03 5680393                    /usr/lib/jvm/jdk-21.0.8-oracle-x64/lib/libjli.so
70c3add93000-70c3add94000 ---p 0000e000 08:03 5680393                    /usr/lib/jvm/jdk-21.0.8-oracle-x64/lib/libjli.so
70c3add94000-70c3add95000 r--p 0000e000 08:03 5680393                    /usr/lib/jvm/jdk-21.0.8-oracle-x64/lib/libjli.so
70c3add95000-70c3add96000 rw-p 0000f000 08:03 5680393                    /usr/lib/jvm/jdk-21.0.8-oracle-x64/lib/libjli.so
70c3add96000-70c3add98000 r--p 00000000 08:03 5650898                    /usr/lib/x86_64-linux-gnu/libz.so.1.3
70c3add98000-70c3addaa000 r-xp 00002000 08:03 5650898                    /usr/lib/x86_64-linux-gnu/libz.so.1.3
70c3addaa000-70c3addb0000 r--p 00014000 08:03 5650898                    /usr/lib/x86_64-linux-gnu/libz.so.1.3
70c3addb0000-70c3addb1000 r--p 0001a000 08:03 5650898                    /usr/lib/x86_64-linux-gnu/libz.so.1.3
70c3addb1000-70c3addb2000 rw-p 0001b000 08:03 5650898                    /usr/lib/x86_64-linux-gnu/libz.so.1.3
70c3addb3000-70c3addba000 r--s 00000000 08:03 5787523                    /usr/lib/x86_64-linux-gnu/gconv/gconv-modules.cache
70c3addba000-70c3addc2000 rw-s 00000000 08:03 1838429                    /tmp/hsperfdata_johncarlo/3608
70c3addc2000-70c3addc3000 ---p 00000000 00:00 0 
70c3addc3000-70c3addc4000 r--p 00000000 00:00 0 
70c3addc4000-70c3addc5000 ---p 00000000 00:00 0 
70c3addc5000-70c3addc7000 rw-p 00000000 00:00 0 
70c3addc7000-70c3addc8000 r--p 00000000 08:03 5648895                    /usr/lib/x86_64-linux-gnu/ld-linux-x86-64.so.2
70c3addc8000-70c3addf3000 r-xp 00001000 08:03 5648895                    /usr/lib/x86_64-linux-gnu/ld-linux-x86-64.so.2
70c3addf3000-70c3addfd000 r--p 0002c000 08:03 5648895                    /usr/lib/x86_64-linux-gnu/ld-linux-x86-64.so.2
70c3addfd000-70c3addff000 r--p 00036000 08:03 5648895                    /usr/lib/x86_64-linux-gnu/ld-linux-x86-64.so.2
70c3addff000-70c3ade01000 rw-p 00038000 08:03 5648895                    /usr/lib/x86_64-linux-gnu/ld-linux-x86-64.so.2
7fff327f9000-7fff3281a000 rw-p 00000000 00:00 0                          [stack]
7fff3295b000-7fff3295f000 r--p 00000000 00:00 0                          [vvar]
7fff3295f000-7fff32961000 r-xp 00000000 00:00 0                          [vdso]
ffffffffff600000-ffffffffff601000 --xp 00000000 00:00 0                  [vsyscall]
Total number of mappings: 185


VM Arguments:
jvm_args: -Dapplication.home=/usr/lib/jvm/jdk-21.0.8-oracle-x64 --add-modules=ALL-DEFAULT -Xms8m -Djdk.module.main=jdk.compiler 
java_command: jdk.compiler/com.sun.tools.javac.Main -cp .:/home/johncarlo/jdbc/sql_driver/mysql-connector-j-9.6.0.jar Normal_user.java
java_class_path (initial): <not set>
Launcher Type: SUN_STANDARD

[Global flags]
     intx CICompilerCount                          = 2                                         {product} {ergonomic}
     uint ConcGCThreads                            = 1                                         {product} {ergonomic}
     uint G1ConcRefinementThreads                  = 2                                         {product} {ergonomic}
   size_t G1HeapRegionSize                         = 1048576                                   {product} {ergonomic}
    uintx GCDrainStackTargetSize                   = 64                                        {product} {ergonomic}
   size_t InitialHeapSize                          = 8388608                                   {product} {command line}
   size_t MarkStackSize                            = 4194304                                   {product} {ergonomic}
   size_t MaxHeapSize                              = 513802240                                 {product} {ergonomic}
   size_t MaxNewSize                               = 308281344                                 {product} {ergonomic}
   size_t MinHeapDeltaBytes                        = 1048576                                   {product} {ergonomic}
   size_t MinHeapSize                              = 8388608                                   {product} {command line}
    uintx NonNMethodCodeHeapSize                   = 5826188                                {pd product} {ergonomic}
    uintx NonProfiledCodeHeapSize                  = 122916026                              {pd product} {ergonomic}
    uintx ProfiledCodeHeapSize                     = 122916026                              {pd product} {ergonomic}
    uintx ReservedCodeCacheSize                    = 251658240                              {pd product} {ergonomic}
     bool SegmentedCodeCache                       = true                                      {product} {ergonomic}
   size_t SoftMaxHeapSize                          = 513802240                              {manageable} {ergonomic}
     bool UseCompressedOops                        = true                           {product lp64_product} {ergonomic}
     bool UseG1GC                                  = true                                      {product} {ergonomic}

Logging:
Log output configuration:
 #0: stdout all=warning uptime,level,tags foldmultilines=false
 #1: stderr all=off uptime,level,tags foldmultilines=false

Environment Variables:
PATH=/usr/local/sbin:/usr/local/bin:/usr/sbin:/usr/bin:/sbin:/bin:/usr/games:/usr/local/games:/snap/bin
SHELL=/bin/bash
DISPLAY=:0.0
LANG=en_PH.UTF-8

Active Locale:
LC_ALL=en_PH.UTF-8
LC_COLLATE=en_PH.UTF-8
LC_CTYPE=en_PH.UTF-8
LC_MESSAGES=en_PH.UTF-8
LC_MONETARY=en_PH.UTF-8
LC_NUMERIC=en_PH.UTF-8
LC_TIME=en_PH.UTF-8

Signal Handlers:
   SIGSEGV: crash_handler in libjvm.so, mask=11100100010111111101111111111110, flags=SA_RESTART|SA_SIGINFO, unblocked
    SIGBUS: crash_handler in libjvm.so, mask=11100100010111111101111111111110, flags=SA_RESTART|SA_SIGINFO, unblocked
    SIGFPE: crash_handler in libjvm.so, mask=11100100010111111101111111111110, flags=SA_RESTART|SA_SIGINFO, unblocked
   SIGPIPE: javaSignalHandler in libjvm.so, mask=11100100010111111101111111111110, flags=SA_RESTART|SA_SIGINFO, blocked
   SIGXFSZ: javaSignalHandler in libjvm.so, mask=11100100010111111101111111111110, flags=SA_RESTART|SA_SIGINFO, blocked
    SIGILL: crash_handler in libjvm.so, mask=11100100010111111101111111111110, flags=SA_RESTART|SA_SIGINFO, unblocked
   SIGUSR2: SR_handler in libjvm.so, mask=00000000000000000000000000000000, flags=SA_RESTART|SA_SIGINFO, blocked
    SIGHUP: UserHandler in libjvm.so, mask=11100100010111111101111111111110, flags=SA_RESTART|SA_SIGINFO, blocked
    SIGINT: UserHandler in libjvm.so, mask=11100100010111111101111111111110, flags=SA_RESTART|SA_SIGINFO, blocked
   SIGTERM: UserHandler in libjvm.so, mask=11100100010111111101111111111110, flags=SA_RESTART|SA_SIGINFO, blocked
   SIGQUIT: UserHandler in libjvm.so, mask=11100100010111111101111111111110, flags=SA_RESTART|SA_SIGINFO, blocked
   SIGTRAP: crash_handler in libjvm.so, mask=11100100010111111101111111111110, flags=SA_RESTART|SA_SIGINFO, unblocked


Periodic native trim disabled

---------------  S Y S T E M  ---------------

OS:
DISTRIB_ID=LinuxMint
DISTRIB_RELEASE=22.1
DISTRIB_CODENAME=xia
DISTRIB_DESCRIPTION="Linux Mint 22.1 Xia"
uname: Linux 6.8.0-51-generic #52-Ubuntu SMP PREEMPT_DYNAMIC Thu Dec  5 13:09:44 UTC 2024 x86_64
OS uptime: 0 days 0:57 hours
libc: glibc 2.39 NPTL 2.39 
rlimit (soft/hard): STACK 8192k/infinity , CORE 0k/infinity , NPROC 7524/7524 , NOFILE 1048576/1048576 , AS infinity/infinity , CPU infinity/infinity , DATA infinity/infinity , FSIZE infinity/infinity , MEMLOCK 250596k/250596k
load average: 0.34 0.25 0.31

/proc/meminfo:
MemTotal:        2004780 kB
MemFree:          116276 kB
MemAvailable:     686860 kB
Buffers:           23904 kB
Cached:           768284 kB
SwapCached:         5956 kB
Active:           764580 kB
Inactive:         828476 kB
Active(anon):     332280 kB
Inactive(anon):   577084 kB
Active(file):     432300 kB
Inactive(file):   251392 kB
Unevictable:      102664 kB
Mlocked:             136 kB
SwapTotal:       4001788 kB
SwapFree:        3865692 kB
Zswap:                 0 kB
Zswapped:              0 kB
Dirty:               108 kB
Writeback:             0 kB
AnonPages:        899556 kB
Mapped:           305912 kB
Shmem:            108496 kB
KReclaimable:      36732 kB
Slab:             114828 kB
SReclaimable:      36732 kB
SUnreclaim:        78096 kB
KernelStack:        8416 kB
PageTables:        18616 kB
SecPageTables:         0 kB
NFS_Unstable:          0 kB
Bounce:                0 kB
WritebackTmp:          0 kB
CommitLimit:     5004176 kB
Committed_AS:    4637956 kB
VmallocTotal:   34359738367 kB
VmallocUsed:       27496 kB
VmallocChunk:          0 kB
Percpu:             2576 kB
HardwareCorrupted:     0 kB
AnonHugePages:         0 kB
ShmemHugePages:        0 kB
ShmemPmdMapped:        0 kB
FileHugePages:         0 kB
FilePmdMapped:         0 kB
Unaccepted:            0 kB
HugePages_Total:       0
HugePages_Free:        0
HugePages_Rsvd:        0
HugePages_Surp:        0
Hugepagesize:       2048 kB
Hugetlb:               0 kB
DirectMap4k:      145984 kB
DirectMap2M:     1941504 kB

/sys/kernel/mm/transparent_hugepage/enabled: always [madvise] never
/sys/kernel/mm/transparent_hugepage/defrag (defrag/compaction efforts parameter): always defer defer+madvise [madvise] never

Process Memory:
Virtual Size: 3106324K (peak: 3106400K)
Resident Set Size: 53696K (peak: 53696K) (anon: 27656K, file: 26040K, shmem: 0K)
Swapped out: 0K
C-Heap outstanding allocations: 13697K, retained: 2182K
glibc malloc tunables: (default)

/proc/sys/kernel/threads-max (system-wide limit on the number of threads): 15049
/proc/sys/vm/max_map_count (maximum number of memory map areas a process may have): 1048576
/proc/sys/kernel/pid_max (system-wide limit on number of process identifiers): 4194304

container (cgroup) information:
container_type: cgroupv2
cpu_cpuset_cpus: not supported
cpu_memory_nodes: not supported
active_processor_count: 2
cpu_quota: no quota
cpu_period: 100000
cpu_shares: no shares
memory_limit_in_bytes: unlimited
memory_and_swap_limit_in_bytes: unlimited
memory_soft_limit_in_bytes: 0
memory_usage_in_bytes: 941480 k
memory_max_usage_in_bytes: not supported
memory_swap_current_in_bytes: 0
memory_swap_max_limit_in_bytes: unlimited
maximum number of tasks: unlimited
current number of tasks: 175

Steal ticks since vm start: 0
Steal ticks percentage since vm start:  0.000

CPU: total 4 (initial active 2) (2 cores per cpu, 1 threads per core) family 6 model 23 stepping 10 microcode 0xa0b, cx8, cmov, fxsr, mmx, sse, sse2, sse3, ssse3, sse4.1, tsc, clflush
CPU Model and flags from /proc/cpuinfo:
model name	: Intel(R) Core(TM)2 Duo CPU     E7500  @ 2.93GHz
flags		: fpu vme de pse tsc msr pae mce cx8 apic sep mtrr pge mca cmov pat pse36 clflush dts acpi mmx fxsr sse sse2 ht tm pbe syscall nx lm constant_tsc arch_perfmon pebs bts rep_good nopl cpuid aperfmperf pni dtes64 monitor ds_cpl vmx est tm2 ssse3 cx16 xtpr pdcm sse4_1 xsave lahf_lm pti tpr_shadow flexpriority vpid dtherm vnmi

Online cpus: 0-1
Offline cpus: 2-3
BIOS frequency limitation: 2926000
Frequency switch latency (ns): 10000
Available cpu frequencies: 2926000 2128000 1596000 
Current governor: schedutil
Core performance/turbo boost: <Not Available>

Memory: 4k page, physical 2004780k(686860k free), swap 4001788k(3865692k free)
Page Sizes: 4k

vm_info: Java HotSpot(TM) 64-Bit Server VM (21.0.8+12-LTS-250) for linux-amd64 JRE (21.0.8+12-LTS-250), built on 2025-06-27T08:11:22Z by "mach5one" with gcc 13.2.0

END.
