#
# A fatal error has been detected by the Java Runtime Environment:
#
#  SIGSEGV (0xb) at pc=0x0000737508ba038d, pid=2340, tid=2354
#
# JRE version: Java(TM) SE Runtime Environment (21.0.8+12) (build 21.0.8+12-LTS-250)
# Java VM: Java HotSpot(TM) 64-Bit Server VM (21.0.8+12-LTS-250, mixed mode, sharing, tiered, compressed oops, compressed class ptrs, g1 gc, linux-amd64)
# Problematic frame:
# V  [libjvm.so+0xba038d]  IdealLoopTree::is_loop()+0xd
#
# Core dump will be written. Default location: Core dumps may be processed with "/usr/lib/systemd/systemd-coredump %P %u %g %s %t 9223372036854775808 %h" (or dumping to /home/johncarlo/Desktop/students_system/core.2340)
#
# If you would like to submit a bug report, please visit:
#   https://bugreport.java.com/bugreport/crash.jsp
#

---------------  S U M M A R Y ------------

Command Line: -Dapplication.home=/usr/lib/jvm/jdk-21.0.8-oracle-x64 --add-modules=ALL-DEFAULT -Xms8m -Djdk.module.main=jdk.compiler jdk.compiler/com.sun.tools.javac.Main -cp .:/home/johncarlo/jdbc/sql_driver/mysql-connector-j-9.6.0.jar studentsDAO.java

Host: Intel(R) Core(TM)2 Duo CPU     E7500  @ 2.93GHz, 4 cores, 1G, Linux Mint 22.1 Xia
Time: Wed Apr  1 22:14:02 2026 PST elapsed time: 1.770139 seconds (0d 0h 0m 1s)

---------------  T H R E A D  ---------------

Current thread (0x000073750009e9d0):  JavaThread "C2 CompilerThread0" daemon [_thread_in_native, id=2354, stack(0x00007375040fb000,0x00007375041fb000) (1024K)]


Current CompileTask:
C2:   1770 1640       4       java.util.HashMap::put (13 bytes)

Stack: [0x00007375040fb000,0x00007375041fb000],  sp=0x00007375041f6428,  free space=1005k
Native frames: (J=compiled Java code, j=interpreted, Vv=VM code, C=native code)
V  [libjvm.so+0xba038d]  IdealLoopTree::is_loop()+0xd
V  [libjvm.so+0x63a707]  Compile::optimize_loops(PhaseIterGVN&, LoopOptsMode)+0x2a7
V  [libjvm.so+0x644fe7]  Compile::Optimize()+0x7b7
V  [libjvm.so+0x64686c]  Compile::Compile(ciEnv*, ciMethod*, int, Options, DirectiveSet*)+0xeec
V  [libjvm.so+0x572f7d]  C2Compiler::compile_method(ciEnv*, ciMethod*, int, bool, DirectiveSet*)+0x19d
V  [libjvm.so+0x64c658]  CompileBroker::invoke_compiler_on_method(CompileTask*)+0xae8
V  [libjvm.so+0x64f728]  CompileBroker::compiler_thread_loop()+0x678
V  [libjvm.so+0x904f08]  JavaThread::thread_main_inner() [clone .part.0]+0xb8
V  [libjvm.so+0xea25ef]  Thread::call_run()+0x9f
V  [libjvm.so+0xcc8495]  thread_native_entry(Thread*)+0xd5
C  [libc.so.6+0x9ca94]

siginfo: si_signo: 11 (SIGSEGV), si_code: 1 (SEGV_MAPERR), si_addr: 0x0000000000000008

Registers:
RAX=0x0000000000000000, RBX=0x00007375041f6470, RCX=0x00007375041f6470, RDX=0x00007375093f555d
RSP=0x00007375041f6428, RBP=0x00007375041f6720, RSI=0x00007375041f67e0, RDI=0x0000737450200b20
R8 =0x00007375041f6490, R9 =0x0000737450200b20, R10=0x0000000000000891, R11=0x00007375004b1df0
R12=0x0000000000000000, R13=0x0000737450200b20, R14=0x00007375041f64b0, R15=0x00007375041f67e0
RIP=0x0000737508ba038d, EFLAGS=0x0000000000010246, CSGSFS=0x002b000000000033, ERR=0x0000000000000004
  TRAPNO=0x000000000000000e


Register to memory mapping:

RAX=0x0 is null
RBX=0x00007375041f6470 is pointing into the stack for thread: 0x000073750009e9d0
RCX=0x00007375041f6470 is pointing into the stack for thread: 0x000073750009e9d0
RDX=0x00007375093f555d: <offset 0x00000000013f555d> in /usr/lib/jvm/jdk-21.0.8-oracle-x64/lib/server/libjvm.so at 0x0000737508000000
RSP=0x00007375041f6428 is pointing into the stack for thread: 0x000073750009e9d0
RBP=0x00007375041f6720 is pointing into the stack for thread: 0x000073750009e9d0
RSI=0x00007375041f67e0 is pointing into the stack for thread: 0x000073750009e9d0
RDI=0x0000737450200b20 points into unknown readable memory: 0x0000000000000000 | 00 00 00 00 00 00 00 00
R8 =0x00007375041f6490 is pointing into the stack for thread: 0x000073750009e9d0
R9 =0x0000737450200b20 points into unknown readable memory: 0x0000000000000000 | 00 00 00 00 00 00 00 00
R10=0x0000000000000891 is an unknown value
R11=0x00007375004b1df0 points into unknown readable memory: 0x0000000000000000 | 00 00 00 00 00 00 00 00
R12=0x0 is null
R13=0x0000737450200b20 points into unknown readable memory: 0x0000000000000000 | 00 00 00 00 00 00 00 00
R14=0x00007375041f64b0 is pointing into the stack for thread: 0x000073750009e9d0
R15=0x00007375041f67e0 is pointing into the stack for thread: 0x000073750009e9d0

Top of Stack: (sp=0x00007375041f6428)
0x00007375041f6428:   0000737508b9f1f8 00007375041f6450
0x00007375041f6438:   00007375000008fe 00007375041f6490
0x00007375041f6448:   85770e3e0334c400 00007375000008fd
0x00007375041f6458:   00007375041f64d0 00007375041f6660
0x00007375041f6468:   00007374502c49c0 0000737500000080
0x00007375041f6478:   0000737450181290 0000737500000080
0x00007375041f6488:   000073750009ce40 000073745017ea20
0x00007375041f6498:   0000737450181270 000073745017ea30
0x00007375041f64a8:   000073750009ce40 000073750009ce40
0x00007375041f64b8:   0000737500000200 00007374541b2f10
0x00007375041f64c8:   0000737500000000 0000737450200b20
0x00007375041f64d8:   0000737450200b20 000073745017ea10
0x00007375041f64e8:   0000737500000000 00007375041f65c0
0x00007375041f64f8:   00007375041f6530 00007375041f6580
0x00007375041f6508:   0000737508b59d21 000073750009e9d0
0x00007375041f6518:   00000000502c49c0 000073748b08da10
0x00007375041f6528:   000073748b08da10 000073748b08e7a0
0x00007375041f6538:   000073750009e9d0 000073748b08e7a0
0x00007375041f6548:   00007375085fc47d 00007375041f65b0
0x00007375041f6558:   0000737508b1aef8 00007375041f65c0
0x00007375041f6568:   000073748b08e7a0 000073748b08da10
0x00007375041f6578:   000073750009e9d0 000073748b08e7a0
0x00007375041f6588:   00007375041f65f0 00007375041f6640
0x00007375041f6598:   00007375041f65f0 000073748b08da10
0x00007375041f65a8:   000073750944f838 00007375041f65d0
0x00007375041f65b8:   00007375088c02ad 000073748b08e7a0
0x00007375041f65c8:   000073748c0e9730 00007375041f6630
0x00007375041f65d8:   00007375086adad5 000073750009e9d0
0x00007375041f65e8:   000073748b08e7a0 000073748b08da10
0x00007375041f65f8:   000073748b0fdbb0 0000000000000001
0x00007375041f6608:   0000000000000002 000073750009e9d0
0x00007375041f6618:   000073748b08e7a0 000073748b08e7a0 

Instructions: (pc=0x0000737508ba038d)
0x0000737508ba028d:   8b 40 08 48 83 c4 08 5b 41 5c 41 5d 5d c3 0f 1f
0x0000737508ba029d:   44 00 00 48 83 c4 08 31 c0 5b 41 5c 41 5d 5d c3
0x0000737508ba02ad:   0f 1f 00 31 c0 c3 66 66 66 66 2e 0f 1f 84 00 00
0x0000737508ba02bd:   00 00 00 48 8b 47 08 48 8b 40 10 48 85 c0 0f 84
0x0000737508ba02cd:   9f 00 00 00 55 48 89 e5 41 55 41 54 53 48 83 ec
0x0000737508ba02dd:   08 48 8b 40 08 4c 8b 20 41 8b 44 24 2c 83 e0 3f
0x0000737508ba02ed:   83 f8 35 75 6e 49 8b 04 24 48 89 fb 4c 89 e7 ff
0x0000737508ba02fd:   90 d0 00 00 00 48 89 df 41 89 c5 48 8b 03 ff 90
0x0000737508ba030d:   e8 00 00 00 41 39 c5 75 4a 49 8b 44 24 08 48 8b
0x0000737508ba031d:   40 08 83 78 18 01 76 3b 48 8b 40 08 48 8b 40 08
0x0000737508ba032d:   48 85 c0 74 2e 83 78 18 03 75 28 48 8b 40 08 48
0x0000737508ba033d:   8b 40 08 48 85 c0 74 1b 83 78 18 03 75 15 48 8b
0x0000737508ba034d:   40 08 48 8b 40 08 8b 50 2c 83 e2 0f 83 fa 0c 74
0x0000737508ba035d:   04 66 90 31 c0 48 83 c4 08 5b 41 5c 41 5d 5d c3
0x0000737508ba036d:   0f 1f 00 31 c0 c3 66 66 66 66 2e 0f 1f 84 00 00
0x0000737508ba037d:   00 00 00 f6 47 5a 01 75 1a 48 8b 47 20 49 89 f9
0x0000737508ba038d:   48 8b 50 08 48 83 3a 00 74 11 48 83 78 10 00 0f
0x0000737508ba039d:   95 c0 c3 31 c0 c3 0f 1f 44 00 00 55 8b 70 28 48
0x0000737508ba03ad:   8b 7f 28 48 89 e5 e8 d8 8d fe ff 49 89 41 20 48
0x0000737508ba03bd:   83 78 10 00 0f 95 c0 5d c3 66 2e 0f 1f 84 00 00
0x0000737508ba03cd:   00 00 00 55 48 89 e5 41 56 41 55 49 89 fd 41 54
0x0000737508ba03dd:   49 89 f4 53 4c 8b 77 38 48 89 d3 4c 89 f7 e8 70
0x0000737508ba03ed:   69 17 00 49 8b 7e 20 4c 89 e6 e8 e4 4e 17 00 48
0x0000737508ba03fd:   89 da 4c 89 e6 4c 89 f7 e8 f6 63 17 00 48 83 c3
0x0000737508ba040d:   01 45 8b 64 24 28 45 3b 65 20 73 17 49 8b 45 28
0x0000737508ba041d:   4a 89 1c e0 5b 41 5c 41 5d 41 5e 5d c3 66 0f 1f
0x0000737508ba042d:   44 00 00 49 8d 7d 18 44 89 e6 e8 c4 5a 0f 00 eb
0x0000737508ba043d:   db 66 90 66 66 66 66 66 66 2e 0f 1f 84 00 00 00
0x0000737508ba044d:   00 00 00 55 48 89 e5 48 85 d2 74 0c 8b 42 28 39
0x0000737508ba045d:   f8 73 33 8b 04 86 5d c3 48 8d 05 e4 3b 85 00 48
0x0000737508ba046d:   8d 0d cc ef 4b 00 48 8d 15 4e 1c 51 00 be 8e 04
0x0000737508ba047d:   00 00 48 8d 3d 52 2b 4e 00 48 8b 00 c6 00 58 31 


Stack slot to memory mapping:

stack at sp + 0 slots: 0x0000737508b9f1f8: <offset 0x0000000000b9f1f8> in /usr/lib/jvm/jdk-21.0.8-oracle-x64/lib/server/libjvm.so at 0x0000737508000000
stack at sp + 1 slots: 0x00007375041f6450 is pointing into the stack for thread: 0x000073750009e9d0
stack at sp + 2 slots: 0x00007375000008fe points into unknown readable memory: 07 00
stack at sp + 3 slots: 0x00007375041f6490 is pointing into the stack for thread: 0x000073750009e9d0
stack at sp + 4 slots: 0x85770e3e0334c400 is an unknown value
stack at sp + 5 slots: 0x00007375000008fd points into unknown readable memory: 00 07 00
stack at sp + 6 slots: 0x00007375041f64d0 is pointing into the stack for thread: 0x000073750009e9d0
stack at sp + 7 slots: 0x00007375041f6660 is pointing into the stack for thread: 0x000073750009e9d0


---------------  P R O C E S S  ---------------

Threads class SMR info:
_java_thread_list=0x000073750010cb30, length=10, elements={
0x00007375000285c0, 0x0000737500097600, 0x0000737500098b60, 0x000073750009a2e0,
0x000073750009b910, 0x000073750009cea0, 0x000073750009e9d0, 0x00007375000a0080,
0x00007375000d05b0, 0x000073750010b9e0
}

Java Threads: ( => current thread )
  0x00007375000285c0 JavaThread "main"                              [_thread_blocked, id=2341, stack(0x0000737507f00000,0x0000737508000000) (1024K)]
  0x0000737500097600 JavaThread "Reference Handler"          daemon [_thread_blocked, id=2349, stack(0x00007375045fb000,0x00007375046fb000) (1024K)]
  0x0000737500098b60 JavaThread "Finalizer"                  daemon [_thread_blocked, id=2350, stack(0x00007375044fb000,0x00007375045fb000) (1024K)]
  0x000073750009a2e0 JavaThread "Signal Dispatcher"          daemon [_thread_blocked, id=2351, stack(0x00007375043fb000,0x00007375044fb000) (1024K)]
  0x000073750009b910 JavaThread "Service Thread"             daemon [_thread_blocked, id=2352, stack(0x00007375042fb000,0x00007375043fb000) (1024K)]
  0x000073750009cea0 JavaThread "Monitor Deflation Thread"   daemon [_thread_blocked, id=2353, stack(0x00007375041fb000,0x00007375042fb000) (1024K)]
=>0x000073750009e9d0 JavaThread "C2 CompilerThread0"         daemon [_thread_in_native, id=2354, stack(0x00007375040fb000,0x00007375041fb000) (1024K)]
  0x00007375000a0080 JavaThread "C1 CompilerThread0"         daemon [_thread_blocked, id=2355, stack(0x00007374e8900000,0x00007374e8a00000) (1024K)]
  0x00007375000d05b0 JavaThread "Common-Cleaner"             daemon [_thread_blocked, id=2356, stack(0x00007374e8800000,0x00007374e8900000) (1024K)]
  0x000073750010b9e0 JavaThread "Notification Thread"        daemon [_thread_blocked, id=2357, stack(0x00007374e8700000,0x00007374e8800000) (1024K)]
Total: 10

Other Threads:
  0x000073750008e210 VMThread "VM Thread"                           [id=2348, stack(0x00007375046fc000,0x00007375047fc000) (1024K)]
  0x000073750007c570 WatcherThread "VM Periodic Task Thread"        [id=2347, stack(0x00007375047fd000,0x00007375048fd000) (1024K)]
  0x0000737500053da0 WorkerThread "GC Thread#0"                     [id=2342, stack(0x000073750783e000,0x000073750793e000) (1024K)]
  0x0000737478006350 WorkerThread "GC Thread#1"                     [id=2358, stack(0x00007374e8600000,0x00007374e8700000) (1024K)]
  0x00007375000590a0 ConcurrentGCThread "G1 Main Marker"            [id=2343, stack(0x0000737506f00000,0x0000737507000000) (1024K)]
  0x000073750005a040 WorkerThread "G1 Conc#0"                       [id=2344, stack(0x0000737506dff000,0x0000737506eff000) (1024K)]
  0x000073750006ac70 ConcurrentGCThread "G1 Refine#0"               [id=2345, stack(0x00007375049ff000,0x0000737504aff000) (1024K)]
  0x000073750006bc20 ConcurrentGCThread "G1 Service"                [id=2346, stack(0x00007375048fe000,0x00007375049fe000) (1024K)]
Total: 8

Threads with active compile tasks:
C2 CompilerThread0     1815 1640       4       java.util.HashMap::put (13 bytes)
Total: 1

VM state: not at safepoint (normal execution)

VM Mutex/Monitor currently owned by a thread: None

Heap address: 0x00000000e1600000, size: 490 MB, Compressed Oops mode: 32-bit

CDS archive(s) mapped at: [0x000073748b000000-0x000073748bcab000-0x000073748bcab000), size 13283328, SharedBaseAddress: 0x000073748b000000, ArchiveRelocationMode: 1.
Compressed class space mapped at: 0x000073748c000000-0x00007374cc000000, reserved size: 1073741824
Narrow klass base: 0x000073748b000000, Narrow klass shift: 0, Narrow klass range: 0x100000000

GC Precious Log:
 CardTable entry size: 512
 Card Set container configuration: InlinePtr #cards 5 size 8 Array Of Cards #cards 12 size 40 Howl #buckets 4 coarsen threshold 1843 Howl Bitmap #cards 512 size 80 coarsen threshold 460 Card regions per heap region 1 cards per card region 2048
 CPUs: 4 total, 2 available
 Memory: 1957M
 Large Page Support: Disabled
 NUMA Support: Disabled
 Compressed Oops: Enabled (32-bit)
 Heap Region Size: 1M
 Heap Min Capacity: 8M
 Heap Initial Capacity: 8M
 Heap Max Capacity: 490M
 Pre-touch: Disabled
 Parallel Workers: 2
 Concurrent Workers: 1
 Concurrent Refinement Workers: 2
 Periodic GC: Disabled

Heap:
 garbage-first heap   total 28672K, used 10798K [0x00000000e1600000, 0x0000000100000000)
  region size 1024K, 6 young (6144K), 1 survivors (1024K)
 Metaspace       used 10573K, committed 10816K, reserved 1114112K
  class space    used 1201K, committed 1344K, reserved 1048576K

Heap Regions: E=young(eden), S=young(survivor), O=old, HS=humongous(starts), HC=humongous(continues), CS=collection set, F=free, TAMS=top-at-mark-start, PB=parsable bottom
|   0|0x00000000e1600000, 0x00000000e1700000, 0x00000000e1700000|100%| O|  |TAMS 0x00000000e1600000| PB 0x00000000e1600000| Untracked 
|   1|0x00000000e1700000, 0x00000000e1800000, 0x00000000e1800000|100%| O|  |TAMS 0x00000000e1700000| PB 0x00000000e1700000| Untracked 
|   2|0x00000000e1800000, 0x00000000e1900000, 0x00000000e1900000|100%| O|  |TAMS 0x00000000e1800000| PB 0x00000000e1800000| Untracked 
|   3|0x00000000e1900000, 0x00000000e1a00000, 0x00000000e1a00000|100%| O|  |TAMS 0x00000000e1900000| PB 0x00000000e1900000| Untracked 
|   4|0x00000000e1a00000, 0x00000000e1a8b8d8, 0x00000000e1b00000| 54%| O|  |TAMS 0x00000000e1a00000| PB 0x00000000e1a00000| Untracked 
|   5|0x00000000e1b00000, 0x00000000e1b00000, 0x00000000e1c00000|  0%| F|  |TAMS 0x00000000e1b00000| PB 0x00000000e1b00000| Untracked 
|   6|0x00000000e1c00000, 0x00000000e1c00000, 0x00000000e1d00000|  0%| F|  |TAMS 0x00000000e1c00000| PB 0x00000000e1c00000| Untracked 
|   7|0x00000000e1d00000, 0x00000000e1d00000, 0x00000000e1e00000|  0%| F|  |TAMS 0x00000000e1d00000| PB 0x00000000e1d00000| Untracked 
|   8|0x00000000e1e00000, 0x00000000e1f00000, 0x00000000e1f00000|100%| S|CS|TAMS 0x00000000e1e00000| PB 0x00000000e1e00000| Complete 
|   9|0x00000000e1f00000, 0x00000000e1f00000, 0x00000000e2000000|  0%| F|  |TAMS 0x00000000e1f00000| PB 0x00000000e1f00000| Untracked 
|  10|0x00000000e2000000, 0x00000000e2000000, 0x00000000e2100000|  0%| F|  |TAMS 0x00000000e2000000| PB 0x00000000e2000000| Untracked 
|  11|0x00000000e2100000, 0x00000000e2100000, 0x00000000e2200000|  0%| F|  |TAMS 0x00000000e2100000| PB 0x00000000e2100000| Untracked 
|  12|0x00000000e2200000, 0x00000000e2200000, 0x00000000e2300000|  0%| F|  |TAMS 0x00000000e2200000| PB 0x00000000e2200000| Untracked 
|  13|0x00000000e2300000, 0x00000000e2300000, 0x00000000e2400000|  0%| F|  |TAMS 0x00000000e2300000| PB 0x00000000e2300000| Untracked 
|  14|0x00000000e2400000, 0x00000000e2400000, 0x00000000e2500000|  0%| F|  |TAMS 0x00000000e2400000| PB 0x00000000e2400000| Untracked 
|  15|0x00000000e2500000, 0x00000000e2500000, 0x00000000e2600000|  0%| F|  |TAMS 0x00000000e2500000| PB 0x00000000e2500000| Untracked 
|  16|0x00000000e2600000, 0x00000000e2600000, 0x00000000e2700000|  0%| F|  |TAMS 0x00000000e2600000| PB 0x00000000e2600000| Untracked 
|  17|0x00000000e2700000, 0x00000000e2700000, 0x00000000e2800000|  0%| F|  |TAMS 0x00000000e2700000| PB 0x00000000e2700000| Untracked 
|  18|0x00000000e2800000, 0x00000000e2800000, 0x00000000e2900000|  0%| F|  |TAMS 0x00000000e2800000| PB 0x00000000e2800000| Untracked 
|  19|0x00000000e2900000, 0x00000000e2900000, 0x00000000e2a00000|  0%| F|  |TAMS 0x00000000e2900000| PB 0x00000000e2900000| Untracked 
|  20|0x00000000e2a00000, 0x00000000e2a00000, 0x00000000e2b00000|  0%| F|  |TAMS 0x00000000e2a00000| PB 0x00000000e2a00000| Untracked 
|  21|0x00000000e2b00000, 0x00000000e2b00000, 0x00000000e2c00000|  0%| F|  |TAMS 0x00000000e2b00000| PB 0x00000000e2b00000| Untracked 
|  22|0x00000000e2c00000, 0x00000000e2d00000, 0x00000000e2d00000|100%| E|  |TAMS 0x00000000e2c00000| PB 0x00000000e2c00000| Complete 
|  23|0x00000000e2d00000, 0x00000000e2e00000, 0x00000000e2e00000|100%| E|CS|TAMS 0x00000000e2d00000| PB 0x00000000e2d00000| Complete 
|  24|0x00000000e2e00000, 0x00000000e2f00000, 0x00000000e2f00000|100%| E|CS|TAMS 0x00000000e2e00000| PB 0x00000000e2e00000| Complete 
|  25|0x00000000e2f00000, 0x00000000e3000000, 0x00000000e3000000|100%| E|CS|TAMS 0x00000000e2f00000| PB 0x00000000e2f00000| Complete 
| 488|0x00000000ffe00000, 0x00000000fff00000, 0x00000000fff00000|100%| O|  |TAMS 0x00000000ffe00000| PB 0x00000000ffe00000| Untracked 
| 489|0x00000000fff00000, 0x0000000100000000, 0x0000000100000000|100%| E|CS|TAMS 0x00000000fff00000| PB 0x00000000fff00000| Complete 

Card table byte_map: [0x000073750793e000,0x0000737507a33000] _byte_map_base: 0x0000737507233000

Marking Bits: (CMBitMap*) 0x00007375000548c0
 Bits: [0x0000737507000000, 0x00007375077a8000)

Polling page: 0x000073750992b000

Metaspace:

Usage:
  Non-class:      9.15 MB used.
      Class:      1.17 MB used.
       Both:     10.33 MB used.

Virtual space:
  Non-class space:       64.00 MB reserved,       9.25 MB ( 14%) committed,  1 nodes.
      Class space:        1.00 GB reserved,       1.31 MB ( <1%) committed,  1 nodes.
             Both:        1.06 GB reserved,      10.56 MB ( <1%) committed. 

Chunk freelists:
   Non-Class:  4.97 MB
       Class:  14.72 MB
        Both:  19.69 MB

MaxMetaspaceSize: unlimited
CompressedClassSpaceSize: 1.00 GB
Initial GC threshold: 21.00 MB
Current GC threshold: 21.00 MB
CDS: on
 - commit_granule_bytes: 65536.
 - commit_granule_words: 8192.
 - virtual_space_node_default_size: 8388608.
 - enlarge_chunks_in_place: 1.
 - use_allocation_guard: 0.


Internal statistics:

num_allocs_failed_limit: 0.
num_arena_births: 164.
num_arena_deaths: 0.
num_vsnodes_births: 2.
num_vsnodes_deaths: 0.
num_space_committed: 169.
num_space_uncommitted: 0.
num_chunks_returned_to_freelist: 0.
num_chunks_taken_from_freelist: 513.
num_chunk_merges: 0.
num_chunk_splits: 359.
num_chunks_enlarged: 270.
num_inconsistent_stats: 0.

CodeHeap 'non-profiled nmethods': size=120036Kb used=510Kb max_used=510Kb free=119525Kb
 bounds [0x00007374f04c7000, 0x00007374f0737000, 0x00007374f7a00000]
CodeHeap 'profiled nmethods': size=120032Kb used=3200Kb max_used=3200Kb free=116831Kb
 bounds [0x00007374e8a00000, 0x00007374e8d30000, 0x00007374eff38000]
CodeHeap 'non-nmethods': size=5692Kb used=1359Kb max_used=1371Kb free=4333Kb
 bounds [0x00007374eff38000, 0x00007374f01a8000, 0x00007374f04c7000]
 total_blobs=2270 nmethods=1798 adapters=378
 compilation: enabled
              stopped_count=0, restarted_count=0
 full_count=0

Compilation events (20 events):
Event: 1.561 Thread 0x00007375000a0080 1630       3       com.sun.tools.javac.code.Types::isSubtypeUncheckedInternal (163 bytes)
Event: 1.562 Thread 0x00007375000a0080 nmethod 1630 0x00007374e8cbba90 code [0x00007374e8cbbe60, 0x00007374e8cbda20]
Event: 1.562 Thread 0x00007375000a0080 1634       1       com.sun.tools.javac.tree.TreeTranslator::visitIdent (6 bytes)
Event: 1.562 Thread 0x00007375000a0080 nmethod 1634 0x00007374f0540210 code [0x00007374f05403a0, 0x00007374f05404a8]
Event: 1.562 Thread 0x00007375000a0080 1635       3       com.sun.tools.javac.code.Types::implementation (13 bytes)
Event: 1.563 Thread 0x00007375000a0080 nmethod 1635 0x00007374e8cbe190 code [0x00007374e8cbe340, 0x00007374e8cbe488]
Event: 1.563 Thread 0x00007375000a0080 1636       3       java.util.List::spliterator (23 bytes)
Event: 1.563 Thread 0x00007375000a0080 nmethod 1636 0x00007374e8cbe590 code [0x00007374e8cbe780, 0x00007374e8cbecf8]
Event: 1.563 Thread 0x00007375000a0080 1637       3       java.util.Spliterators::spliterator (16 bytes)
Event: 1.563 Thread 0x00007375000a0080 nmethod 1637 0x00007374e8cbee90 code [0x00007374e8cbf060, 0x00007374e8cbf468]
Event: 1.563 Thread 0x00007375000a0080 1638       3       java.util.Spliterators$IteratorSpliterator::<init> (39 bytes)
Event: 1.563 Thread 0x00007375000a0080 nmethod 1638 0x00007374e8cbf610 code [0x00007374e8cbf7c0, 0x00007374e8cbfa08]
Event: 1.563 Thread 0x00007375000a0080 1639       3       com.sun.tools.javac.util.ListBuffer$1::next (39 bytes)
Event: 1.563 Thread 0x000073750009e9d0 1640       4       java.util.HashMap::put (13 bytes)
Event: 1.565 Thread 0x00007375000a0080 nmethod 1639 0x00007374e8cbfb10 code [0x00007374e8cbfce0, 0x00007374e8cc0038]
Event: 1.567 Thread 0x00007375000a0080 1644       3       java.util.stream.AbstractPipeline::copyIntoWithCancel (46 bytes)
Event: 1.568 Thread 0x00007375000a0080 nmethod 1644 0x00007374e8cc0190 code [0x00007374e8cc0380, 0x00007374e8cc0878]
Event: 1.568 Thread 0x00007375000a0080 1642       3       com.sun.tools.javac.tree.TreeInfo::getStartPos (789 bytes)
Event: 1.571 Thread 0x00007375000a0080 nmethod 1642 0x00007374e8cc0a10 code [0x00007374e8cc1000, 0x00007374e8cc4718]
Event: 1.571 Thread 0x00007375000a0080 1648       3       java.util.HashMap::putVal (300 bytes)

GC Heap History (18 events):
Event: 0.327 GC heap before
{Heap before GC invocations=0 (full 0):
 garbage-first heap   total 10240K, used 3126K [0x00000000e1600000, 0x0000000100000000)
  region size 1024K, 3 young (3072K), 0 survivors (0K)
 Metaspace       used 3118K, committed 3328K, reserved 1114112K
  class space    used 388K, committed 512K, reserved 1048576K
}
Event: 0.334 GC heap after
{Heap after GC invocations=1 (full 0):
 garbage-first heap   total 10240K, used 2102K [0x00000000e1600000, 0x0000000100000000)
  region size 1024K, 1 young (1024K), 1 survivors (1024K)
 Metaspace       used 3118K, committed 3328K, reserved 1114112K
  class space    used 388K, committed 512K, reserved 1048576K
}
Event: 0.609 GC heap before
{Heap before GC invocations=1 (full 0):
 garbage-first heap   total 10240K, used 3126K [0x00000000e1600000, 0x0000000100000000)
  region size 1024K, 3 young (3072K), 1 survivors (1024K)
 Metaspace       used 7645K, committed 7808K, reserved 1114112K
  class space    used 859K, committed 896K, reserved 1048576K
}
Event: 0.615 GC heap after
{Heap after GC invocations=2 (full 0):
 garbage-first heap   total 10240K, used 3063K [0x00000000e1600000, 0x0000000100000000)
  region size 1024K, 1 young (1024K), 1 survivors (1024K)
 Metaspace       used 7645K, committed 7808K, reserved 1114112K
  class space    used 859K, committed 896K, reserved 1048576K
}
Event: 0.680 GC heap before
{Heap before GC invocations=2 (full 0):
 garbage-first heap   total 10240K, used 3063K [0x00000000e1600000, 0x0000000100000000)
  region size 1024K, 2 young (2048K), 1 survivors (1024K)
 Metaspace       used 7988K, committed 8192K, reserved 1114112K
  class space    used 894K, committed 1024K, reserved 1048576K
}
Event: 0.686 GC heap after
{Heap after GC invocations=3 (full 0):
 garbage-first heap   total 10240K, used 3358K [0x00000000e1600000, 0x0000000100000000)
  region size 1024K, 1 young (1024K), 1 survivors (1024K)
 Metaspace       used 7988K, committed 8192K, reserved 1114112K
  class space    used 894K, committed 1024K, reserved 1048576K
}
Event: 0.769 GC heap before
{Heap before GC invocations=3 (full 0):
 garbage-first heap   total 10240K, used 4382K [0x00000000e1600000, 0x0000000100000000)
  region size 1024K, 2 young (2048K), 1 survivors (1024K)
 Metaspace       used 8189K, committed 8384K, reserved 1114112K
  class space    used 921K, committed 1024K, reserved 1048576K
}
Event: 0.773 GC heap after
{Heap after GC invocations=4 (full 0):
 garbage-first heap   total 10240K, used 3732K [0x00000000e1600000, 0x0000000100000000)
  region size 1024K, 1 young (1024K), 1 survivors (1024K)
 Metaspace       used 8189K, committed 8384K, reserved 1114112K
  class space    used 921K, committed 1024K, reserved 1048576K
}
Event: 0.933 GC heap before
{Heap before GC invocations=5 (full 0):
 garbage-first heap   total 10240K, used 5780K [0x00000000e1600000, 0x0000000100000000)
  region size 1024K, 3 young (3072K), 1 survivors (1024K)
 Metaspace       used 8703K, committed 8960K, reserved 1114112K
  class space    used 981K, committed 1088K, reserved 1048576K
}
Event: 0.941 GC heap after
{Heap after GC invocations=6 (full 0):
 garbage-first heap   total 14336K, used 4567K [0x00000000e1600000, 0x0000000100000000)
  region size 1024K, 1 young (1024K), 1 survivors (1024K)
 Metaspace       used 8703K, committed 8960K, reserved 1114112K
  class space    used 981K, committed 1088K, reserved 1048576K
}
Event: 1.030 GC heap before
{Heap before GC invocations=6 (full 0):
 garbage-first heap   total 14336K, used 7639K [0x00000000e1600000, 0x0000000100000000)
  region size 1024K, 4 young (4096K), 1 survivors (1024K)
 Metaspace       used 8904K, committed 9088K, reserved 1114112K
  class space    used 1002K, committed 1088K, reserved 1048576K
}
Event: 1.041 GC heap after
{Heap after GC invocations=7 (full 0):
 garbage-first heap   total 14336K, used 5180K [0x00000000e1600000, 0x0000000100000000)
  region size 1024K, 1 young (1024K), 1 survivors (1024K)
 Metaspace       used 8904K, committed 9088K, reserved 1114112K
  class space    used 1002K, committed 1088K, reserved 1048576K
}
Event: 1.181 GC heap before
{Heap before GC invocations=7 (full 0):
 garbage-first heap   total 14336K, used 8252K [0x00000000e1600000, 0x0000000100000000)
  region size 1024K, 4 young (4096K), 1 survivors (1024K)
 Metaspace       used 9106K, committed 9280K, reserved 1114112K
  class space    used 1022K, committed 1088K, reserved 1048576K
}
Event: 1.184 GC heap after
{Heap after GC invocations=8 (full 0):
 garbage-first heap   total 14336K, used 5455K [0x00000000e1600000, 0x0000000100000000)
  region size 1024K, 1 young (1024K), 1 survivors (1024K)
 Metaspace       used 9106K, committed 9280K, reserved 1114112K
  class space    used 1022K, committed 1088K, reserved 1048576K
}
Event: 1.217 GC heap before
{Heap before GC invocations=8 (full 0):
 garbage-first heap   total 14336K, used 9551K [0x00000000e1600000, 0x0000000100000000)
  region size 1024K, 5 young (5120K), 1 survivors (1024K)
 Metaspace       used 9109K, committed 9280K, reserved 1114112K
  class space    used 1022K, committed 1088K, reserved 1048576K
}
Event: 1.224 GC heap after
{Heap after GC invocations=9 (full 0):
 garbage-first heap   total 14336K, used 6059K [0x00000000e1600000, 0x0000000100000000)
  region size 1024K, 1 young (1024K), 1 survivors (1024K)
 Metaspace       used 9109K, committed 9280K, reserved 1114112K
  class space    used 1022K, committed 1088K, reserved 1048576K
}
Event: 1.390 GC heap before
{Heap before GC invocations=9 (full 0):
 garbage-first heap   total 14336K, used 10155K [0x00000000e1600000, 0x0000000100000000)
  region size 1024K, 5 young (5120K), 1 survivors (1024K)
 Metaspace       used 9534K, committed 9728K, reserved 1114112K
  class space    used 1086K, committed 1152K, reserved 1048576K
}
Event: 1.398 GC heap after
{Heap after GC invocations=10 (full 0):
 garbage-first heap   total 28672K, used 6702K [0x00000000e1600000, 0x0000000100000000)
  region size 1024K, 1 young (1024K), 1 survivors (1024K)
 Metaspace       used 9534K, committed 9728K, reserved 1114112K
  class space    used 1086K, committed 1152K, reserved 1048576K
}

Dll operation events (6 events):
Event: 0.004 Loaded shared library /usr/lib/jvm/jdk-21.0.8-oracle-x64/lib/libjava.so
Event: 0.051 Loaded shared library /usr/lib/jvm/jdk-21.0.8-oracle-x64/lib/libjsvml.so
Event: 0.112 Loaded shared library /usr/lib/jvm/jdk-21.0.8-oracle-x64/lib/libnio.so
Event: 0.113 Loaded shared library /usr/lib/jvm/jdk-21.0.8-oracle-x64/lib/libjimage.so
Event: 0.258 Loaded shared library /usr/lib/jvm/jdk-21.0.8-oracle-x64/lib/libzip.so
Event: 0.587 Loaded shared library /usr/lib/jvm/jdk-21.0.8-oracle-x64/lib/libnet.so

Deoptimization events (20 events):
Event: 1.533 Thread 0x00007375000285c0 Uncommon trap: trap_request=0xffffffc6 fr.pc=0x00007374f050c67c relative=0x00000000000011dc
Event: 1.533 Thread 0x00007375000285c0 Uncommon trap: reason=bimorphic_or_optimized_type_check action=maybe_recompile pc=0x00007374f050c67c method=java.util.HashMap.putVal(ILjava/lang/Object;Ljava/lang/Object;ZZ)Ljava/lang/Object; @ 56 c2
Event: 1.533 Thread 0x00007375000285c0 DEOPT PACKING pc=0x00007374f050c67c sp=0x0000737507ffe5d0
Event: 1.533 Thread 0x00007375000285c0 DEOPT UNPACKING pc=0x00007374eff8bf93 sp=0x0000737507ffe500 mode 2
Event: 1.552 Thread 0x00007375000285c0 Uncommon trap: trap_request=0xffffffc6 fr.pc=0x00007374f050c8cc relative=0x000000000000142c
Event: 1.552 Thread 0x00007375000285c0 Uncommon trap: reason=bimorphic_or_optimized_type_check action=maybe_recompile pc=0x00007374f050c8cc method=java.util.HashMap.putVal(ILjava/lang/Object;Ljava/lang/Object;ZZ)Ljava/lang/Object; @ 253 c2
Event: 1.552 Thread 0x00007375000285c0 DEOPT PACKING pc=0x00007374f050c8cc sp=0x0000737507ffe540
Event: 1.552 Thread 0x00007375000285c0 DEOPT UNPACKING pc=0x00007374eff8bf93 sp=0x0000737507ffe498 mode 2
Event: 1.559 Thread 0x00007375000285c0 Uncommon trap: trap_request=0xffffffc6 fr.pc=0x00007374f050c8cc relative=0x000000000000142c
Event: 1.559 Thread 0x00007375000285c0 Uncommon trap: reason=bimorphic_or_optimized_type_check action=maybe_recompile pc=0x00007374f050c8cc method=java.util.HashMap.putVal(ILjava/lang/Object;Ljava/lang/Object;ZZ)Ljava/lang/Object; @ 253 c2
Event: 1.559 Thread 0x00007375000285c0 DEOPT PACKING pc=0x00007374f050c8cc sp=0x0000737507ffe520
Event: 1.559 Thread 0x00007375000285c0 DEOPT UNPACKING pc=0x00007374eff8bf93 sp=0x0000737507ffe478 mode 2
Event: 1.561 Thread 0x00007375000285c0 Uncommon trap: trap_request=0xffffffc6 fr.pc=0x00007374f050c8cc relative=0x000000000000142c
Event: 1.561 Thread 0x00007375000285c0 Uncommon trap: reason=bimorphic_or_optimized_type_check action=maybe_recompile pc=0x00007374f050c8cc method=java.util.HashMap.putVal(ILjava/lang/Object;Ljava/lang/Object;ZZ)Ljava/lang/Object; @ 253 c2
Event: 1.561 Thread 0x00007375000285c0 DEOPT PACKING pc=0x00007374f050c8cc sp=0x0000737507ffe520
Event: 1.561 Thread 0x00007375000285c0 DEOPT UNPACKING pc=0x00007374eff8bf93 sp=0x0000737507ffe478 mode 2
Event: 1.561 Thread 0x00007375000285c0 Uncommon trap: trap_request=0xffffffc6 fr.pc=0x00007374f050f758 relative=0x00000000000015b8
Event: 1.561 Thread 0x00007375000285c0 Uncommon trap: reason=bimorphic_or_optimized_type_check action=maybe_recompile pc=0x00007374f050f758 method=java.util.HashMap.putVal(ILjava/lang/Object;Ljava/lang/Object;ZZ)Ljava/lang/Object; @ 253 c2
Event: 1.561 Thread 0x00007375000285c0 DEOPT PACKING pc=0x00007374f050f758 sp=0x0000737507ffe4a0
Event: 1.561 Thread 0x00007375000285c0 DEOPT UNPACKING pc=0x00007374eff8bf93 sp=0x0000737507ffe480 mode 2

Classes loaded (20 events):
Event: 0.948 Loading class sun/nio/fs/UnixDirectoryStream$UnixDirectoryIterator
Event: 0.948 Loading class sun/nio/fs/UnixDirectoryStream$UnixDirectoryIterator done
Event: 0.948 Loading class java/nio/file/Files$2
Event: 0.948 Loading class java/nio/file/Files$2 done
Event: 0.949 Loading class java/util/ImmutableCollections$Access
Event: 0.949 Loading class java/util/ImmutableCollections$Access done
Event: 0.949 Loading class java/util/ImmutableCollections$Access$1
Event: 0.949 Loading class jdk/internal/access/JavaUtilCollectionAccess
Event: 0.949 Loading class jdk/internal/access/JavaUtilCollectionAccess done
Event: 0.949 Loading class java/util/ImmutableCollections$Access$1 done
Event: 0.952 Loading class java/util/stream/Nodes$SpinedNodeBuilder
Event: 0.952 Loading class java/util/stream/Nodes$SpinedNodeBuilder done
Event: 0.953 Loading class sun/nio/fs/UnixException
Event: 0.953 Loading class sun/nio/fs/UnixException done
Event: 0.956 Loading class java/nio/file/FileTreeWalker$1
Event: 0.956 Loading class java/nio/file/FileTreeWalker$1 done
Event: 1.088 Loading class java/lang/invoke/MethodHandle$1
Event: 1.088 Loading class java/lang/invoke/MethodHandle$1 done
Event: 1.272 Loading class java/util/LinkedList$Node
Event: 1.272 Loading class java/util/LinkedList$Node done

Classes unloaded (0 events):
No events

Classes redefined (0 events):
No events

Internal exceptions (17 events):
Event: 0.157 Thread 0x00007375000285c0 Implicit null exception at 0x00007374f04d2ae3 to 0x00007374f04d2bd0
Event: 0.200 Thread 0x00007375000285c0 Exception <a 'java/lang/NoSuchMethodError'{0x00000000e1caa868}: 'void java.lang.invoke.DirectMethodHandle$Holder.invokeSpecial(java.lang.Object, java.lang.Object, java.lang.Object)'> (0x00000000e1caa868) 
thrown [open/src/hotspot/share/interpreter/linkResolver.cpp, line 772]
Event: 0.235 Thread 0x00007375000285c0 Exception <a 'java/lang/NoSuchMethodError'{0x00000000e1cf4950}: 'java.lang.Object java.lang.invoke.DirectMethodHandle$Holder.invokeVirtual(java.lang.Object, java.lang.Object, java.lang.Object)'> (0x00000000e1cf4950) 
thrown [open/src/hotspot/share/interpreter/linkResolver.cpp, line 772]
Event: 0.237 Thread 0x00007375000285c0 Exception <a 'java/lang/NoSuchMethodError'{0x00000000e1cfdca0}: 'int java.lang.invoke.DirectMethodHandle$Holder.invokeInterface(java.lang.Object, java.lang.Object)'> (0x00000000e1cfdca0) 
thrown [open/src/hotspot/share/interpreter/linkResolver.cpp, line 772]
Event: 0.263 Thread 0x00007375000285c0 Exception <a 'java/lang/NoSuchMethodError'{0x00000000e1b43148}: 'int java.lang.invoke.DirectMethodHandle$Holder.invokeVirtual(java.lang.Object, java.lang.Object, java.lang.Object)'> (0x00000000e1b43148) 
thrown [open/src/hotspot/share/interpreter/linkResolver.cpp, line 772]
Event: 0.264 Thread 0x00007375000285c0 Exception <a 'java/lang/NoSuchMethodError'{0x00000000e1b48dd8}: 'void java.lang.invoke.DirectMethodHandle$Holder.invokeInterface(java.lang.Object, java.lang.Object, java.lang.Object)'> (0x00000000e1b48dd8) 
thrown [open/src/hotspot/share/interpreter/linkResolver.cpp, line 772]
Event: 0.421 Thread 0x00007375000285c0 Exception <a 'java/lang/NoSuchMethodError'{0x00000000e1d737e0}: 'int java.lang.invoke.DirectMethodHandle$Holder.invokeStaticInit(java.lang.Object, java.lang.Object)'> (0x00000000e1d737e0) 
thrown [open/src/hotspot/share/interpreter/linkResolver.cpp, line 772]
Event: 0.521 Thread 0x00007375000285c0 Exception <a 'java/lang/NoSuchMethodError'{0x00000000e1c2ce38}: 'int java.lang.invoke.DirectMethodHandle$Holder.invokeVirtual(java.lang.Object, java.lang.Object)'> (0x00000000e1c2ce38) 
thrown [open/src/hotspot/share/interpreter/linkResolver.cpp, line 772]
Event: 0.530 Thread 0x00007375000285c0 Exception <a 'java/lang/NoSuchMethodError'{0x00000000e1c4eef8}: 'java.lang.Object java.lang.invoke.DirectMethodHandle$Holder.newInvokeSpecial(java.lang.Object, java.lang.Object, java.lang.Object, java.lang.Object, java.lang.Object)'> (0x00000000e1c4eef8) 
thrown [open/src/hotspot/share/interpreter/linkResolver.cpp, line 772]
Event: 0.536 Thread 0x00007375000285c0 Exception <a 'java/lang/NoSuchMethodError'{0x00000000e1c5c3e8}: 'java.lang.Object java.lang.invoke.DirectMethodHandle$Holder.newInvokeSpecial(java.lang.Object, java.lang.Object, java.lang.Object, java.lang.Object, java.lang.Object, java.lang.Object)'> (0x00000000e1c5c3e8) 
thrown [open/src/hotspot/share/interpreter/linkResolver.cpp, line 772]
Event: 0.689 Thread 0x00007375000285c0 Exception <a 'java/lang/NoSuchMethodError'{0x00000000e1d060c0}: 'java.lang.Object java.lang.invoke.DirectMethodHandle$Holder.invokeSpecial(java.lang.Object, java.lang.Object, java.lang.Object, int, int)'> (0x00000000e1d060c0) 
thrown [open/src/hotspot/share/interpreter/linkResolver.cpp, line 772]
Event: 0.691 Thread 0x00007375000285c0 Exception <a 'java/lang/NoSuchMethodError'{0x00000000e1d0d720}: 'java.lang.Object java.lang.invoke.DirectMethodHandle$Holder.invokeVirtual(java.lang.Object, java.lang.Object, int)'> (0x00000000e1d0d720) 
thrown [open/src/hotspot/share/interpreter/linkResolver.cpp, line 772]
Event: 0.945 Thread 0x00007375000285c0 Exception <a 'java/lang/NoSuchMethodError'{0x00000000e2102680}: 'void java.lang.invoke.DirectMethodHandle$Holder.invokeStatic(java.lang.Object, java.lang.Object)'> (0x00000000e2102680) 
thrown [open/src/hotspot/share/interpreter/linkResolver.cpp, line 772]
Event: 1.089 Thread 0x00007375000285c0 Exception <a 'java/lang/NoSuchMethodError'{0x00000000fffaeed0}: 'int java.lang.invoke.DirectMethodHandle$Holder.invokeSpecial(java.lang.Object, java.lang.Object, java.lang.Object)'> (0x00000000fffaeed0) 
thrown [open/src/hotspot/share/interpreter/linkResolver.cpp, line 772]
Event: 1.124 Thread 0x00007375000285c0 Exception <a 'java/lang/NoSuchMethodError'{0x00000000e21258f0}: 'java.lang.Object java.lang.invoke.DirectMethodHandle$Holder.invokeVirtual(java.lang.Object, java.lang.Object, java.lang.Object, int, int)'> (0x00000000e21258f0) 
thrown [open/src/hotspot/share/interpreter/linkResolver.cpp, line 772]
Event: 1.290 Thread 0x00007375000285c0 Exception <a 'java/lang/NoSuchMethodError'{0x00000000e20bcf90}: 'java.lang.Object java.lang.invoke.DirectMethodHandle$Holder.invokeInterface(java.lang.Object, java.lang.Object)'> (0x00000000e20bcf90) 
thrown [open/src/hotspot/share/interpreter/linkResolver.cpp, line 772]
Event: 1.413 Thread 0x00007375000285c0 Exception <a 'java/lang/NoSuchMethodError'{0x00000000fff4f988}: 'int java.lang.invoke.DirectMethodHandle$Holder.invokeStatic(java.lang.Object, java.lang.Object, java.lang.Object, java.lang.Object)'> (0x00000000fff4f988) 
thrown [open/src/hotspot/share/interpreter/linkResolver.cpp, line 772]

ZGC Phase Switch (0 events):
No events

VM Operations (20 events):
Event: 0.680 Executing VM operation: G1CollectForAllocation (G1 Evacuation Pause)
Event: 0.687 Executing VM operation: G1CollectForAllocation (G1 Evacuation Pause) done
Event: 0.769 Executing VM operation: G1CollectForAllocation (G1 Evacuation Pause)
Event: 0.773 Executing VM operation: G1CollectForAllocation (G1 Evacuation Pause) done
Event: 0.802 Executing VM operation: G1PauseRemark
Event: 0.804 Executing VM operation: G1PauseRemark done
Event: 0.807 Executing VM operation: G1PauseCleanup
Event: 0.808 Executing VM operation: G1PauseCleanup done
Event: 0.933 Executing VM operation: G1CollectForAllocation (G1 Evacuation Pause)
Event: 0.942 Executing VM operation: G1CollectForAllocation (G1 Evacuation Pause) done
Event: 1.029 Executing VM operation: G1CollectForAllocation (G1 Evacuation Pause)
Event: 1.041 Executing VM operation: G1CollectForAllocation (G1 Evacuation Pause) done
Event: 1.181 Executing VM operation: G1CollectForAllocation (G1 Evacuation Pause)
Event: 1.185 Executing VM operation: G1CollectForAllocation (G1 Evacuation Pause) done
Event: 1.217 Executing VM operation: G1CollectForAllocation (G1 Evacuation Pause)
Event: 1.224 Executing VM operation: G1CollectForAllocation (G1 Evacuation Pause) done
Event: 1.390 Executing VM operation: G1CollectForAllocation (G1 Evacuation Pause)
Event: 1.400 Executing VM operation: G1CollectForAllocation (G1 Evacuation Pause) done
Event: 1.520 Executing VM operation: ICBufferFull
Event: 1.521 Executing VM operation: ICBufferFull done

Events (20 events):
Event: 0.004 Protecting memory [0x0000737507f00000,0x0000737507f04000] with protection modes 0
Event: 0.036 Thread 0x00007375000285c0 Thread added: 0x00007375000285c0
Event: 0.049 Thread 0x0000737500097600 Thread added: 0x0000737500097600
Event: 0.049 Protecting memory [0x00007375045fb000,0x00007375045ff000] with protection modes 0
Event: 0.049 Thread 0x0000737500098b60 Thread added: 0x0000737500098b60
Event: 0.050 Protecting memory [0x00007375044fb000,0x00007375044ff000] with protection modes 0
Event: 0.050 Thread 0x000073750009a2e0 Thread added: 0x000073750009a2e0
Event: 0.050 Protecting memory [0x00007375043fb000,0x00007375043ff000] with protection modes 0
Event: 0.050 Thread 0x000073750009b910 Thread added: 0x000073750009b910
Event: 0.050 Protecting memory [0x00007375042fb000,0x00007375042ff000] with protection modes 0
Event: 0.050 Thread 0x000073750009cea0 Thread added: 0x000073750009cea0
Event: 0.050 Protecting memory [0x00007375041fb000,0x00007375041ff000] with protection modes 0
Event: 0.050 Thread 0x000073750009e9d0 Thread added: 0x000073750009e9d0
Event: 0.050 Protecting memory [0x00007375040fb000,0x00007375040ff000] with protection modes 0
Event: 0.050 Thread 0x00007375000a0080 Thread added: 0x00007375000a0080
Event: 0.051 Protecting memory [0x00007374e8900000,0x00007374e8904000] with protection modes 0
Event: 0.079 Thread 0x00007375000d05b0 Thread added: 0x00007375000d05b0
Event: 0.079 Protecting memory [0x00007374e8800000,0x00007374e8804000] with protection modes 0
Event: 0.109 Thread 0x000073750010b9e0 Thread added: 0x000073750010b9e0
Event: 0.109 Protecting memory [0x00007374e8700000,0x00007374e8704000] with protection modes 0


Dynamic libraries:
e1600000-e3000000 rw-p 00000000 00:00 0 
e3000000-ffe00000 ---p 00000000 00:00 0 
ffe00000-fff0e000 rw-p 00ceb000 08:03 5680422                            /usr/lib/jvm/jdk-21.0.8-oracle-x64/lib/server/classes.jsa
fff0e000-100000000 rw-p 00000000 00:00 0 
6430c5349000-6430c534a000 r-xp 00000000 08:03 5680132                    /usr/lib/jvm/jdk-21.0.8-oracle-x64/bin/javac
6430c534b000-6430c534c000 r--p 00001000 08:03 5680132                    /usr/lib/jvm/jdk-21.0.8-oracle-x64/bin/javac
6430c534c000-6430c534d000 rw-p 00002000 08:03 5680132                    /usr/lib/jvm/jdk-21.0.8-oracle-x64/bin/javac
6430d697a000-6430d69c0000 rw-p 00000000 00:00 0                          [heap]
737450000000-737450319000 rw-p 00000000 00:00 0 
737450319000-737454000000 ---p 00000000 00:00 0 
737454000000-737454384000 rw-p 00000000 00:00 0 
737454384000-737458000000 ---p 00000000 00:00 0 
73745c000000-73745c021000 rw-p 00000000 00:00 0 
73745c021000-737460000000 ---p 00000000 00:00 0 
737460000000-737460021000 rw-p 00000000 00:00 0 
737460021000-737464000000 ---p 00000000 00:00 0 
737468000000-737468021000 rw-p 00000000 00:00 0 
737468021000-73746c000000 ---p 00000000 00:00 0 
73746c000000-73746c021000 rw-p 00000000 00:00 0 
73746c021000-737470000000 ---p 00000000 00:00 0 
737474000000-737474021000 rw-p 00000000 00:00 0 
737474021000-737478000000 ---p 00000000 00:00 0 
737478000000-737478021000 rw-p 00000000 00:00 0 
737478021000-73747c000000 ---p 00000000 00:00 0 
737480000000-737480230000 rw-p 00000000 00:00 0 
737480230000-737480400000 ---p 00000000 00:00 0 
737480400000-737480b10000 rw-p 00000000 00:00 0 
737480b10000-737484000000 ---p 00000000 00:00 0 
737484000000-737484021000 rw-p 00000000 00:00 0 
737484021000-737488000000 ---p 00000000 00:00 0 
73748b000000-73748bcab000 rw-p 00001000 08:03 5680422                    /usr/lib/jvm/jdk-21.0.8-oracle-x64/lib/server/classes.jsa
73748bcab000-73748c000000 ---p 00000000 00:00 0 
73748c000000-73748c030000 rw-p 00000000 00:00 0 
73748c030000-73748c070000 rw-p 00000000 00:00 0 
73748c070000-73748c150000 rw-p 00000000 00:00 0 
73748c150000-7374cc000000 ---p 00000000 00:00 0 
7374cc000000-7374cc021000 rw-p 00000000 00:00 0 
7374cc021000-7374d0000000 ---p 00000000 00:00 0 
7374d0000000-7374d0021000 rw-p 00000000 00:00 0 
7374d0021000-7374d4000000 ---p 00000000 00:00 0 
7374d8000000-7374d8021000 rw-p 00000000 00:00 0 
7374d8021000-7374dc000000 ---p 00000000 00:00 0 
7374dc000000-7374dc021000 rw-p 00000000 00:00 0 
7374dc021000-7374e0000000 ---p 00000000 00:00 0 
7374e3000000-7374e32be000 rw-p 00000000 00:00 0 
7374e3400000-7374e3ee9000 r--p 00000000 08:03 5648444                    /usr/lib/locale/locale-archive
7374e4000000-7374e4021000 rw-p 00000000 00:00 0 
7374e4021000-7374e8000000 ---p 00000000 00:00 0 
7374e848b000-7374e85ff000 rw-p 00000000 00:00 0 
7374e85ff000-7374e8600000 ---p 00000000 00:00 0 
7374e8600000-7374e8700000 rw-p 00000000 00:00 0 
7374e8700000-7374e8704000 ---p 00000000 00:00 0 
7374e8704000-7374e8800000 rw-p 00000000 00:00 0 
7374e8800000-7374e8804000 ---p 00000000 00:00 0 
7374e8804000-7374e8900000 rw-p 00000000 00:00 0 
7374e8900000-7374e8904000 ---p 00000000 00:00 0 
7374e8904000-7374e8a00000 rw-p 00000000 00:00 0 
7374e8a00000-7374e8d30000 rwxp 00000000 00:00 0 
7374e8d30000-7374eff38000 ---p 00000000 00:00 0 
7374eff38000-7374f01a8000 rwxp 00000000 00:00 0 
7374f01a8000-7374f04c7000 ---p 00000000 00:00 0 
7374f04c7000-7374f0737000 rwxp 00000000 00:00 0 
7374f0737000-7374f7a00000 ---p 00000000 00:00 0 
7374f7a00000-7374fff08000 r--s 00000000 08:03 5680413                    /usr/lib/jvm/jdk-21.0.8-oracle-x64/lib/modules
737500000000-737500551000 rw-p 00000000 00:00 0 
737500551000-737504000000 ---p 00000000 00:00 0 
7375040fb000-7375040ff000 ---p 00000000 00:00 0 
7375040ff000-7375041fb000 rw-p 00000000 00:00 0 
7375041fb000-7375041ff000 ---p 00000000 00:00 0 
7375041ff000-7375042fb000 rw-p 00000000 00:00 0 
7375042fb000-7375042ff000 ---p 00000000 00:00 0 
7375042ff000-7375043fb000 rw-p 00000000 00:00 0 
7375043fb000-7375043ff000 ---p 00000000 00:00 0 
7375043ff000-7375044fb000 rw-p 00000000 00:00 0 
7375044fb000-7375044ff000 ---p 00000000 00:00 0 
7375044ff000-7375045fb000 rw-p 00000000 00:00 0 
7375045fb000-7375045ff000 ---p 00000000 00:00 0 
7375045ff000-7375046fb000 rw-p 00000000 00:00 0 
7375046fb000-7375046fc000 ---p 00000000 00:00 0 
7375046fc000-7375047fc000 rw-p 00000000 00:00 0 
7375047fc000-7375047fd000 ---p 00000000 00:00 0 
7375047fd000-7375048fd000 rw-p 00000000 00:00 0 
7375048fd000-7375048fe000 ---p 00000000 00:00 0 
7375048fe000-7375049fe000 rw-p 00000000 00:00 0 
7375049fe000-7375049ff000 ---p 00000000 00:00 0 
7375049ff000-737504aff000 rw-p 00000000 00:00 0 
737504aff000-737506c00000 rw-p 00000000 00:00 0 
737506c2d000-737506cfb000 r-xp 00000000 08:03 5680396                    /usr/lib/jvm/jdk-21.0.8-oracle-x64/lib/libjsvml.so
737506cfb000-737506cfc000 r--p 000cd000 08:03 5680396                    /usr/lib/jvm/jdk-21.0.8-oracle-x64/lib/libjsvml.so
737506cfc000-737506cfd000 rw-p 000ce000 08:03 5680396                    /usr/lib/jvm/jdk-21.0.8-oracle-x64/lib/libjsvml.so
737506cfd000-737506dfe000 rw-p 00000000 00:00 0 
737506dfe000-737506dff000 ---p 00000000 00:00 0 
737506dff000-737506eff000 rw-p 00000000 00:00 0 
737506eff000-737506f00000 ---p 00000000 00:00 0 
737506f00000-737507000000 rw-p 00000000 00:00 0 
737507000000-737507068000 rw-p 00000000 00:00 0 
737507068000-7375077a0000 ---p 00000000 00:00 0 
7375077a0000-7375077a8000 rw-p 00000000 00:00 0 
7375077bc000-73750783d000 rw-p 00000000 00:00 0 
73750783d000-73750783e000 ---p 00000000 00:00 0 
73750783e000-73750793e000 rw-p 00000000 00:00 0 
73750793e000-73750794b000 rw-p 00000000 00:00 0 
73750794b000-737507a32000 ---p 00000000 00:00 0 
737507a32000-737507a40000 rw-p 00000000 00:00 0 
737507a40000-737507b27000 ---p 00000000 00:00 0 
737507b27000-737507d2f000 rw-p 00000000 00:00 0 
737507d2f000-737507e15000 ---p 00000000 00:00 0 
737507e15000-737507e1c000 rw-p 00000000 00:00 0 
737507e1c000-737507f00000 ---p 00000000 00:00 0 
737507f00000-737507f04000 ---p 00000000 00:00 0 
737507f04000-737508000000 rw-p 00000000 00:00 0 
737508000000-73750931d000 r-xp 00000000 08:03 5680425                    /usr/lib/jvm/jdk-21.0.8-oracle-x64/lib/server/libjvm.so
73750931d000-73750931e000 ---p 0131d000 08:03 5680425                    /usr/lib/jvm/jdk-21.0.8-oracle-x64/lib/server/libjvm.so
73750931e000-7375093ef000 r--p 0131d000 08:03 5680425                    /usr/lib/jvm/jdk-21.0.8-oracle-x64/lib/server/libjvm.so
7375093ef000-73750941d000 rw-p 013ee000 08:03 5680425                    /usr/lib/jvm/jdk-21.0.8-oracle-x64/lib/server/libjvm.so
73750941d000-737509483000 rw-p 00000000 00:00 0 
7375094b2000-7375094b9000 r-xp 00000000 08:03 5680412                    /usr/lib/jvm/jdk-21.0.8-oracle-x64/lib/libzip.so
7375094b9000-7375094ba000 ---p 00007000 08:03 5680412                    /usr/lib/jvm/jdk-21.0.8-oracle-x64/lib/libzip.so
7375094ba000-7375094bb000 r--p 00007000 08:03 5680412                    /usr/lib/jvm/jdk-21.0.8-oracle-x64/lib/libzip.so
7375094bb000-7375094bc000 rw-p 00008000 08:03 5680412                    /usr/lib/jvm/jdk-21.0.8-oracle-x64/lib/libzip.so
7375094bc000-737509517000 rw-p 00000000 00:00 0 
737509517000-737509527000 r--p 00000000 08:03 5650078                    /usr/lib/x86_64-linux-gnu/libm.so.6
737509527000-7375095a6000 r-xp 00010000 08:03 5650078                    /usr/lib/x86_64-linux-gnu/libm.so.6
7375095a6000-7375095fe000 r--p 0008f000 08:03 5650078                    /usr/lib/x86_64-linux-gnu/libm.so.6
7375095fe000-7375095ff000 r--p 000e7000 08:03 5650078                    /usr/lib/x86_64-linux-gnu/libm.so.6
7375095ff000-737509600000 rw-p 000e8000 08:03 5650078                    /usr/lib/x86_64-linux-gnu/libm.so.6
737509600000-737509628000 r--p 00000000 08:03 5649325                    /usr/lib/x86_64-linux-gnu/libc.so.6
737509628000-7375097b0000 r-xp 00028000 08:03 5649325                    /usr/lib/x86_64-linux-gnu/libc.so.6
7375097b0000-7375097ff000 r--p 001b0000 08:03 5649325                    /usr/lib/x86_64-linux-gnu/libc.so.6
7375097ff000-737509803000 r--p 001fe000 08:03 5649325                    /usr/lib/x86_64-linux-gnu/libc.so.6
737509803000-737509805000 rw-p 00202000 08:03 5649325                    /usr/lib/x86_64-linux-gnu/libc.so.6
737509805000-737509812000 rw-p 00000000 00:00 0 
737509814000-73750981f000 r-xp 00000000 08:03 5680403                    /usr/lib/jvm/jdk-21.0.8-oracle-x64/lib/libnet.so
73750981f000-737509820000 ---p 0000b000 08:03 5680403                    /usr/lib/jvm/jdk-21.0.8-oracle-x64/lib/libnet.so
737509820000-737509821000 r--p 0000b000 08:03 5680403                    /usr/lib/jvm/jdk-21.0.8-oracle-x64/lib/libnet.so
737509821000-737509822000 rw-p 0000c000 08:03 5680403                    /usr/lib/jvm/jdk-21.0.8-oracle-x64/lib/libnet.so
737509822000-737509835000 r-xp 00000000 08:03 5680404                    /usr/lib/jvm/jdk-21.0.8-oracle-x64/lib/libnio.so
737509835000-737509836000 ---p 00013000 08:03 5680404                    /usr/lib/jvm/jdk-21.0.8-oracle-x64/lib/libnio.so
737509836000-737509837000 r--p 00013000 08:03 5680404                    /usr/lib/jvm/jdk-21.0.8-oracle-x64/lib/libnio.so
737509837000-737509838000 rw-p 00014000 08:03 5680404                    /usr/lib/jvm/jdk-21.0.8-oracle-x64/lib/libnio.so
737509838000-73750988f000 rw-p 00000000 00:00 0 
73750988f000-737509896000 ---p 00000000 00:00 0 
737509896000-7375098b6000 r-xp 00000000 08:03 5680388                    /usr/lib/jvm/jdk-21.0.8-oracle-x64/lib/libjava.so
7375098b6000-7375098b7000 ---p 00020000 08:03 5680388                    /usr/lib/jvm/jdk-21.0.8-oracle-x64/lib/libjava.so
7375098b7000-7375098b8000 r--p 00020000 08:03 5680388                    /usr/lib/jvm/jdk-21.0.8-oracle-x64/lib/libjava.so
7375098b8000-7375098b9000 rw-p 00021000 08:03 5680388                    /usr/lib/jvm/jdk-21.0.8-oracle-x64/lib/libjava.so
7375098b9000-7375098ba000 rw-p 00000000 00:00 0 
7375098ba000-7375098d8000 r-xp 00000000 08:03 5680392                    /usr/lib/jvm/jdk-21.0.8-oracle-x64/lib/libjimage.so
7375098d8000-7375098da000 r--p 0001d000 08:03 5680392                    /usr/lib/jvm/jdk-21.0.8-oracle-x64/lib/libjimage.so
7375098da000-7375098db000 rw-p 0001f000 08:03 5680392                    /usr/lib/jvm/jdk-21.0.8-oracle-x64/lib/libjimage.so
7375098db000-7375098dc000 r--p 00000000 08:03 5650443                    /usr/lib/x86_64-linux-gnu/librt.so.1
7375098dc000-7375098dd000 r-xp 00001000 08:03 5650443                    /usr/lib/x86_64-linux-gnu/librt.so.1
7375098dd000-7375098de000 r--p 00002000 08:03 5650443                    /usr/lib/x86_64-linux-gnu/librt.so.1
7375098de000-7375098df000 r--p 00002000 08:03 5650443                    /usr/lib/x86_64-linux-gnu/librt.so.1
7375098df000-7375098e0000 rw-p 00003000 08:03 5650443                    /usr/lib/x86_64-linux-gnu/librt.so.1
7375098e0000-7375098e4000 rw-p 00000000 00:00 0 
7375098e4000-7375098e5000 r--p 00000000 08:03 5649500                    /usr/lib/x86_64-linux-gnu/libdl.so.2
7375098e5000-7375098e6000 r-xp 00001000 08:03 5649500                    /usr/lib/x86_64-linux-gnu/libdl.so.2
7375098e6000-7375098e7000 r--p 00002000 08:03 5649500                    /usr/lib/x86_64-linux-gnu/libdl.so.2
7375098e7000-7375098e8000 r--p 00002000 08:03 5649500                    /usr/lib/x86_64-linux-gnu/libdl.so.2
7375098e8000-7375098e9000 rw-p 00003000 08:03 5649500                    /usr/lib/x86_64-linux-gnu/libdl.so.2
7375098e9000-7375098ea000 r--p 00000000 08:03 5650375                    /usr/lib/x86_64-linux-gnu/libpthread.so.0
7375098ea000-7375098eb000 r-xp 00001000 08:03 5650375                    /usr/lib/x86_64-linux-gnu/libpthread.so.0
7375098eb000-7375098ec000 r--p 00002000 08:03 5650375                    /usr/lib/x86_64-linux-gnu/libpthread.so.0
7375098ec000-7375098ed000 r--p 00002000 08:03 5650375                    /usr/lib/x86_64-linux-gnu/libpthread.so.0
7375098ed000-7375098ee000 rw-p 00003000 08:03 5650375                    /usr/lib/x86_64-linux-gnu/libpthread.so.0
7375098ee000-7375098fc000 r-xp 00000000 08:03 5680393                    /usr/lib/jvm/jdk-21.0.8-oracle-x64/lib/libjli.so
7375098fc000-7375098fd000 ---p 0000e000 08:03 5680393                    /usr/lib/jvm/jdk-21.0.8-oracle-x64/lib/libjli.so
7375098fd000-7375098fe000 r--p 0000e000 08:03 5680393                    /usr/lib/jvm/jdk-21.0.8-oracle-x64/lib/libjli.so
7375098fe000-7375098ff000 rw-p 0000f000 08:03 5680393                    /usr/lib/jvm/jdk-21.0.8-oracle-x64/lib/libjli.so
7375098ff000-737509901000 r--p 00000000 08:03 5650898                    /usr/lib/x86_64-linux-gnu/libz.so.1.3
737509901000-737509913000 r-xp 00002000 08:03 5650898                    /usr/lib/x86_64-linux-gnu/libz.so.1.3
737509913000-737509919000 r--p 00014000 08:03 5650898                    /usr/lib/x86_64-linux-gnu/libz.so.1.3
737509919000-73750991a000 r--p 0001a000 08:03 5650898                    /usr/lib/x86_64-linux-gnu/libz.so.1.3
73750991a000-73750991b000 rw-p 0001b000 08:03 5650898                    /usr/lib/x86_64-linux-gnu/libz.so.1.3
73750991c000-737509923000 r--s 00000000 08:03 5787523                    /usr/lib/x86_64-linux-gnu/gconv/gconv-modules.cache
737509923000-73750992b000 rw-s 00000000 08:03 1838424                    /tmp/hsperfdata_johncarlo/2340
73750992b000-73750992c000 ---p 00000000 00:00 0 
73750992c000-73750992d000 r--p 00000000 00:00 0 
73750992d000-73750992e000 ---p 00000000 00:00 0 
73750992e000-737509930000 rw-p 00000000 00:00 0 
737509930000-737509931000 r--p 00000000 08:03 5648895                    /usr/lib/x86_64-linux-gnu/ld-linux-x86-64.so.2
737509931000-73750995c000 r-xp 00001000 08:03 5648895                    /usr/lib/x86_64-linux-gnu/ld-linux-x86-64.so.2
73750995c000-737509966000 r--p 0002c000 08:03 5648895                    /usr/lib/x86_64-linux-gnu/ld-linux-x86-64.so.2
737509966000-737509968000 r--p 00036000 08:03 5648895                    /usr/lib/x86_64-linux-gnu/ld-linux-x86-64.so.2
737509968000-73750996a000 rw-p 00038000 08:03 5648895                    /usr/lib/x86_64-linux-gnu/ld-linux-x86-64.so.2
7fffb3031000-7fffb3052000 rw-p 00000000 00:00 0                          [stack]
7fffb3181000-7fffb3185000 r--p 00000000 00:00 0                          [vvar]
7fffb3185000-7fffb3187000 r-xp 00000000 00:00 0                          [vdso]
ffffffffff600000-ffffffffff601000 --xp 00000000 00:00 0                  [vsyscall]
Total number of mappings: 190


VM Arguments:
jvm_args: -Dapplication.home=/usr/lib/jvm/jdk-21.0.8-oracle-x64 --add-modules=ALL-DEFAULT -Xms8m -Djdk.module.main=jdk.compiler 
java_command: jdk.compiler/com.sun.tools.javac.Main -cp .:/home/johncarlo/jdbc/sql_driver/mysql-connector-j-9.6.0.jar studentsDAO.java
java_class_path (initial): <not set>
Launcher Type: SUN_STANDARD

[Global flags]
     intx CICompilerCount                          = 2                                         {product} {ergonomic}
     uint ConcGCThreads                            = 1                                         {product} {ergonomic}
     uint G1ConcRefinementThreads                  = 2                                         {product} {ergonomic}
   size_t G1HeapRegionSize                         = 1048576                                   {product} {ergonomic}
    uintx GCDrainStackTargetSize                   = 64                                        {product} {ergonomic}
   size_t InitialHeapSize                          = 8388608                                   {product} {command line}
   size_t MarkStackSize                            = 4194304                                   {product} {ergonomic}
   size_t MaxHeapSize                              = 513802240                                 {product} {ergonomic}
   size_t MaxNewSize                               = 308281344                                 {product} {ergonomic}
   size_t MinHeapDeltaBytes                        = 1048576                                   {product} {ergonomic}
   size_t MinHeapSize                              = 8388608                                   {product} {command line}
    uintx NonNMethodCodeHeapSize                   = 5826188                                {pd product} {ergonomic}
    uintx NonProfiledCodeHeapSize                  = 122916026                              {pd product} {ergonomic}
    uintx ProfiledCodeHeapSize                     = 122916026                              {pd product} {ergonomic}
    uintx ReservedCodeCacheSize                    = 251658240                              {pd product} {ergonomic}
     bool SegmentedCodeCache                       = true                                      {product} {ergonomic}
   size_t SoftMaxHeapSize                          = 513802240                              {manageable} {ergonomic}
     bool UseCompressedOops                        = true                           {product lp64_product} {ergonomic}
     bool UseG1GC                                  = true                                      {product} {ergonomic}

Logging:
Log output configuration:
 #0: stdout all=warning uptime,level,tags foldmultilines=false
 #1: stderr all=off uptime,level,tags foldmultilines=false

Environment Variables:
PATH=/usr/local/sbin:/usr/local/bin:/usr/sbin:/usr/bin:/sbin:/bin:/usr/games:/usr/local/games:/snap/bin
SHELL=/bin/bash
DISPLAY=:0.0
LANG=en_PH.UTF-8

Active Locale:
LC_ALL=en_PH.UTF-8
LC_COLLATE=en_PH.UTF-8
LC_CTYPE=en_PH.UTF-8
LC_MESSAGES=en_PH.UTF-8
LC_MONETARY=en_PH.UTF-8
LC_NUMERIC=en_PH.UTF-8
LC_TIME=en_PH.UTF-8

Signal Handlers:
   SIGSEGV: crash_handler in libjvm.so, mask=11100100010111111101111111111110, flags=SA_RESTART|SA_SIGINFO, unblocked
    SIGBUS: crash_handler in libjvm.so, mask=11100100010111111101111111111110, flags=SA_RESTART|SA_SIGINFO, unblocked
    SIGFPE: crash_handler in libjvm.so, mask=11100100010111111101111111111110, flags=SA_RESTART|SA_SIGINFO, unblocked
   SIGPIPE: javaSignalHandler in libjvm.so, mask=11100100010111111101111111111110, flags=SA_RESTART|SA_SIGINFO, blocked
   SIGXFSZ: javaSignalHandler in libjvm.so, mask=11100100010111111101111111111110, flags=SA_RESTART|SA_SIGINFO, blocked
    SIGILL: crash_handler in libjvm.so, mask=11100100010111111101111111111110, flags=SA_RESTART|SA_SIGINFO, unblocked
   SIGUSR2: SR_handler in libjvm.so, mask=00000000000000000000000000000000, flags=SA_RESTART|SA_SIGINFO, blocked
    SIGHUP: UserHandler in libjvm.so, mask=11100100010111111101111111111110, flags=SA_RESTART|SA_SIGINFO, blocked
    SIGINT: UserHandler in libjvm.so, mask=11100100010111111101111111111110, flags=SA_RESTART|SA_SIGINFO, blocked
   SIGTERM: UserHandler in libjvm.so, mask=11100100010111111101111111111110, flags=SA_RESTART|SA_SIGINFO, blocked
   SIGQUIT: UserHandler in libjvm.so, mask=11100100010111111101111111111110, flags=SA_RESTART|SA_SIGINFO, blocked
   SIGTRAP: crash_handler in libjvm.so, mask=11100100010111111101111111111110, flags=SA_RESTART|SA_SIGINFO, unblocked


Periodic native trim disabled

---------------  S Y S T E M  ---------------

OS:
DISTRIB_ID=LinuxMint
DISTRIB_RELEASE=22.1
DISTRIB_CODENAME=xia
DISTRIB_DESCRIPTION="Linux Mint 22.1 Xia"
uname: Linux 6.8.0-51-generic #52-Ubuntu SMP PREEMPT_DYNAMIC Thu Dec  5 13:09:44 UTC 2024 x86_64
OS uptime: 0 days 0:10 hours
libc: glibc 2.39 NPTL 2.39 
rlimit (soft/hard): STACK 8192k/infinity , CORE 0k/infinity , NPROC 7524/7524 , NOFILE 1048576/1048576 , AS infinity/infinity , CPU infinity/infinity , DATA infinity/infinity , FSIZE infinity/infinity , MEMLOCK 250596k/250596k
load average: 0.19 1.22 1.12

/proc/meminfo:
MemTotal:        2004776 kB
MemFree:          156152 kB
MemAvailable:     775448 kB
Buffers:           12404 kB
Cached:           819388 kB
SwapCached:         6884 kB
Active:           371764 kB
Inactive:        1205152 kB
Active(anon):     173724 kB
Inactive(anon):   669496 kB
Active(file):     198040 kB
Inactive(file):   535656 kB
Unevictable:       94068 kB
Mlocked:             112 kB
SwapTotal:       4001788 kB
SwapFree:        3946936 kB
Zswap:                 0 kB
Zswapped:              0 kB
Dirty:                64 kB
Writeback:             0 kB
AnonPages:        834680 kB
Mapped:           261332 kB
Shmem:             98052 kB
KReclaimable:      34148 kB
Slab:             110884 kB
SReclaimable:      34148 kB
SUnreclaim:        76736 kB
KernelStack:        7536 kB
PageTables:        16520 kB
SecPageTables:         0 kB
NFS_Unstable:          0 kB
Bounce:                0 kB
WritebackTmp:          0 kB
CommitLimit:     5004176 kB
Committed_AS:    4028584 kB
VmallocTotal:   34359738367 kB
VmallocUsed:       26412 kB
VmallocChunk:          0 kB
Percpu:             2528 kB
HardwareCorrupted:     0 kB
AnonHugePages:         0 kB
ShmemHugePages:        0 kB
ShmemPmdMapped:        0 kB
FileHugePages:         0 kB
FilePmdMapped:         0 kB
Unaccepted:            0 kB
HugePages_Total:       0
HugePages_Free:        0
HugePages_Rsvd:        0
HugePages_Surp:        0
Hugepagesize:       2048 kB
Hugetlb:               0 kB
DirectMap4k:      113216 kB
DirectMap2M:     1974272 kB

/sys/kernel/mm/transparent_hugepage/enabled: always [madvise] never
/sys/kernel/mm/transparent_hugepage/defrag (defrag/compaction efforts parameter): always defer defer+madvise [madvise] never

Process Memory:
Virtual Size: 3107392K (peak: 3107392K)
Resident Set Size: 96508K (peak: 96508K) (anon: 63112K, file: 33396K, shmem: 0K)
Swapped out: 0K
C-Heap outstanding allocations: 20817K, retained: 2474K
glibc malloc tunables: (default)

/proc/sys/kernel/threads-max (system-wide limit on the number of threads): 15049
/proc/sys/vm/max_map_count (maximum number of memory map areas a process may have): 1048576
/proc/sys/kernel/pid_max (system-wide limit on number of process identifiers): 4194304

container (cgroup) information:
container_type: cgroupv2
cpu_cpuset_cpus: not supported
cpu_memory_nodes: not supported
active_processor_count: 2
cpu_quota: no quota
cpu_period: 100000
cpu_shares: no shares
memory_limit_in_bytes: unlimited
memory_and_swap_limit_in_bytes: unlimited
memory_soft_limit_in_bytes: 0
memory_usage_in_bytes: 858340 k
memory_max_usage_in_bytes: not supported
memory_swap_current_in_bytes: 4 k
memory_swap_max_limit_in_bytes: unlimited
maximum number of tasks: unlimited
current number of tasks: 137

Steal ticks since vm start: 0
Steal ticks percentage since vm start:  0.000

CPU: total 4 (initial active 2) (2 cores per cpu, 1 threads per core) family 6 model 23 stepping 10 microcode 0xa0b, cx8, cmov, fxsr, mmx, sse, sse2, sse3, ssse3, sse4.1, tsc, clflush
CPU Model and flags from /proc/cpuinfo:
model name	: Intel(R) Core(TM)2 Duo CPU     E7500  @ 2.93GHz
flags		: fpu vme de pse tsc msr pae mce cx8 apic sep mtrr pge mca cmov pat pse36 clflush dts acpi mmx fxsr sse sse2 ht tm pbe syscall nx lm constant_tsc arch_perfmon pebs bts rep_good nopl cpuid aperfmperf pni dtes64 monitor ds_cpl vmx est tm2 ssse3 cx16 xtpr pdcm sse4_1 xsave lahf_lm pti tpr_shadow flexpriority vpid dtherm vnmi

Online cpus: 0-1
Offline cpus: 2-3
BIOS frequency limitation: 2926000
Frequency switch latency (ns): 10000
Available cpu frequencies: 2926000 2128000 1596000 
Current governor: schedutil
Core performance/turbo boost: <Not Available>

Memory: 4k page, physical 2004776k(775448k free), swap 4001788k(3946936k free)
Page Sizes: 4k

vm_info: Java HotSpot(TM) 64-Bit Server VM (21.0.8+12-LTS-250) for linux-amd64 JRE (21.0.8+12-LTS-250), built on 2025-06-27T08:11:22Z by "mach5one" with gcc 13.2.0

END.
